Archive member included to satisfy reference by file (symbol)

contiki-native.a(rpl-dag.o)   server.co (rpl_set_prefix)
contiki-native.a(rpl-icmp6.o)
                              contiki-native.a(rpl-dag.o) (dao_output)
contiki-native.a(rpl-timers.o)
                              contiki-native.a(rpl-dag.o) (rpl_reset_dio_timer)
contiki-native.a(rpl-of-etx.o)
                              contiki-native.a(rpl-dag.o) (rpl_of_etx)
contiki-native.a(memb.o)      contiki-native.a(rpl-dag.o) (memb_alloc)
contiki-native.a(list.o)      contiki-native.a(rpl-dag.o) (list_init)
contiki-native.a(etimer.o)    obj_native/ping6.o (etimer_set)
contiki-native.a(ctimer.o)    contiki-native.a(rpl-timers.o) (ctimer_set)
contiki-native.a(stimer.o)    contiki-native.a(rpl-icmp6.o) (stimer_set)
contiki-native.a(random.o)    contiki-native.a(rpl-timers.o) (random_rand)
contiki-native.a(uip-debug.o)
                              server.co (uip_debug_ipaddr_print)
contiki-native.a(packetbuf.o)
                              contiki-native.a(rpl-icmp6.o) (packetbuf_addr)
contiki-native.a(uip6.o)      server.co (uip_ext_len)
contiki-native.a(tcpip.o)     server.co (udp_new)
contiki-native.a(uip-udp-packet.)
                              server.co (uip_udp_packet_send)
contiki-native.a(uip-icmp6.o)
                              contiki-native.a(uip6.o) (uip_icmp6_echo_request_input)
contiki-native.a(uip-nd6.o)   contiki-native.a(uip6.o) (uip_nd6_ns_input)
contiki-native.a(uip-packetqueue)
                              contiki-native.a(tcpip.o) (uip_packetqueue_alloc)
contiki-native.a(uip-ds6.o)   contiki-native.a(rpl-icmp6.o) (uip_ds6_nbr_add)
contiki-native.a(uip-ds6-route.o)
                              contiki-native.a(uip-ds6.o) (uip_ds6_route_init)
contiki-native.a(contiki-main.o)
                              /usr/lib/gcc/x86_64-linux-gnu/7/../../../x86_64-linux-gnu/Scrt1.o (main)
contiki-native.a(clock.o)     contiki-native.a(etimer.o) (clock_time)
contiki-native.a(leds.o)      server.co (leds_on)
contiki-native.a(leds-arch.o)
                              contiki-native.a(leds.o) (leds_arch_init)
contiki-native.a(button-sensor.o)
                              contiki-native.a(contiki-main.o) (button_sensor)
contiki-native.a(pir-sensor.o)
                              contiki-native.a(contiki-main.o) (pir_sensor)
contiki-native.a(vib-sensor.o)
                              contiki-native.a(contiki-main.o) (vib_sensor)
contiki-native.a(sensors.o)   contiki-native.a(button-sensor.o) (sensors_changed)
contiki-native.a(rimeaddr.o)  contiki-native.a(packetbuf.o) (rimeaddr_copy)
contiki-native.a(nullmac.o)   contiki-native.a(contiki-main.o) (nullmac_driver)
contiki-native.a(nullrdc.o)   contiki-native.a(contiki-main.o) (nullrdc_driver)
contiki-native.a(mac.o)       contiki-native.a(nullrdc.o) (mac_call_sent_callback)
contiki-native.a(framer-802154.o)
                              contiki-native.a(nullrdc.o) (framer_802154)
contiki-native.a(rpl.o)       contiki-native.a(rpl-timers.o) (rpl_purge_routes)
contiki-native.a(rpl-ext-header.)
                              contiki-native.a(uip6.o) (rpl_verify_header)
contiki-native.a(process.o)   contiki-native.a(etimer.o) (process_current)
contiki-native.a(autostart.o)
                              contiki-native.a(contiki-main.o) (autostart_start)
contiki-native.a(serial-line.o)
                              contiki-native.a(contiki-main.o) (serial_line_input_byte)
contiki-native.a(timer.o)     contiki-native.a(etimer.o) (timer_set)
contiki-native.a(ringbuf.o)   contiki-native.a(serial-line.o) (ringbuf_init)
contiki-native.a(netstack.o)  contiki-native.a(contiki-main.o) (netstack_init)
contiki-native.a(queuebuf.o)  contiki-native.a(contiki-main.o) (queuebuf_init)
contiki-native.a(sicslowpan.o)
                              contiki-native.a(contiki-main.o) (sicslowpan_driver)
contiki-native.a(neighbor-info.o)
                              contiki-native.a(sicslowpan.o) (neighbor_info_packet_sent)
contiki-native.a(nullradio.o)
                              contiki-native.a(nullrdc.o) (nullradio_driver)
contiki-native.a(watchdog.o)  contiki-native.a(sicslowpan.o) (watchdog_periodic)
contiki-native.a(frame802154.o)
                              contiki-native.a(framer-802154.o) (frame802154_hdrlen)
contiki-native.a(neighbor-attr.o)
                              contiki-native.a(neighbor-info.o) (neighbor_attr_register)
/usr/lib/x86_64-linux-gnu/libc_nonshared.a(elf-init.oS)
                              /usr/lib/gcc/x86_64-linux-gnu/7/../../../x86_64-linux-gnu/Scrt1.o (__libc_csu_init)

As-needed library included to satisfy reference by file (symbol)

libc.so.6                     server.co (__printf_chk@@GLIBC_2.3.4)

Allocating common symbols
Common symbol       size              file

default_instance    0x8               contiki-native.a(rpl-dag.o)
uip_ds6_prefix_list
                    0x60              contiki-native.a(uip-ds6.o)
[...]
Memory Configuration

Name             Origin             Length             Attributes
*default*        0x0000000000000000 0xffffffffffffffff

Linker script and memory map

LOAD /usr/lib/gcc/x86_64-linux-gnu/7/../../../x86_64-linux-gnu/Scrt1.o
LOAD /usr/lib/gcc/x86_64-linux-gnu/7/../../../x86_64-linux-gnu/crti.o
LOAD /usr/lib/gcc/x86_64-linux-gnu/7/crtbeginS.o
LOAD server.co
LOAD obj_native/ping6.o
LOAD contiki-native.a
LOAD /usr/lib/gcc/x86_64-linux-gnu/7/libgcc.a
LOAD /usr/lib/gcc/x86_64-linux-gnu/7/libgcc_s.so
START GROUP
LOAD /usr/lib/gcc/x86_64-linux-gnu/7/libgcc_s.so.1
LOAD /usr/lib/gcc/x86_64-linux-gnu/7/libgcc.a
END GROUP
LOAD /usr/lib/gcc/x86_64-linux-gnu/7/../../../x86_64-linux-gnu/libc.so
START GROUP
LOAD /lib/x86_64-linux-gnu/libc.so.6
LOAD /usr/lib/x86_64-linux-gnu/libc_nonshared.a
LOAD /lib/x86_64-linux-gnu/ld-linux-x86-64.so.2
END GROUP
LOAD /usr/lib/gcc/x86_64-linux-gnu/7/libgcc.a
LOAD /usr/lib/gcc/x86_64-linux-gnu/7/libgcc_s.so
START GROUP
LOAD /usr/lib/gcc/x86_64-linux-gnu/7/libgcc_s.so.1
LOAD /usr/lib/gcc/x86_64-linux-gnu/7/libgcc.a
END GROUP
LOAD /usr/lib/gcc/x86_64-linux-gnu/7/crtendS.o
LOAD /usr/lib/gcc/x86_64-linux-gnu/7/../../../x86_64-linux-gnu/crtn.o
                [!provide]                        PROVIDE (__executable_start = SEGMENT_START ("text-segment", 0x0))
                0x0000000000000238                . = (SEGMENT_START ("text-segment", 0x0) + SIZEOF_HEADERS)

.interp         0x0000000000000238       0x1c
 *(.interp)
 .interp        0x0000000000000238       0x1c /usr/lib/gcc/x86_64-linux-gnu/7/../../../x86_64-linux-gnu/Scrt1.o

.note.ABI-tag   0x0000000000000254       0x20
 .note.ABI-tag  0x0000000000000254       0x20 /usr/lib/gcc/x86_64-linux-gnu/7/../../../x86_64-linux-gnu/Scrt1.o

.note.gnu.build-id
                0x0000000000000274       0x24
 *(.note.gnu.build-id)
 .note.gnu.build-id
                0x0000000000000274       0x24 /usr/lib/gcc/x86_64-linux-gnu/7/../../../x86_64-linux-gnu/Scrt1.o

.hash
 *(.hash)

.gnu.hash       0x0000000000000298      0xb00
 *(.gnu.hash)
 .gnu.hash      0x0000000000000298      0xb00 /usr/lib/gcc/x86_64-linux-gnu/7/../../../x86_64-linux-gnu/Scrt1.o

.dynsym         0x0000000000000d98     0x2568
 *(.dynsym)
 .dynsym        0x0000000000000d98     0x2568 /usr/lib/gcc/x86_64-linux-gnu/7/../../../x86_64-linux-gnu/Scrt1.o

.dynstr         0x0000000000003300     0x181d
 *(.dynstr)
 .dynstr        0x0000000000003300     0x181d /usr/lib/gcc/x86_64-linux-gnu/7/../../../x86_64-linux-gnu/Scrt1.o

.gnu.version    0x0000000000004b1e      0x31e
 *(.gnu.version)
 .gnu.version   0x0000000000004b1e      0x31e /usr/lib/gcc/x86_64-linux-gnu/7/../../../x86_64-linux-gnu/Scrt1.o

.gnu.version_d  0x0000000000004e40        0x0
 *(.gnu.version_d)
 .gnu.version_d
                0x0000000000004e40        0x0 /usr/lib/gcc/x86_64-linux-gnu/7/../../../x86_64-linux-gnu/Scrt1.o

.gnu.version_r  0x0000000000004e40       0x50
 *(.gnu.version_r)
 .gnu.version_r
                0x0000000000004e40       0x50 /usr/lib/gcc/x86_64-linux-gnu/7/../../../x86_64-linux-gnu/Scrt1.o

.rela.dyn       0x0000000000004e90      0x8e8
 *(.rela.init)
 *(.rela.text .rela.text.* .rela.gnu.linkonce.t.*)
 .rela.text     0x0000000000004e90        0x0 /usr/lib/gcc/x86_64-linux-gnu/7/../../../x86_64-linux-gnu/Scrt1.o
 *(.rela.fini)
 *(.rela.rodata .rela.rodata.* .rela.gnu.linkonce.r.*)
 *(.rela.data .rela.data.* .rela.gnu.linkonce.d.*)
 .rela.data.rel.ro
                0x0000000000004e90        0x0 /usr/lib/gcc/x86_64-linux-gnu/7/../../../x86_64-linux-gnu/Scrt1.o
 .rela.data.rel.local
                0x0000000000004e90      0x3a8 /usr/lib/gcc/x86_64-linux-gnu/7/../../../x86_64-linux-gnu/Scrt1.o
 .rela.data.rel.ro.local
                0x0000000000005238      0x438 /usr/lib/gcc/x86_64-linux-gnu/7/../../../x86_64-linux-gnu/Scrt1.o
 .rela.data.rel
                0x0000000000005670       0x48 /usr/lib/gcc/x86_64-linux-gnu/7/../../../x86_64-linux-gnu/Scrt1.o
 *(.rela.tdata .rela.tdata.* .rela.gnu.linkonce.td.*)
 *(.rela.tbss .rela.tbss.* .rela.gnu.linkonce.tb.*)
 *(.rela.ctors)
 *(.rela.dtors)
 *(.rela.got)
 .rela.got      0x00000000000056b8       0x78 /usr/lib/gcc/x86_64-linux-gnu/7/../../../x86_64-linux-gnu/Scrt1.o
 *(.rela.bss .rela.bss.* .rela.gnu.linkonce.b.*)
 .rela.bss      0x0000000000005730       0x18 /usr/lib/gcc/x86_64-linux-gnu/7/../../../x86_64-linux-gnu/Scrt1.o
 *(.rela.ldata .rela.ldata.* .rela.gnu.linkonce.l.*)
 *(.rela.lbss .rela.lbss.* .rela.gnu.linkonce.lb.*)
 *(.rela.lrodata .rela.lrodata.* .rela.gnu.linkonce.lr.*)
 *(.rela.ifunc)
 .rela.ifunc    0x0000000000005748        0x0 /usr/lib/gcc/x86_64-linux-gnu/7/../../../x86_64-linux-gnu/Scrt1.o
 .rela.fini_array
                0x0000000000005748       0x18 /usr/lib/gcc/x86_64-linux-gnu/7/../../../x86_64-linux-gnu/Scrt1.o
 .rela.init_array
                0x0000000000005760       0x18 /usr/lib/gcc/x86_64-linux-gnu/7/../../../x86_64-linux-gnu/Scrt1.o

.rela.plt       0x0000000000005778      0x1e0
 *(.rela.plt)
 .rela.plt      0x0000000000005778      0x1e0 /usr/lib/gcc/x86_64-linux-gnu/7/../../../x86_64-linux-gnu/Scrt1.o
                [!provide]                        PROVIDE (__rela_iplt_start = .)
 *(.rela.iplt)
                [!provide]                        PROVIDE (__rela_iplt_end = .)

.init           0x0000000000005958       0x17
 *(SORT_NONE(.init))
 .init          0x0000000000005958       0x12 /usr/lib/gcc/x86_64-linux-gnu/7/../../../x86_64-linux-gnu/crti.o
                0x0000000000005958                _init
 .init          0x000000000000596a        0x5 /usr/lib/gcc/x86_64-linux-gnu/7/../../../x86_64-linux-gnu/crtn.o

.plt            0x0000000000005970      0x150
 *(.plt)
 .plt           0x0000000000005970      0x150 /usr/lib/gcc/x86_64-linux-gnu/7/../../../x86_64-linux-gnu/Scrt1.o
 *(.iplt)

.plt.got        0x0000000000005ac0        0x8
 *(.plt.got)
 .plt.got       0x0000000000005ac0        0x8 /usr/lib/gcc/x86_64-linux-gnu/7/../../../x86_64-linux-gnu/Scrt1.o

.plt.sec
 *(.plt.sec)

.text           0x0000000000005ad0     0xc7b2
 *(.text.unlikely .text.*_unlikely .text.unlikely.*)
 *(.text.exit .text.exit.*)
 *(.text.startup .text.startup.*)
 *(.text.hot .text.hot.*)
 *(.text .stub .text.* .gnu.linkonce.t.*)
 .text          0x0000000000005ad0       0x2b /usr/lib/gcc/x86_64-linux-gnu/7/../../../x86_64-linux-gnu/Scrt1.o
                0x0000000000005ad0                _start
 .text          0x0000000000005afb        0x0 /usr/lib/gcc/x86_64-linux-gnu/7/../../../x86_64-linux-gnu/crti.o
 *fill*         0x0000000000005afb        0x5 
 .text          0x0000000000005b00       0xda /usr/lib/gcc/x86_64-linux-gnu/7/crtbeginS.o
 .text          0x0000000000005bda      0x486 server.co
                0x0000000000005bda                putstring
                0x0000000000005c04                puthex
                0x0000000000005c47                putbin
                0x0000000000005c92                putdec
                0x0000000000005d05                create_dag
 .text          0x0000000000006060      0x36f obj_native/ping6.o
                0x00000000000062a4                putstring1
                0x00000000000062ce                puthex1
                0x0000000000006311                putbin1
                0x000000000000635c                putdec1
 .text          0x00000000000063cf     0x145b contiki-native.a(rpl-dag.o)
                0x0000000000006584                rpl_set_prefix
                0x00000000000065df                rpl_set_default_route
                0x0000000000006644                rpl_alloc_instance
                0x000000000000667b                rpl_set_default_instance
                0x0000000000006683                rpl_add_parent
                0x000000000000670d                rpl_find_parent
                0x000000000000674e                rpl_find_parent_any_dag
                0x00000000000067ea                rpl_select_parent
                0x0000000000006845                rpl_select_dag
                0x0000000000006af8                rpl_nullify_parent
                0x0000000000006b58                rpl_remove_parent
                0x0000000000006bc5                rpl_free_dag
                0x0000000000006c03                rpl_free_instance
                0x0000000000006c7a                rpl_move_parent
                0x0000000000006cfd                rpl_get_any_dag
                0x0000000000006d21                rpl_get_instance
                0x0000000000006dba                rpl_repair_root
                0x0000000000006e01                rpl_alloc_dag
                0x0000000000006ed0                rpl_set_root
                0x0000000000007000                rpl_find_of
                0x0000000000007018                rpl_join_instance
                0x00000000000071e9                rpl_local_repair
                0x0000000000007272                rpl_process_parent_event
                0x0000000000007321                rpl_add_dag
                0x0000000000007472                rpl_recalculate_ranks
                0x00000000000074ec                rpl_process_dio
 .text          0x000000000000782a      0xd05 contiki-native.a(rpl-icmp6.o)
                0x00000000000078a4                dis_output
                0x000000000000792f                dio_output
                0x0000000000007cb3                dao_output
                0x0000000000007db4                dao_ack_output
                0x0000000000007e03                uip_rpl_input
 .text          0x000000000000852f      0x2e6 contiki-native.a(rpl-timers.o)
                0x000000000000872b                rpl_reset_periodic_timer
                0x000000000000877e                rpl_reset_dio_timer
                0x00000000000087aa                rpl_schedule_dao
 .text          0x0000000000008815      0x167 contiki-native.a(rpl-of-etx.o)
 .text          0x000000000000897c      0x107 contiki-native.a(memb.o)
                0x000000000000897c                memb_init
                0x00000000000089af                memb_alloc
                0x0000000000008a01                memb_free
                0x0000000000008a5b                memb_inmemb
 .text          0x0000000000008a83      0x134 contiki-native.a(list.o)
                0x0000000000008a83                list_init
                0x0000000000008a8b                list_head
                0x0000000000008a8f                list_copy
                0x0000000000008a96                list_tail
                0x0000000000008aad                list_chop
                0x0000000000008ade                list_pop
                0x0000000000008aee                list_remove
                0x0000000000008b2a                list_add
                0x0000000000008b57                list_push
                0x0000000000008b71                list_length
                0x0000000000008b91                list_insert
                0x0000000000008baa                list_item_next
 .text          0x0000000000008bb7      0x2fd contiki-native.a(etimer.o)
                0x0000000000008c19                etimer_request_poll
                0x0000000000008dc3                etimer_set
                0x0000000000008dd6                etimer_reset
                0x0000000000008de9                etimer_restart
                0x0000000000008dfc                etimer_adjust
                0x0000000000008e10                etimer_expired
                0x0000000000008e1c                etimer_expiration_time
                0x0000000000008e24                etimer_start_time
                0x0000000000008e28                etimer_pending
                0x0000000000008e37                etimer_next_expiration_time
                0x0000000000008e4f                etimer_stop
 .text          0x0000000000008eb4      0x2c0 contiki-native.a(ctimer.o)
                0x0000000000008f8d                ctimer_init
                0x0000000000008fba                ctimer_set
                0x0000000000009028                ctimer_reset
                0x0000000000009086                ctimer_restart
                0x00000000000090e4                ctimer_stop
                0x000000000000911d                ctimer_expired
 .text          0x0000000000009174       0x70 contiki-native.a(stimer.o)
                0x0000000000009174                stimer_set
                0x0000000000009186                stimer_reset
                0x000000000000918e                stimer_restart
                0x000000000000919c                stimer_expired
                0x00000000000091c1                stimer_remaining
                0x00000000000091d6                stimer_elapsed
 .text          0x00000000000091e4       0x1f contiki-native.a(random.o)
                0x00000000000091e4                random_init
                0x00000000000091f5                random_rand
 .text          0x0000000000009203      0x11e contiki-native.a(uip-debug.o)
                0x0000000000009203                uip_debug_ipaddr_print
                0x00000000000092ac                uip_debug_lladdr_print
 .text          0x0000000000009321      0x463 contiki-native.a(packetbuf.o)
                0x0000000000009321                packetbuf_clear_hdr
                0x0000000000009329                packetbuf_copyto_hdr
                0x0000000000009356                packetbuf_copyto
                0x00000000000093d2                packetbuf_hdr_remove
                0x00000000000093da                packetbuf_hdrreduce
                0x0000000000009404                packetbuf_set_datalen
                0x000000000000940c                packetbuf_dataptr
                0x0000000000009420                packetbuf_hdrptr
                0x0000000000009432                packetbuf_is_reference
                0x0000000000009447                packetbuf_compact
                0x00000000000094cd                packetbuf_reference_ptr
                0x00000000000094d5                packetbuf_datalen
                0x00000000000094dd                packetbuf_hdrlen
                0x00000000000094e9                packetbuf_totlen
                0x00000000000094ff                packetbuf_hdralloc
                0x000000000000953f                packetbuf_attr_clear
                0x00000000000095ad                packetbuf_clear
                0x00000000000095e2                packetbuf_copyfrom
                0x0000000000009622                packetbuf_reference
                0x0000000000009647                packetbuf_attr_copyto
                0x00000000000096b4                packetbuf_attr_copyfrom
                0x0000000000009721                packetbuf_set_attr
                0x0000000000009736                packetbuf_attr
                0x0000000000009746                packetbuf_set_addr
                0x000000000000976e                packetbuf_addr
 .text          0x0000000000009784     0x1dd5 contiki-native.a(uip6.o)
                0x00000000000099be                uip_add32
                0x0000000000009a86                uip_chksum
                0x0000000000009a9b                uip_icmp6chksum
                0x0000000000009aa7                uip_tcpchksum
                0x0000000000009ab3                uip_udpchksum
                0x0000000000009abf                uip_init
                0x0000000000009b2c                uip_connect
                0x0000000000009c85                remove_ext_hdr
                0x0000000000009d0d                uip_udp_new
                0x0000000000009e4e                uip_unlisten
                0x0000000000009eca                uip_listen
                0x0000000000009f42                uip_process
                0x000000000000b4ef                uip_htons
                0x000000000000b4f6                uip_htonl
                0x000000000000b515                uip_send
 .text          0x000000000000b559      0xa58 contiki-native.a(tcpip.o)
                0x000000000000b580                tcpip_output
                0x000000000000b59d                tcpip_set_outputfunc
                0x000000000000b5a5                tcp_unlisten
                0x000000000000b626                tcp_listen
                0x000000000000b6bb                tcp_attach
                0x000000000000b6cb                udp_attach
                0x000000000000b6db                udp_new
                0x000000000000b6fd                udp_broadcast_new
                0x000000000000b77d                icmp6_new
                0x000000000000b7aa                tcpip_icmp6_call
                0x000000000000b7d5                tcpip_input
                0x000000000000b804                tcpip_ipv6_output
                0x000000000000be5d                tcpip_poll_udp
                0x000000000000be7a                tcpip_poll_tcp
                0x000000000000be97                tcp_connect
                0x000000000000bed1                tcpip_uipcall
 .text          0x000000000000bfb1       0xd0 contiki-native.a(uip-udp-packet.)
                0x000000000000bfb1                uip_udp_packet_send
                0x000000000000c011                uip_udp_packet_sendto
 .text          0x000000000000c081      0x4d6 contiki-native.a(uip-icmp6.o)
                0x000000000000c081                uip_icmp6_echo_request_input
                0x000000000000c241                uip_icmp6_error_output
                0x000000000000c493                uip_icmp6_send
 .text          0x000000000000c557      0x9a4 contiki-native.a(uip-nd6.o)
                0x000000000000c577                uip_nd6_ns_input
                0x000000000000c958                uip_nd6_ns_output
                0x000000000000cb9f                uip_nd6_na_input
 .text          0x000000000000cefb       0xe1 contiki-native.a(uip-packetqueue)
                0x000000000000cf17                uip_packetqueue_new
                0x000000000000cf1f                uip_packetqueue_alloc
                0x000000000000cf6f                uip_packetqueue_free
                0x000000000000cfa1                uip_packetqueue_buf
                0x000000000000cfb5                uip_packetqueue_buflen
                0x000000000000cfcb                uip_packetqueue_set_buflen
 .text          0x000000000000cfdc      0xcef contiki-native.a(uip-ds6.o)
                0x000000000000cfdc                uip_ds6_list_loop
                0x000000000000d065                uip_ds6_nbr_rm
                0x000000000000d086                uip_ds6_nbr_add
                0x000000000000d21d                uip_ds6_nbr_lookup
                0x000000000000d268                uip_ds6_nbr_ll_lookup
                0x000000000000d2bf                uip_ds6_prefix_add
                0x000000000000d355                uip_ds6_prefix_rm
                0x000000000000d35f                uip_ds6_prefix_lookup
                0x000000000000d39b                uip_ds6_is_addr_onlink
                0x000000000000d3f6                uip_ds6_addr_lookup
                0x000000000000d434                uip_ds6_get_link_local
                0x000000000000d480                uip_ds6_get_global
                0x000000000000d4cc                uip_ds6_maddr_add
                0x000000000000d52a                uip_ds6_addr_add
                0x000000000000d638                uip_ds6_maddr_rm
                0x000000000000d642                uip_ds6_maddr_lookup
                0x000000000000d680                uip_ds6_addr_rm
                0x000000000000d710                uip_ds6_periodic
                0x000000000000d90a                uip_ds6_aaddr_add
                0x000000000000d968                uip_ds6_aaddr_rm
                0x000000000000d972                uip_ds6_aaddr_lookup
                0x000000000000d9b0                uip_ds6_set_addr_iid
                0x000000000000d9bc                get_match_length
                0x000000000000da12                uip_ds6_select_src
                0x000000000000dae9                uip_ds6_compute_reachable_time
                0x000000000000db23                uip_ds6_init
 .text          0x000000000000dccb      0x4fb contiki-native.a(uip-ds6-route.o)
                0x000000000000dd39                uip_ds6_notification_add
                0x000000000000dd64                uip_ds6_notification_rm
                0x000000000000dd7c                uip_ds6_route_init
                0x000000000000ddc1                uip_ds6_route_list_head
                0x000000000000ddd6                uip_ds6_route_num_routes
                0x000000000000ddeb                uip_ds6_route_lookup
                0x000000000000de60                uip_ds6_route_add
                0x000000000000df06                uip_ds6_route_rm
                0x000000000000df64                uip_ds6_route_rm_by_nexthop
                0x000000000000dfea                uip_ds6_defrt_rm
                0x000000000000e047                uip_ds6_defrt_lookup
                0x000000000000e093                uip_ds6_defrt_add
                0x000000000000e112                uip_ds6_defrt_choose
                0x000000000000e164                uip_ds6_defrt_periodic
 .text          0x000000000000e1c6      0x44a contiki-native.a(contiki-main.o)
                0x000000000000e228                select_set_callback
                0x000000000000e2e2                main
                0x000000000000e5dd                log_message
                0x000000000000e602                uip_log
 .text          0x000000000000e610       0xa8 contiki-native.a(clock.o)
                0x000000000000e610                clock_time
                0x000000000000e677                clock_seconds
                0x000000000000e6b6                clock_delay
 .text          0x000000000000e6b8       0xef contiki-native.a(leds.o)
                0x000000000000e6d8                leds_init
                0x000000000000e6f4                leds_get
                0x000000000000e702                leds_on
                0x000000000000e729                leds_off
                0x000000000000e74f                leds_invert
                0x000000000000e768                leds_blink
                0x000000000000e795                leds_toggle
 .text          0x000000000000e7a7       0x18 contiki-native.a(leds-arch.o)
                0x000000000000e7a7                leds_arch_init
                0x000000000000e7af                leds_arch_get
                0x000000000000e7b7                leds_arch_set
 .text          0x000000000000e7bf       0x27 contiki-native.a(button-sensor.o)
                0x000000000000e7d1                button_press
 .text          0x000000000000e7e6       0x2e contiki-native.a(pir-sensor.o)
                0x000000000000e7f9                pir_sensor_changed
 .text          0x000000000000e814       0x2f contiki-native.a(vib-sensor.o)
                0x000000000000e827                vib_sensor_changed
 .text          0x000000000000e843      0x29c contiki-native.a(sensors.o)
                0x000000000000e9a4                sensors_first
                0x000000000000e9ac                sensors_next
                0x000000000000e9fc                sensors_changed
                0x000000000000ea5d                sensors_find
 .text          0x000000000000eadf       0x5a contiki-native.a(rimeaddr.o)
                0x000000000000eadf                rimeaddr_copy
                0x000000000000eaf7                rimeaddr_cmp
                0x000000000000eb28                rimeaddr_set_node_addr
 .text          0x000000000000eb39       0x44 contiki-native.a(nullmac.o)
 .text          0x000000000000eb7d      0x137 contiki-native.a(nullrdc.o)
 .text          0x000000000000ecb4       0x1c contiki-native.a(mac.o)
                0x000000000000ecb4                mac_call_sent_callback
 .text          0x000000000000ecd0      0x32d contiki-native.a(framer-802154.o)
 .text          0x000000000000effd      0x2f5 contiki-native.a(rpl.o)
                0x000000000000f0d1                rpl_purge_routes
                0x000000000000f12c                rpl_remove_routes
                0x000000000000f15e                rpl_remove_routes_by_nexthop
                0x000000000000f1b7                rpl_add_route
                0x000000000000f231                rpl_ipv6_neighbor_callback
                0x000000000000f269                rpl_init
 .text          0x000000000000f2f2      0x3dd contiki-native.a(rpl-ext-header.)
                0x000000000000f2f2                rpl_verify_header
                0x000000000000f395                rpl_update_header_empty
                0x000000000000f4e5                rpl_update_header_final
                0x000000000000f5cd                rpl_remove_header
                0x000000000000f64e                rpl_invert_header
 .text          0x000000000000f6cf      0x3df contiki-native.a(process.o)
                0x000000000000f85d                process_alloc_event
                0x000000000000f86e                process_exit
                0x000000000000f883                process_init
                0x000000000000f8af                process_run
                0x000000000000f9b6                process_nevents
                0x000000000000f9ca                process_post
                0x000000000000fa13                process_post_synch
                0x000000000000fa2d                process_start
                0x000000000000fa84                process_poll
                0x000000000000faa3                process_is_running
 .text          0x000000000000faae       0x69 contiki-native.a(autostart.o)
                0x000000000000faae                autostart_start
                0x000000000000fae5                autostart_exit
 .text          0x000000000000fb17      0x1ac contiki-native.a(serial-line.o)
                0x000000000000fc20                serial_line_input_byte
                0x000000000000fc91                serial_line_init
 .text          0x000000000000fcc3       0x59 contiki-native.a(timer.o)
                0x000000000000fcc3                timer_set
                0x000000000000fcd5                timer_reset
                0x000000000000fcdd                timer_restart
                0x000000000000fceb                timer_expired
                0x000000000000fd07                timer_remaining
 .text          0x000000000000fd1c       0x9c contiki-native.a(ringbuf.o)
                0x000000000000fd1c                ringbuf_init
                0x000000000000fd2e                ringbuf_put
                0x000000000000fd6b                ringbuf_get
                0x000000000000fd9f                ringbuf_size
                0x000000000000fda7                ringbuf_elements
 .text          0x000000000000fdb8       0x21 contiki-native.a(netstack.o)
                0x000000000000fdb8                netstack_init
 .text          0x000000000000fdd9      0x240 contiki-native.a(queuebuf.o)
                0x000000000000fdd9                queuebuf_init
                0x000000000000fe06                queuebuf_new_from_packetbuf
                0x000000000000fea4                queuebuf_update_attr_from_packetbuf
                0x000000000000fec3                queuebuf_free
                0x000000000000ff1e                queuebuf_to_packetbuf
                0x000000000000ffaa                queuebuf_dataptr
                0x000000000000ffea                queuebuf_datalen
                0x000000000000fff1                queuebuf_addr
                0x0000000000010007                queuebuf_attr
                0x0000000000010017                queuebuf_debug_print
 .text          0x0000000000010019     0x172b contiki-native.a(sicslowpan.o)
                0x0000000000010019                sicslowpan_init
                0x000000000001172e                rime_sniffer_add
                0x0000000000011736                rime_sniffer_remove
                0x0000000000011742                dummy
 .text          0x0000000000011744      0x234 contiki-native.a(neighbor-info.o)
                0x0000000000011744                neighbor_info_packet_sent
                0x00000000000118e9                neighbor_info_packet_received
                0x0000000000011916                neighbor_info_subscribe
                0x0000000000011951                neighbor_info_get_metric
 .text          0x0000000000011978       0x3c contiki-native.a(nullradio.o)
 .text          0x00000000000119b4       0x16 contiki-native.a(watchdog.o)
                0x00000000000119b4                watchdog_init
                0x00000000000119b6                watchdog_start
                0x00000000000119b8                watchdog_periodic
                0x00000000000119ba                watchdog_stop
                0x00000000000119bc                watchdog_reboot
 .text          0x00000000000119ca      0x45b contiki-native.a(frame802154.o)
                0x0000000000011a42                frame802154_hdrlen
                0x0000000000011a73                frame802154_create
                0x0000000000011bec                frame802154_parse
 .text          0x0000000000011e25      0x3dc contiki-native.a(neighbor-attr.o)
                0x0000000000011ed4                neighbor_attr_list_neighbors
                0x0000000000011f7c                neighbor_attr_register
                0x0000000000011fc8                neighbor_attr_has_neighbor
                0x0000000000011fdf                neighbor_attr_add_neighbor
                0x00000000000120bd                neighbor_attr_remove_neighbor
                0x00000000000120f7                neighbor_attr_get_data
                0x0000000000012122                neighbor_attr_set_data
                0x000000000001218c                neighbor_attr_tick
                0x00000000000121a5                neighbor_attr_get_timeout
                0x00000000000121ad                neighbor_attr_set_timeout
 *fill*         0x0000000000012201        0xf 
 .text          0x0000000000012210       0x72 /usr/lib/x86_64-linux-gnu/libc_nonshared.a(elf-init.oS)
                0x0000000000012210                __libc_csu_init
                0x0000000000012280                __libc_csu_fini
 .text          0x0000000000012282        0x0 /usr/lib/gcc/x86_64-linux-gnu/7/crtendS.o
 .text          0x0000000000012282        0x0 /usr/lib/gcc/x86_64-linux-gnu/7/../../../x86_64-linux-gnu/crtn.o
 *(.gnu.warning)

.fini           0x0000000000012284        0x9
 *(SORT_NONE(.fini))
 .fini          0x0000000000012284        0x4 /usr/lib/gcc/x86_64-linux-gnu/7/../../../x86_64-linux-gnu/crti.o
                0x0000000000012284                _fini
 .fini          0x0000000000012288        0x5 /usr/lib/gcc/x86_64-linux-gnu/7/../../../x86_64-linux-gnu/crtn.o
                [!provide]                        PROVIDE (__etext = .)
                [!provide]                        PROVIDE (_etext = .)
                [!provide]                        PROVIDE (etext = .)

.rodata         0x0000000000012290      0x44b
 *(.rodata .rodata.* .gnu.linkonce.r.*)
 .rodata.cst4   0x0000000000012290        0x4 /usr/lib/gcc/x86_64-linux-gnu/7/../../../x86_64-linux-gnu/Scrt1.o
                0x0000000000012290                _IO_stdin_used
 .rodata.str1.1
                0x0000000000012294       0x73 server.co
 *fill*         0x0000000000012307        0x1 
 .rodata.str1.8
                0x0000000000012308       0x20 server.co
 *fill*         0x0000000000012328        0x8 
 .rodata        0x0000000000012330       0x21 server.co
 .rodata.str1.1
                0x0000000000012351       0x40 obj_native/ping6.o
 *fill*         0x0000000000012391        0x7 
 .rodata.str1.8
                0x0000000000012398       0x23 obj_native/ping6.o
 *fill*         0x00000000000123bb        0x5 
 .rodata        0x00000000000123c0       0x21 obj_native/ping6.o
 .rodata.str1.1
                0x00000000000123e1        0xc contiki-native.a(etimer.o)
 .rodata.str1.1
                0x00000000000123ed        0xf contiki-native.a(ctimer.o)
 .rodata.str1.1
                0x00000000000123fc        0xb contiki-native.a(uip-debug.o)
 *fill*         0x0000000000012407        0x1 
 .rodata        0x0000000000012408      0x198 contiki-native.a(uip6.o)
 .rodata.str1.1
                0x00000000000125a0        0xd contiki-native.a(tcpip.o)
 *fill*         0x00000000000125ad        0x3 
 .rodata.str1.8
                0x00000000000125b0       0x60 contiki-native.a(contiki-main.o)
                                         0x5b (size before relaxing)
 .rodata.str1.1
                0x0000000000012610       0x5e contiki-native.a(contiki-main.o)
 *fill*         0x000000000001266e        0x2 
 .rodata        0x0000000000012670        0x8 contiki-native.a(contiki-main.o)
 .rodata.str1.1
                0x0000000000012678        0x7 contiki-native.a(button-sensor.o)
 .rodata.str1.1
                0x000000000001267f        0x4 contiki-native.a(pir-sensor.o)
 .rodata.str1.1
                0x0000000000012683        0xa contiki-native.a(vib-sensor.o)
 .rodata.str1.1
                0x000000000001268d        0x8 contiki-native.a(sensors.o)
 *fill*         0x0000000000012695        0x3 
 .rodata        0x0000000000012698        0x8 contiki-native.a(rimeaddr.o)
                0x0000000000012698                rimeaddr_null
 .rodata.str1.1
                0x00000000000126a0        0x8 contiki-native.a(nullmac.o)
 .rodata.str1.1
                0x00000000000126a8        0x8 contiki-native.a(nullrdc.o)
 .rodata.str1.1
                0x00000000000126b0        0xe contiki-native.a(serial-line.o)
 .rodata.str1.1
                0x00000000000126be        0xb contiki-native.a(sicslowpan.o)
 .rodata        0x00000000000126c9       0x12 contiki-native.a(sicslowpan.o)
                0x00000000000126cd                llprefix
                0x00000000000126cf                unc_mxconf
                0x00000000000126d3                unc_ctxconf
                0x00000000000126d7                unc_llconf

.rodata1
 *(.rodata1)

.eh_frame_hdr   0x00000000000126dc      0xc4c
 *(.eh_frame_hdr)
 .eh_frame_hdr  0x00000000000126dc      0xc4c /usr/lib/gcc/x86_64-linux-gnu/7/../../../x86_64-linux-gnu/Scrt1.o
                0x00000000000126dc                __GNU_EH_FRAME_HDR
 *(.eh_frame_entry .eh_frame_entry.*)

.eh_frame       0x0000000000013328     0x3010
 *(.eh_frame)
 .eh_frame      0x0000000000013328       0x30 /usr/lib/gcc/x86_64-linux-gnu/7/../../../x86_64-linux-gnu/Scrt1.o
                                         0x2c (size before relaxing)
 *fill*         0x0000000000013358        0x0 
 .eh_frame      0x0000000000013358       0x40 /usr/lib/gcc/x86_64-linux-gnu/7/../../../x86_64-linux-gnu/Scrt1.o
 .eh_frame      0x0000000000013398       0x18 /usr/lib/gcc/x86_64-linux-gnu/7/../../../x86_64-linux-gnu/Scrt1.o
                                         0x30 (size before relaxing)
 .eh_frame      0x00000000000133b0      0x120 server.co
                                        0x138 (size before relaxing)
 .eh_frame      0x00000000000134d0       0xf0 obj_native/ping6.o
                                        0x108 (size before relaxing)
 .eh_frame      0x00000000000135c0      0x550 contiki-native.a(rpl-dag.o)
                                        0x568 (size before relaxing)
 .eh_frame      0x0000000000013b10      0x130 contiki-native.a(rpl-icmp6.o)
                                        0x148 (size before relaxing)
 .eh_frame      0x0000000000013c40       0xe0 contiki-native.a(rpl-timers.o)
                                         0xf8 (size before relaxing)
 .eh_frame      0x0000000000013d20       0xb0 contiki-native.a(rpl-of-etx.o)
                                         0xc8 (size before relaxing)
 .eh_frame      0x0000000000013dd0       0x58 contiki-native.a(memb.o)
                                         0x70 (size before relaxing)
 .eh_frame      0x0000000000013e28      0x110 contiki-native.a(list.o)
                                        0x128 (size before relaxing)
 .eh_frame      0x0000000000013f38      0x178 contiki-native.a(etimer.o)
                                        0x190 (size before relaxing)
 .eh_frame      0x00000000000140b0      0x108 contiki-native.a(ctimer.o)
                                        0x120 (size before relaxing)
 .eh_frame      0x00000000000141b8       0xa0 contiki-native.a(stimer.o)
                                         0xb8 (size before relaxing)
 .eh_frame      0x0000000000014258       0x30 contiki-native.a(random.o)
                                         0x48 (size before relaxing)
 .eh_frame      0x0000000000014288       0x80 contiki-native.a(uip-debug.o)
                                         0x98 (size before relaxing)
 .eh_frame      0x0000000000014308      0x270 contiki-native.a(packetbuf.o)
                                        0x288 (size before relaxing)
 .eh_frame      0x0000000000014578      0x1f0 contiki-native.a(uip6.o)
                                        0x208 (size before relaxing)
 .eh_frame      0x0000000000014768      0x1f0 contiki-native.a(tcpip.o)
                                        0x208 (size before relaxing)
 .eh_frame      0x0000000000014958       0x58 contiki-native.a(uip-udp-packet.)
                                         0x70 (size before relaxing)
 .eh_frame      0x00000000000149b0       0xb0 contiki-native.a(uip-icmp6.o)
                                         0xc8 (size before relaxing)
 .eh_frame      0x0000000000014a60       0xb0 contiki-native.a(uip-nd6.o)
                                         0xc8 (size before relaxing)
 .eh_frame      0x0000000000014b10       0xb8 contiki-native.a(uip-packetqueue)
                                         0xd0 (size before relaxing)
 .eh_frame      0x0000000000014bc8      0x398 contiki-native.a(uip-ds6.o)
                                        0x3b0 (size before relaxing)
 .eh_frame      0x0000000000014f60      0x248 contiki-native.a(uip-ds6-route.o)
                                        0x260 (size before relaxing)
 .eh_frame      0x00000000000151a8       0xa8 contiki-native.a(contiki-main.o)
                                         0xc0 (size before relaxing)
 .eh_frame      0x0000000000015250       0x50 contiki-native.a(clock.o)
                                         0x68 (size before relaxing)
 .eh_frame      0x00000000000152a0       0xc8 contiki-native.a(leds.o)
                                         0xe0 (size before relaxing)
 .eh_frame      0x0000000000015368       0x40 contiki-native.a(leds-arch.o)
                                         0x58 (size before relaxing)
 .eh_frame      0x00000000000153a8       0x58 contiki-native.a(button-sensor.o)
                                         0x70 (size before relaxing)
 .eh_frame      0x0000000000015400       0x58 contiki-native.a(pir-sensor.o)
                                         0x70 (size before relaxing)
 .eh_frame      0x0000000000015458       0x58 contiki-native.a(vib-sensor.o)
                                         0x70 (size before relaxing)
 .eh_frame      0x00000000000154b0       0xb8 contiki-native.a(sensors.o)
                                         0xd0 (size before relaxing)
 .eh_frame      0x0000000000015568       0x40 contiki-native.a(rimeaddr.o)
                                         0x58 (size before relaxing)
 .eh_frame      0x00000000000155a8       0x88 contiki-native.a(nullmac.o)
                                         0xa0 (size before relaxing)
 .eh_frame      0x0000000000015630       0xd8 contiki-native.a(nullrdc.o)
                                         0xf0 (size before relaxing)
 .eh_frame      0x0000000000015708       0x18 contiki-native.a(mac.o)
                                         0x30 (size before relaxing)
 .eh_frame      0x0000000000015720       0x40 contiki-native.a(framer-802154.o)
                                         0x58 (size before relaxing)
 .eh_frame      0x0000000000015760      0x100 contiki-native.a(rpl.o)
                                        0x118 (size before relaxing)
 .eh_frame      0x0000000000015860       0xa0 contiki-native.a(rpl-ext-header.)
                                         0xb8 (size before relaxing)
 .eh_frame      0x0000000000015900      0x168 contiki-native.a(process.o)
                                        0x180 (size before relaxing)
 .eh_frame      0x0000000000015a68       0x50 contiki-native.a(autostart.o)
                                         0x68 (size before relaxing)
 .eh_frame      0x0000000000015ab8       0x68 contiki-native.a(serial-line.o)
                                         0x80 (size before relaxing)
 .eh_frame      0x0000000000015b20       0x88 contiki-native.a(timer.o)
                                         0xa0 (size before relaxing)
 .eh_frame      0x0000000000015ba8       0x68 contiki-native.a(ringbuf.o)
                                         0x80 (size before relaxing)
 .eh_frame      0x0000000000015c10       0x18 contiki-native.a(netstack.o)
                                         0x30 (size before relaxing)
 .eh_frame      0x0000000000015c28      0x110 contiki-native.a(queuebuf.o)
                                        0x128 (size before relaxing)
 .eh_frame      0x0000000000015d38      0x1a0 contiki-native.a(sicslowpan.o)
                                        0x1b8 (size before relaxing)
 .eh_frame      0x0000000000015ed8       0x80 contiki-native.a(neighbor-info.o)
                                         0x98 (size before relaxing)
 .eh_frame      0x0000000000015f58       0xc8 contiki-native.a(nullradio.o)
                                         0xe0 (size before relaxing)
 .eh_frame      0x0000000000016020       0x68 contiki-native.a(watchdog.o)
                                         0x80 (size before relaxing)
 .eh_frame      0x0000000000016088       0x98 contiki-native.a(frame802154.o)
                                         0xb0 (size before relaxing)
 .eh_frame      0x0000000000016120      0x1b8 contiki-native.a(neighbor-attr.o)
                                        0x1d0 (size before relaxing)
 .eh_frame      0x00000000000162d8       0x5c /usr/lib/x86_64-linux-gnu/libc_nonshared.a(elf-init.oS)
                                         0x78 (size before relaxing)
 .eh_frame      0x0000000000016334        0x4 /usr/lib/gcc/x86_64-linux-gnu/7/crtendS.o
 *(.eh_frame.*)

.gcc_except_table
 *(.gcc_except_table .gcc_except_table.*)

.gnu_extab
 *(.gnu_extab*)

.exception_ranges
 *(.exception_ranges .exception_ranges*)
                0x0000000000216b90                . = DATA_SEGMENT_ALIGN (CONSTANT (MAXPAGESIZE), CONSTANT (COMMONPAGESIZE))

.eh_frame
 *(.eh_frame)
 *(.eh_frame.*)

.gnu_extab
 *(.gnu_extab)

.gcc_except_table
 *(.gcc_except_table .gcc_except_table.*)

.exception_ranges
 *(.exception_ranges .exception_ranges*)

.tdata
 *(.tdata .tdata.* .gnu.linkonce.td.*)

.tbss
 *(.tbss .tbss.* .gnu.linkonce.tb.*)
 *(.tcommon)

.preinit_array  0x0000000000216b90        0x0
                [!provide]                        PROVIDE (__preinit_array_start = .)
 *(.preinit_array)
                [!provide]                        PROVIDE (__preinit_array_end = .)

.init_array     0x0000000000216b90        0x8
                0x0000000000216b90                PROVIDE (__init_array_start = .)
 *(SORT_BY_INIT_PRIORITY(.init_array.*) SORT_BY_INIT_PRIORITY(.ctors.*))
 *(.init_array EXCLUDE_FILE(*crtend?.o *crtend.o *crtbegin?.o *crtbegin.o) .ctors)
 .init_array    0x0000000000216b90        0x8 /usr/lib/gcc/x86_64-linux-gnu/7/crtbeginS.o
                0x0000000000216b98                PROVIDE (__init_array_end = .)

.fini_array     0x0000000000216b98        0x8
                [!provide]                        PROVIDE (__fini_array_start = .)
 *(SORT_BY_INIT_PRIORITY(.fini_array.*) SORT_BY_INIT_PRIORITY(.dtors.*))
 *(.fini_array EXCLUDE_FILE(*crtend?.o *crtend.o *crtbegin?.o *crtbegin.o) .dtors)
 .fini_array    0x0000000000216b98        0x8 /usr/lib/gcc/x86_64-linux-gnu/7/crtbeginS.o
                [!provide]                        PROVIDE (__fini_array_end = .)

.ctors
 *crtbegin.o(.ctors)
 *crtbegin?.o(.ctors)
 *(EXCLUDE_FILE(*crtend?.o *crtend.o) .ctors)
 *(SORT_BY_NAME(.ctors.*))
 *(.ctors)

.dtors
 *crtbegin.o(.dtors)
 *crtbegin?.o(.dtors)
 *(EXCLUDE_FILE(*crtend?.o *crtend.o) .dtors)
 *(SORT_BY_NAME(.dtors.*))
 *(.dtors)

.jcr
 *(.jcr)

.data.rel.ro    0x0000000000216ba0      0x190
 *(.data.rel.ro.local* .gnu.linkonce.d.rel.ro.local.*)
 .data.rel.ro.local
                0x0000000000216ba0       0x10 server.co
                0x0000000000216ba0                autostart_processes
 .data.rel.ro.local
                0x0000000000216bb0       0x10 contiki-native.a(contiki-main.o)
 .data.rel.ro.local
                0x0000000000216bc0       0x20 contiki-native.a(button-sensor.o)
                0x0000000000216bc0                button_sensor
 .data.rel.ro.local
                0x0000000000216be0       0x20 contiki-native.a(pir-sensor.o)
                0x0000000000216be0                pir_sensor
 .data.rel.ro.local
                0x0000000000216c00       0x20 contiki-native.a(vib-sensor.o)
                0x0000000000216c00                vib_sensor
 .data.rel.ro.local
                0x0000000000216c20       0x38 contiki-native.a(nullmac.o)
                0x0000000000216c20                nullmac_driver
 *fill*         0x0000000000216c58        0x8 
 .data.rel.ro.local
                0x0000000000216c60       0x40 contiki-native.a(nullrdc.o)
                0x0000000000216c60                nullrdc_driver
 .data.rel.ro.local
                0x0000000000216ca0       0x10 contiki-native.a(framer-802154.o)
                0x0000000000216ca0                framer_802154
 .data.rel.ro.local
                0x0000000000216cb0       0x18 contiki-native.a(sicslowpan.o)
                0x0000000000216cb0                sicslowpan_driver
 *fill*         0x0000000000216cc8       0x18 
 .data.rel.ro.local
                0x0000000000216ce0       0x50 contiki-native.a(nullradio.o)
                0x0000000000216ce0                nullradio_driver
 *(.data.rel.ro .data.rel.ro.* .gnu.linkonce.d.rel.ro.*)
 .data.rel.ro   0x0000000000216d30        0x0 /usr/lib/gcc/x86_64-linux-gnu/7/../../../x86_64-linux-gnu/Scrt1.o

.dynamic        0x0000000000216d30      0x1f0
 *(.dynamic)
 .dynamic       0x0000000000216d30      0x1f0 /usr/lib/gcc/x86_64-linux-gnu/7/../../../x86_64-linux-gnu/Scrt1.o
                0x0000000000216d30                _DYNAMIC

.got            0x0000000000216f20       0xe0
 *(.got.plt)
 .got.plt       0x0000000000216f20       0xb8 /usr/lib/gcc/x86_64-linux-gnu/7/../../../x86_64-linux-gnu/Scrt1.o
                0x0000000000216f20                _GLOBAL_OFFSET_TABLE_
 *(.igot.plt)
 *(.got)
 .got           0x0000000000216fd8       0x28 /usr/lib/gcc/x86_64-linux-gnu/7/../../../x86_64-linux-gnu/Scrt1.o
 *(.igot)
                0x0000000000217000                . = DATA_SEGMENT_RELRO_END (., 0x0)

.data           0x0000000000217000      0x298
 *(.data .data.* .gnu.linkonce.d.*)
 .data          0x0000000000217000        0x4 /usr/lib/gcc/x86_64-linux-gnu/7/../../../x86_64-linux-gnu/Scrt1.o
                0x0000000000217000                data_start
                0x0000000000217000                __data_start
 .data          0x0000000000217004        0x0 /usr/lib/gcc/x86_64-linux-gnu/7/../../../x86_64-linux-gnu/crti.o
 .data          0x0000000000217004        0x0 /usr/lib/gcc/x86_64-linux-gnu/7/crtbeginS.o
 *fill*         0x0000000000217004        0x4 
 .data.rel.local
                0x0000000000217008        0x8 /usr/lib/gcc/x86_64-linux-gnu/7/crtbeginS.o
                0x0000000000217008                __dso_handle
 .data          0x0000000000217010        0x0 server.co
 *fill*         0x0000000000217010       0x10 
 .data.rel.local
                0x0000000000217020       0x20 server.co
                0x0000000000217020                udp_server_process
 .data          0x0000000000217040        0x0 obj_native/ping6.o
 .data.rel.local
                0x0000000000217040       0x20 obj_native/ping6.o
                0x0000000000217040                ping6_process
 .data          0x0000000000217060        0x0 contiki-native.a(rpl-dag.o)
 .data.rel.local
                0x0000000000217060       0x18 contiki-native.a(rpl-dag.o)
 .data          0x0000000000217078        0x1 contiki-native.a(rpl-icmp6.o)
 .data          0x0000000000217079        0x0 contiki-native.a(rpl-timers.o)
 .data          0x0000000000217079        0x0 contiki-native.a(rpl-of-etx.o)
 *fill*         0x0000000000217079        0x7 
 .data.rel.local
                0x0000000000217080       0x38 contiki-native.a(rpl-of-etx.o)
                0x0000000000217080                rpl_of_etx
 .data          0x00000000002170b8        0x0 contiki-native.a(memb.o)
 .data          0x00000000002170b8        0x0 contiki-native.a(list.o)
 .data          0x00000000002170b8        0x0 contiki-native.a(etimer.o)
 *fill*         0x00000000002170b8        0x8 
 .data.rel.local
                0x00000000002170c0       0x20 contiki-native.a(etimer.o)
                0x00000000002170c0                etimer_process
 .data          0x00000000002170e0        0x0 contiki-native.a(ctimer.o)
 .data.rel.local
                0x00000000002170e0       0x20 contiki-native.a(ctimer.o)
                0x00000000002170e0                ctimer_process
 .data          0x0000000000217100        0x0 contiki-native.a(stimer.o)
 .data          0x0000000000217100        0x0 contiki-native.a(random.o)
 .data          0x0000000000217100        0x0 contiki-native.a(uip-debug.o)
 .data          0x0000000000217100        0x0 contiki-native.a(packetbuf.o)
 .data          0x0000000000217100        0x0 contiki-native.a(uip6.o)
 .data          0x0000000000217100        0x0 contiki-native.a(tcpip.o)
 .data.rel.local
                0x0000000000217100       0x20 contiki-native.a(tcpip.o)
                0x0000000000217100                tcpip_process
 .data          0x0000000000217120        0x0 contiki-native.a(uip-udp-packet.)
 .data          0x0000000000217120        0x0 contiki-native.a(uip-icmp6.o)
 .data          0x0000000000217120        0x0 contiki-native.a(uip-nd6.o)
 .data          0x0000000000217120        0x0 contiki-native.a(uip-packetqueue)
 .data.rel.local
                0x0000000000217120       0x18 contiki-native.a(uip-packetqueue)
 .data          0x0000000000217138        0x0 contiki-native.a(uip-ds6.o)
 .data          0x0000000000217138        0x0 contiki-native.a(uip-ds6-route.o)
 *fill*         0x0000000000217138        0x8 
 .data.rel.local
                0x0000000000217140       0x38 contiki-native.a(uip-ds6-route.o)
 .data          0x0000000000217178        0x0 contiki-native.a(contiki-main.o)
 *fill*         0x0000000000217178        0x8 
 .data.rel      0x0000000000217180       0x20 contiki-native.a(contiki-main.o)
                0x0000000000217180                sensors
 .data          0x00000000002171a0        0x0 contiki-native.a(clock.o)
 .data          0x00000000002171a0        0x0 contiki-native.a(leds.o)
 .data          0x00000000002171a0        0x0 contiki-native.a(leds-arch.o)
 .data          0x00000000002171a0        0x0 contiki-native.a(button-sensor.o)
 .data          0x00000000002171a0        0x0 contiki-native.a(pir-sensor.o)
 .data          0x00000000002171a0        0x0 contiki-native.a(vib-sensor.o)
 .data          0x00000000002171a0        0x0 contiki-native.a(sensors.o)
 .data.rel.local
                0x00000000002171a0       0x20 contiki-native.a(sensors.o)
                0x00000000002171a0                sensors_process
 .data          0x00000000002171c0        0x0 contiki-native.a(rimeaddr.o)
 .data          0x00000000002171c0        0x0 contiki-native.a(nullmac.o)
 .data          0x00000000002171c0        0x0 contiki-native.a(nullrdc.o)
 .data          0x00000000002171c0        0x0 contiki-native.a(mac.o)
 .data          0x00000000002171c0        0x0 contiki-native.a(framer-802154.o)
 .data          0x00000000002171c0        0x0 contiki-native.a(rpl.o)
 .data          0x00000000002171c0        0x0 contiki-native.a(rpl-ext-header.)
 .data          0x00000000002171c0        0x0 contiki-native.a(process.o)
 .data          0x00000000002171c0        0x0 contiki-native.a(autostart.o)
 .data          0x00000000002171c0        0x0 contiki-native.a(serial-line.o)
 .data.rel.local
                0x00000000002171c0       0x20 contiki-native.a(serial-line.o)
                0x00000000002171c0                serial_line_process
 .data          0x00000000002171e0        0x0 contiki-native.a(timer.o)
 .data          0x00000000002171e0        0x0 contiki-native.a(ringbuf.o)
 .data          0x00000000002171e0        0x0 contiki-native.a(netstack.o)
 .data          0x00000000002171e0        0x0 contiki-native.a(queuebuf.o)
 .data.rel.local
                0x00000000002171e0       0x58 contiki-native.a(queuebuf.o)
 .data          0x0000000000217238        0x0 contiki-native.a(sicslowpan.o)
 .data          0x0000000000217238        0x0 contiki-native.a(neighbor-info.o)
 *fill*         0x0000000000217238        0x8 
 .data.rel.local
                0x0000000000217240       0x40 contiki-native.a(neighbor-info.o)
                0x0000000000217240                attr_timestamp
                0x0000000000217260                attr_etx
 .data          0x0000000000217280        0x0 contiki-native.a(nullradio.o)
 .data          0x0000000000217280        0x0 contiki-native.a(watchdog.o)
 .data          0x0000000000217280        0x0 contiki-native.a(frame802154.o)
 .data          0x0000000000217280        0x0 contiki-native.a(neighbor-attr.o)
 .data.rel.local
                0x0000000000217280       0x18 contiki-native.a(neighbor-attr.o)
 .data          0x0000000000217298        0x0 /usr/lib/x86_64-linux-gnu/libc_nonshared.a(elf-init.oS)
 .data          0x0000000000217298        0x0 /usr/lib/gcc/x86_64-linux-gnu/7/crtendS.o
 .data          0x0000000000217298        0x0 /usr/lib/gcc/x86_64-linux-gnu/7/../../../x86_64-linux-gnu/crtn.o

.tm_clone_table
                0x0000000000217298        0x0
 .tm_clone_table
                0x0000000000217298        0x0 /usr/lib/gcc/x86_64-linux-gnu/7/crtbeginS.o
 .tm_clone_table
                0x0000000000217298        0x0 /usr/lib/gcc/x86_64-linux-gnu/7/crtendS.o

.data1
 *(.data1)
                0x0000000000217298                _edata = .
                [!provide]                        PROVIDE (edata = .)
                0x0000000000217298                . = .
                0x0000000000217298                __bss_start = .

.bss            0x00000000002172a0     0x44d8
 *(.dynbss)
 .dynbss        0x00000000002172a0        0x8 /usr/lib/gcc/x86_64-linux-gnu/7/../../../x86_64-linux-gnu/Scrt1.o
                0x00000000002172a0                stdout@@GLIBC_2.2.5
 *(.bss .bss.* .gnu.linkonce.b.*)
 .bss           0x00000000002172a8        0x0 /usr/lib/gcc/x86_64-linux-gnu/7/../../../x86_64-linux-gnu/Scrt1.o
 .bss           0x00000000002172a8        0x0 /usr/lib/gcc/x86_64-linux-gnu/7/../../../x86_64-linux-gnu/crti.o
 .bss           0x00000000002172a8        0x1 /usr/lib/gcc/x86_64-linux-gnu/7/crtbeginS.o
 *fill*         0x00000000002172a9       0x17 
 .bss           0x00000000002172c0       0xa0 server.co
 .bss           0x0000000000217360       0x40 obj_native/ping6.o
 .bss           0x00000000002173a0      0x350 contiki-native.a(rpl-dag.o)
 *fill*         0x00000000002176f0       0x10 
 .bss           0x0000000000217700       0xc0 contiki-native.a(rpl-icmp6.o)
 .bss           0x00000000002177c0       0x60 contiki-native.a(rpl-timers.o)
 .bss           0x0000000000217820        0x0 contiki-native.a(rpl-of-etx.o)
 .bss           0x0000000000217820        0x0 contiki-native.a(memb.o)
 .bss           0x0000000000217820        0x0 contiki-native.a(list.o)
 .bss           0x0000000000217820       0x10 contiki-native.a(etimer.o)
 .bss           0x0000000000217830       0x10 contiki-native.a(ctimer.o)
 .bss           0x0000000000217840        0x0 contiki-native.a(stimer.o)
 .bss           0x0000000000217840        0x0 contiki-native.a(random.o)
 .bss           0x0000000000217840        0x0 contiki-native.a(uip-debug.o)
 .bss           0x0000000000217840       0xd8 contiki-native.a(packetbuf.o)
 .bss           0x0000000000217918        0xd contiki-native.a(uip6.o)
                0x0000000000217918                uip_ext_opt_offset
                0x0000000000217919                uip_ext_len
                0x000000000021791a                uip_ext_bitmap
 *fill*         0x0000000000217925       0x1b 
 .bss           0x0000000000217940      0x300 contiki-native.a(tcpip.o)
 .bss           0x0000000000217c40        0x0 contiki-native.a(uip-udp-packet.)
 .bss           0x0000000000217c40       0x10 contiki-native.a(uip-icmp6.o)
 .bss           0x0000000000217c50       0x19 contiki-native.a(uip-nd6.o)
 *fill*         0x0000000000217c69       0x17 
 .bss           0x0000000000217c80      0x3f2 contiki-native.a(uip-packetqueue)
 *fill*         0x0000000000218072        0xe 
 .bss           0x0000000000218080       0x40 contiki-native.a(uip-ds6.o)
 .bss           0x00000000002180c0      0x938 contiki-native.a(uip-ds6-route.o)
 *fill*         0x00000000002189f8        0x8 
 .bss           0x0000000000218a00       0x60 contiki-native.a(contiki-main.o)
                0x0000000000218a00                contiki_argc
 .bss           0x0000000000218a60        0x0 contiki-native.a(clock.o)
 .bss           0x0000000000218a60        0x2 contiki-native.a(leds.o)
 .bss           0x0000000000218a62        0x1 contiki-native.a(leds-arch.o)
 .bss           0x0000000000218a63        0x0 contiki-native.a(button-sensor.o)
 *fill*         0x0000000000218a63        0x1 
 .bss           0x0000000000218a64        0x4 contiki-native.a(pir-sensor.o)
 .bss           0x0000000000218a68        0x4 contiki-native.a(vib-sensor.o)
 .bss           0x0000000000218a6c        0x9 contiki-native.a(sensors.o)
 .bss           0x0000000000218a75        0x0 contiki-native.a(rimeaddr.o)
 .bss           0x0000000000218a75        0x0 contiki-native.a(nullmac.o)
 .bss           0x0000000000218a75        0x0 contiki-native.a(nullrdc.o)
 .bss           0x0000000000218a75        0x0 contiki-native.a(mac.o)
 *fill*         0x0000000000218a75        0xb 
 .bss           0x0000000000218a80       0x6a contiki-native.a(framer-802154.o)
 *fill*         0x0000000000218aea        0x6 
 .bss           0x0000000000218af0       0x20 contiki-native.a(rpl.o)
 .bss           0x0000000000218b10        0x0 contiki-native.a(rpl-ext-header.)
 *fill*         0x0000000000218b10       0x10 
 .bss           0x0000000000218b20      0x343 contiki-native.a(process.o)
                0x0000000000218b20                process_current
                0x0000000000218b28                process_list
 .bss           0x0000000000218e63        0x0 contiki-native.a(autostart.o)
 *fill*         0x0000000000218e63       0x1d 
 .bss           0x0000000000218e80      0x150 contiki-native.a(serial-line.o)
 .bss           0x0000000000218fd0        0x0 contiki-native.a(timer.o)
 .bss           0x0000000000218fd0        0x0 contiki-native.a(ringbuf.o)
 .bss           0x0000000000218fd0        0x0 contiki-native.a(netstack.o)
 *fill*         0x0000000000218fd0       0x10 
 .bss           0x0000000000218fe0      0x788 contiki-native.a(queuebuf.o)
 *fill*         0x0000000000219768       0x18 
 .bss           0x0000000000219780      0x218 contiki-native.a(sicslowpan.o)
 *fill*         0x0000000000219998        0x8 
 .bss           0x00000000002199a0       0x8c contiki-native.a(neighbor-info.o)
 .bss           0x0000000000219a2c        0x0 contiki-native.a(nullradio.o)
 .bss           0x0000000000219a2c        0x0 contiki-native.a(watchdog.o)
 *fill*         0x0000000000219a2c        0x4 
 .bss           0x0000000000219a30        0xd contiki-native.a(frame802154.o)
 *fill*         0x0000000000219a3d        0x3 
 .bss           0x0000000000219a40      0x18e contiki-native.a(neighbor-attr.o)
 .bss           0x0000000000219bce        0x0 /usr/lib/x86_64-linux-gnu/libc_nonshared.a(elf-init.oS)
 .bss           0x0000000000219bce        0x0 /usr/lib/gcc/x86_64-linux-gnu/7/crtendS.o
 .bss           0x0000000000219bce        0x0 /usr/lib/gcc/x86_64-linux-gnu/7/../../../x86_64-linux-gnu/crtn.o
 *(COMMON)
 *fill*         0x0000000000219bce       0x12 
 COMMON         0x0000000000219be0      0x190 contiki-native.a(rpl-dag.o)
                0x0000000000219be0                default_instance
                0x0000000000219c00                instance_table
 *fill*         0x0000000000219d70       0x10 
 COMMON         0x0000000000219d80       0x60 contiki-native.a(packetbuf.o)
                0x0000000000219d80                packetbuf_attrs
                0x0000000000219dc0                packetbuf_addrs
 COMMON         0x0000000000219de0      0xd38 contiki-native.a(uip6.o)
                0x0000000000219de0                uip_slen
                0x0000000000219de2                uip_acc32
                0x0000000000219e00                uip_conns
                0x000000000021a6c0                uip_icmp6_conns
                0x000000000021a6d0                uip_lladdr
                0x000000000021a6d8                uip_appdata
                0x000000000021a6e0                uip_flags
                0x000000000021a700                uip_aligned_buf
                0x000000000021a8c0                uip_listenports
                0x000000000021a910                uip_len
                0x000000000021a918                uip_sappdata
                0x000000000021a920                uip_udp_conns
                0x000000000021ab00                uip_udp_conn
                0x000000000021ab08                uip_next_hdr
                0x000000000021ab10                uip_conn
 COMMON         0x000000000021ab18        0x2 contiki-native.a(tcpip.o)
                0x000000000021ab18                tcpip_icmp6_event
                0x000000000021ab19                tcpip_event
 *fill*         0x000000000021ab1a        0x6 
 COMMON         0x000000000021ab20      0xc30 contiki-native.a(uip-ds6.o)
                0x000000000021ab20                uip_ds6_prefix_list
                0x000000000021ab80                uip_ds6_timer_periodic
                0x000000000021aba0                uip_ds6_netif_addr_list_offset
                0x000000000021abc0                uip_ds6_if
                0x000000000021acd0                uip_ds6_timer_ra
                0x000000000021ace0                uip_ds6_addr_size
                0x000000000021ad00                uip_ds6_nbr_cache
 COMMON         0x000000000021b750        0xc contiki-native.a(contiki-main.o)
                0x000000000021b750                contiki_argv
                0x000000000021b758                sensors_flags
 COMMON         0x000000000021b75c        0x1 contiki-native.a(sensors.o)
                0x000000000021b75c                sensors_event
 *fill*         0x000000000021b75d        0x3 
 COMMON         0x000000000021b760        0x8 contiki-native.a(rimeaddr.o)
                0x000000000021b760                rimeaddr_node_addr
 COMMON         0x000000000021b768        0x1 contiki-native.a(serial-line.o)
                0x000000000021b768                serial_line_event_message
 *fill*         0x000000000021b769        0x7 
 COMMON         0x000000000021b770        0x8 contiki-native.a(sicslowpan.o)
                0x000000000021b770                frag_sender
                0x000000000021b778                . = ALIGN ((. != 0x0)?0x8:0x1)

.lbss
 *(.dynlbss)
 *(.lbss .lbss.* .gnu.linkonce.lb.*)
 *(LARGE_COMMON)
                0x000000000021b778                . = ALIGN (0x8)
                0x000000000021b778                . = SEGMENT_START ("ldata-segment", .)

.lrodata
 *(.lrodata .lrodata.* .gnu.linkonce.lr.*)

.ldata          0x000000000061b778        0x0
 *(.ldata .ldata.* .gnu.linkonce.l.*)
                0x000000000061b778                . = ALIGN ((. != 0x0)?0x8:0x1)
                0x000000000061b778                . = ALIGN (0x8)
                0x000000000061b778                _end = .
                [!provide]                        PROVIDE (end = .)
                0x000000000061b778                . = DATA_SEGMENT_END (.)

.stab
 *(.stab)

.stabstr
 *(.stabstr)

.stab.excl
 *(.stab.excl)

.stab.exclstr
 *(.stab.exclstr)

.stab.index
 *(.stab.index)

.stab.indexstr
 *(.stab.indexstr)

.comment        0x0000000000000000       0x29
 *(.comment)
 .comment       0x0000000000000000       0x29 /usr/lib/gcc/x86_64-linux-gnu/7/crtbeginS.o
                                         0x2a (size before relaxing)
 .comment       0x0000000000000029       0x2a server.co
 .comment       0x0000000000000029       0x2a obj_native/ping6.o
 .comment       0x0000000000000029       0x2a contiki-native.a(rpl-dag.o)
 .comment       0x0000000000000029       0x2a contiki-native.a(rpl-icmp6.o)
 .comment       0x0000000000000029       0x2a contiki-native.a(rpl-timers.o)
 .comment       0x0000000000000029       0x2a contiki-native.a(rpl-of-etx.o)
 .comment       0x0000000000000029       0x2a contiki-native.a(memb.o)
 .comment       0x0000000000000029       0x2a contiki-native.a(list.o)
 .comment       0x0000000000000029       0x2a contiki-native.a(etimer.o)
 .comment       0x0000000000000029       0x2a contiki-native.a(ctimer.o)
 .comment       0x0000000000000029       0x2a contiki-native.a(stimer.o)
 .comment       0x0000000000000029       0x2a contiki-native.a(random.o)
 .comment       0x0000000000000029       0x2a contiki-native.a(uip-debug.o)
 .comment       0x0000000000000029       0x2a contiki-native.a(packetbuf.o)
 .comment       0x0000000000000029       0x2a contiki-native.a(uip6.o)
 .comment       0x0000000000000029       0x2a contiki-native.a(tcpip.o)
 .comment       0x0000000000000029       0x2a contiki-native.a(uip-udp-packet.)
 .comment       0x0000000000000029       0x2a contiki-native.a(uip-icmp6.o)
 .comment       0x0000000000000029       0x2a contiki-native.a(uip-nd6.o)
 .comment       0x0000000000000029       0x2a contiki-native.a(uip-packetqueue)
 .comment       0x0000000000000029       0x2a contiki-native.a(uip-ds6.o)
 .comment       0x0000000000000029       0x2a contiki-native.a(uip-ds6-route.o)
 .comment       0x0000000000000029       0x2a contiki-native.a(contiki-main.o)
 .comment       0x0000000000000029       0x2a contiki-native.a(clock.o)
 .comment       0x0000000000000029       0x2a contiki-native.a(leds.o)
 .comment       0x0000000000000029       0x2a contiki-native.a(leds-arch.o)
 .comment       0x0000000000000029       0x2a contiki-native.a(button-sensor.o)
 .comment       0x0000000000000029       0x2a contiki-native.a(pir-sensor.o)
 .comment       0x0000000000000029       0x2a contiki-native.a(vib-sensor.o)
 .comment       0x0000000000000029       0x2a contiki-native.a(sensors.o)
 .comment       0x0000000000000029       0x2a contiki-native.a(rimeaddr.o)
 .comment       0x0000000000000029       0x2a contiki-native.a(nullmac.o)
 .comment       0x0000000000000029       0x2a contiki-native.a(nullrdc.o)
 .comment       0x0000000000000029       0x2a contiki-native.a(mac.o)
 .comment       0x0000000000000029       0x2a contiki-native.a(framer-802154.o)
 .comment       0x0000000000000029       0x2a contiki-native.a(rpl.o)
 .comment       0x0000000000000029       0x2a contiki-native.a(rpl-ext-header.)
 .comment       0x0000000000000029       0x2a contiki-native.a(process.o)
 .comment       0x0000000000000029       0x2a contiki-native.a(autostart.o)
 .comment       0x0000000000000029       0x2a contiki-native.a(serial-line.o)
 .comment       0x0000000000000029       0x2a contiki-native.a(timer.o)
 .comment       0x0000000000000029       0x2a contiki-native.a(ringbuf.o)
 .comment       0x0000000000000029       0x2a contiki-native.a(netstack.o)
 .comment       0x0000000000000029       0x2a contiki-native.a(queuebuf.o)
 .comment       0x0000000000000029       0x2a contiki-native.a(sicslowpan.o)
 .comment       0x0000000000000029       0x2a contiki-native.a(neighbor-info.o)
 .comment       0x0000000000000029       0x2a contiki-native.a(nullradio.o)
 .comment       0x0000000000000029       0x2a contiki-native.a(watchdog.o)
 .comment       0x0000000000000029       0x2a contiki-native.a(frame802154.o)
 .comment       0x0000000000000029       0x2a contiki-native.a(neighbor-attr.o)
 .comment       0x0000000000000029       0x2a /usr/lib/gcc/x86_64-linux-gnu/7/crtendS.o

.debug
 *(.debug)

.line
 *(.line)

.debug_srcinfo
 *(.debug_srcinfo)

.debug_sfnames
 *(.debug_sfnames)

.debug_aranges  0x0000000000000000      0x960
 *(.debug_aranges)
 .debug_aranges
                0x0000000000000000       0x30 server.co
 .debug_aranges
                0x0000000000000030       0x30 obj_native/ping6.o
 .debug_aranges
                0x0000000000000060       0x30 contiki-native.a(rpl-dag.o)
 .debug_aranges
                0x0000000000000090       0x30 contiki-native.a(rpl-icmp6.o)
 .debug_aranges
                0x00000000000000c0       0x30 contiki-native.a(rpl-timers.o)
 .debug_aranges
                0x00000000000000f0       0x30 contiki-native.a(rpl-of-etx.o)
 .debug_aranges
                0x0000000000000120       0x30 contiki-native.a(memb.o)
 .debug_aranges
                0x0000000000000150       0x30 contiki-native.a(list.o)
 .debug_aranges
                0x0000000000000180       0x30 contiki-native.a(etimer.o)
 .debug_aranges
                0x00000000000001b0       0x30 contiki-native.a(ctimer.o)
 .debug_aranges
                0x00000000000001e0       0x30 contiki-native.a(stimer.o)
 .debug_aranges
                0x0000000000000210       0x30 contiki-native.a(random.o)
 .debug_aranges
                0x0000000000000240       0x30 contiki-native.a(uip-debug.o)
 .debug_aranges
                0x0000000000000270       0x30 contiki-native.a(packetbuf.o)
 .debug_aranges
                0x00000000000002a0       0x30 contiki-native.a(uip6.o)
 .debug_aranges
                0x00000000000002d0       0x30 contiki-native.a(tcpip.o)
 .debug_aranges
                0x0000000000000300       0x30 contiki-native.a(uip-udp-packet.)
 .debug_aranges
                0x0000000000000330       0x30 contiki-native.a(uip-icmp6.o)
 .debug_aranges
                0x0000000000000360       0x30 contiki-native.a(uip-nd6.o)
 .debug_aranges
                0x0000000000000390       0x30 contiki-native.a(uip-packetqueue)
 .debug_aranges
                0x00000000000003c0       0x30 contiki-native.a(uip-ds6.o)
 .debug_aranges
                0x00000000000003f0       0x30 contiki-native.a(uip-ds6-route.o)
 .debug_aranges
                0x0000000000000420       0x30 contiki-native.a(contiki-main.o)
 .debug_aranges
                0x0000000000000450       0x30 contiki-native.a(clock.o)
 .debug_aranges
                0x0000000000000480       0x30 contiki-native.a(leds.o)
 .debug_aranges
                0x00000000000004b0       0x30 contiki-native.a(leds-arch.o)
 .debug_aranges
                0x00000000000004e0       0x30 contiki-native.a(button-sensor.o)
 .debug_aranges
                0x0000000000000510       0x30 contiki-native.a(pir-sensor.o)
 .debug_aranges
                0x0000000000000540       0x30 contiki-native.a(vib-sensor.o)
 .debug_aranges
                0x0000000000000570       0x30 contiki-native.a(sensors.o)
 .debug_aranges
                0x00000000000005a0       0x30 contiki-native.a(rimeaddr.o)
 .debug_aranges
                0x00000000000005d0       0x30 contiki-native.a(nullmac.o)
 .debug_aranges
                0x0000000000000600       0x30 contiki-native.a(nullrdc.o)
 .debug_aranges
                0x0000000000000630       0x30 contiki-native.a(mac.o)
 .debug_aranges
                0x0000000000000660       0x30 contiki-native.a(framer-802154.o)
 .debug_aranges
                0x0000000000000690       0x30 contiki-native.a(rpl.o)
 .debug_aranges
                0x00000000000006c0       0x30 contiki-native.a(rpl-ext-header.)
 .debug_aranges
                0x00000000000006f0       0x30 contiki-native.a(process.o)
 .debug_aranges
                0x0000000000000720       0x30 contiki-native.a(autostart.o)
 .debug_aranges
                0x0000000000000750       0x30 contiki-native.a(serial-line.o)
 .debug_aranges
                0x0000000000000780       0x30 contiki-native.a(timer.o)
 .debug_aranges
                0x00000000000007b0       0x30 contiki-native.a(ringbuf.o)
 .debug_aranges
                0x00000000000007e0       0x30 contiki-native.a(netstack.o)
 .debug_aranges
                0x0000000000000810       0x30 contiki-native.a(queuebuf.o)
 .debug_aranges
                0x0000000000000840       0x30 contiki-native.a(sicslowpan.o)
 .debug_aranges
                0x0000000000000870       0x30 contiki-native.a(neighbor-info.o)
 .debug_aranges
                0x00000000000008a0       0x30 contiki-native.a(nullradio.o)
 .debug_aranges
                0x00000000000008d0       0x30 contiki-native.a(watchdog.o)
 .debug_aranges
                0x0000000000000900       0x30 contiki-native.a(frame802154.o)
 .debug_aranges
                0x0000000000000930       0x30 contiki-native.a(neighbor-attr.o)

.debug_pubnames
 *(.debug_pubnames)

.debug_info     0x0000000000000000    0x2887c
 *(.debug_info .gnu.linkonce.wi.*)
 .debug_info    0x0000000000000000     0x1f2a server.co
 .debug_info    0x0000000000001f2a     0x1794 obj_native/ping6.o
 .debug_info    0x00000000000036be     0x30fd contiki-native.a(rpl-dag.o)
 .debug_info    0x00000000000067bb     0x231a contiki-native.a(rpl-icmp6.o)
 .debug_info    0x0000000000008ad5     0x1499 contiki-native.a(rpl-timers.o)
 .debug_info    0x0000000000009f6e     0x13fe contiki-native.a(rpl-of-etx.o)
 .debug_info    0x000000000000b36c      0x395 contiki-native.a(memb.o)
 .debug_info    0x000000000000b701      0x3b3 contiki-native.a(list.o)
 .debug_info    0x000000000000bab4      0x6ac contiki-native.a(etimer.o)
 .debug_info    0x000000000000c160      0x761 contiki-native.a(ctimer.o)
 .debug_info    0x000000000000c8c1      0x1ff contiki-native.a(stimer.o)
 .debug_info    0x000000000000cac0      0x108 contiki-native.a(random.o)
 .debug_info    0x000000000000cbc8      0xa1d contiki-native.a(uip-debug.o)
 .debug_info    0x000000000000d5e5     0x1704 contiki-native.a(packetbuf.o)
 .debug_info    0x000000000000ece9     0x1cee contiki-native.a(uip6.o)
 .debug_info    0x00000000000109d7     0x2192 contiki-native.a(tcpip.o)
 .debug_info    0x0000000000012b69      0x791 contiki-native.a(uip-udp-packet.)
 .debug_info    0x00000000000132fa      0xc51 contiki-native.a(uip-icmp6.o)
 .debug_info    0x0000000000013f4b     0x139e contiki-native.a(uip-nd6.o)
 .debug_info    0x00000000000152e9      0xbe6 contiki-native.a(uip-packetqueue)
 .debug_info    0x0000000000015ecf     0x1d9c contiki-native.a(uip-ds6.o)
 .debug_info    0x0000000000017c6b     0x197f contiki-native.a(uip-ds6-route.o)
 .debug_info    0x00000000000195ea     0x1ae0 contiki-native.a(contiki-main.o)
 .debug_info    0x000000000001b0ca      0x22a contiki-native.a(clock.o)
 .debug_info    0x000000000001b2f4      0x2e5 contiki-native.a(leds.o)
 .debug_info    0x000000000001b5d9       0xa9 contiki-native.a(leds-arch.o)
 .debug_info    0x000000000001b682      0x302 contiki-native.a(button-sensor.o)
 .debug_info    0x000000000001b984      0x324 contiki-native.a(pir-sensor.o)
 .debug_info    0x000000000001bca8      0x315 contiki-native.a(vib-sensor.o)
 .debug_info    0x000000000001bfbd      0x4da contiki-native.a(sensors.o)
 .debug_info    0x000000000001c497      0x1d1 contiki-native.a(rimeaddr.o)
 .debug_info    0x000000000001c668      0x4dd contiki-native.a(nullmac.o)
 .debug_info    0x000000000001cb45      0x780 contiki-native.a(nullrdc.o)
 .debug_info    0x000000000001d2c5      0x140 contiki-native.a(mac.o)
 .debug_info    0x000000000001d405      0x814 contiki-native.a(framer-802154.o)
 .debug_info    0x000000000001dc19     0x182a contiki-native.a(rpl.o)
 .debug_info    0x000000000001f443     0x14df contiki-native.a(rpl-ext-header.)
 .debug_info    0x0000000000020922      0x929 contiki-native.a(process.o)
 .debug_info    0x000000000002124b      0x222 contiki-native.a(autostart.o)
 .debug_info    0x000000000002146d      0x4c2 contiki-native.a(serial-line.o)
 .debug_info    0x000000000002192f      0x1dd contiki-native.a(timer.o)
 .debug_info    0x0000000000021b0c      0x1d9 contiki-native.a(ringbuf.o)
 .debug_info    0x0000000000021ce5      0x39f contiki-native.a(netstack.o)
 .debug_info    0x0000000000022084     0x170f contiki-native.a(queuebuf.o)
 .debug_info    0x0000000000023793     0x2611 contiki-native.a(sicslowpan.o)
 .debug_info    0x0000000000025da4     0x1268 contiki-native.a(neighbor-info.o)
 .debug_info    0x000000000002700c      0x307 contiki-native.a(nullradio.o)
 .debug_info    0x0000000000027313      0x11d contiki-native.a(watchdog.o)
 .debug_info    0x0000000000027430      0x682 contiki-native.a(frame802154.o)
 .debug_info    0x0000000000027ab2      0xdca contiki-native.a(neighbor-attr.o)

.debug_abbrev   0x0000000000000000     0x74c6
 *(.debug_abbrev)
 .debug_abbrev  0x0000000000000000      0x3cd server.co
 .debug_abbrev  0x00000000000003cd      0x326 obj_native/ping6.o
 .debug_abbrev  0x00000000000006f3      0x50c contiki-native.a(rpl-dag.o)
 .debug_abbrev  0x0000000000000bff      0x46f contiki-native.a(rpl-icmp6.o)
 .debug_abbrev  0x000000000000106e      0x255 contiki-native.a(rpl-timers.o)
 .debug_abbrev  0x00000000000012c3      0x2ae contiki-native.a(rpl-of-etx.o)
 .debug_abbrev  0x0000000000001571      0x1e2 contiki-native.a(memb.o)
 .debug_abbrev  0x0000000000001753      0x189 contiki-native.a(list.o)
 .debug_abbrev  0x00000000000018dc      0x272 contiki-native.a(etimer.o)
 .debug_abbrev  0x0000000000001b4e      0x213 contiki-native.a(ctimer.o)
 .debug_abbrev  0x0000000000001d61       0xd0 contiki-native.a(stimer.o)
 .debug_abbrev  0x0000000000001e31       0xa2 contiki-native.a(random.o)
 .debug_abbrev  0x0000000000001ed3      0x25c contiki-native.a(uip-debug.o)
 .debug_abbrev  0x000000000000212f      0x3fd contiki-native.a(packetbuf.o)
 .debug_abbrev  0x000000000000252c      0x3b2 contiki-native.a(uip6.o)
 .debug_abbrev  0x00000000000028de      0x4b3 contiki-native.a(tcpip.o)
 .debug_abbrev  0x0000000000002d91      0x23f contiki-native.a(uip-udp-packet.)
 .debug_abbrev  0x0000000000002fd0      0x259 contiki-native.a(uip-icmp6.o)
 .debug_abbrev  0x0000000000003229      0x33a contiki-native.a(uip-nd6.o)
 .debug_abbrev  0x0000000000003563      0x271 contiki-native.a(uip-packetqueue)
 .debug_abbrev  0x00000000000037d4      0x340 contiki-native.a(uip-ds6.o)
 .debug_abbrev  0x0000000000003b14      0x32c contiki-native.a(uip-ds6-route.o)
 .debug_abbrev  0x0000000000003e40      0x405 contiki-native.a(contiki-main.o)
 .debug_abbrev  0x0000000000004245      0x11e contiki-native.a(clock.o)
 .debug_abbrev  0x0000000000004363       0xf4 contiki-native.a(leds.o)
 .debug_abbrev  0x0000000000004457       0x89 contiki-native.a(leds-arch.o)
 .debug_abbrev  0x00000000000044e0      0x171 contiki-native.a(button-sensor.o)
 .debug_abbrev  0x0000000000004651      0x19e contiki-native.a(pir-sensor.o)
 .debug_abbrev  0x00000000000047ef      0x18f contiki-native.a(vib-sensor.o)
 .debug_abbrev  0x000000000000497e      0x28e contiki-native.a(sensors.o)
 .debug_abbrev  0x0000000000004c0c      0x132 contiki-native.a(rimeaddr.o)
 .debug_abbrev  0x0000000000004d3e      0x1bd contiki-native.a(nullmac.o)
 .debug_abbrev  0x0000000000004efb      0x253 contiki-native.a(nullrdc.o)
 .debug_abbrev  0x000000000000514e       0xbf contiki-native.a(mac.o)
 .debug_abbrev  0x000000000000520d      0x1ee contiki-native.a(framer-802154.o)
 .debug_abbrev  0x00000000000053fb      0x2b0 contiki-native.a(rpl.o)
 .debug_abbrev  0x00000000000056ab      0x32f contiki-native.a(rpl-ext-header.)
 .debug_abbrev  0x00000000000059da      0x32e contiki-native.a(process.o)
 .debug_abbrev  0x0000000000005d08      0x146 contiki-native.a(autostart.o)
 .debug_abbrev  0x0000000000005e4e      0x21a contiki-native.a(serial-line.o)
 .debug_abbrev  0x0000000000006068       0xec contiki-native.a(timer.o)
 .debug_abbrev  0x0000000000006154       0xce contiki-native.a(ringbuf.o)
 .debug_abbrev  0x0000000000006222       0xdd contiki-native.a(netstack.o)
 .debug_abbrev  0x00000000000062ff      0x33a contiki-native.a(queuebuf.o)
 .debug_abbrev  0x0000000000006639      0x48d contiki-native.a(sicslowpan.o)
 .debug_abbrev  0x0000000000006ac6      0x321 contiki-native.a(neighbor-info.o)
 .debug_abbrev  0x0000000000006de7      0x167 contiki-native.a(nullradio.o)
 .debug_abbrev  0x0000000000006f4e       0x84 contiki-native.a(watchdog.o)
 .debug_abbrev  0x0000000000006fd2      0x214 contiki-native.a(frame802154.o)
 .debug_abbrev  0x00000000000071e6      0x2e0 contiki-native.a(neighbor-attr.o)

.debug_line     0x0000000000000000     0x7831
 *(.debug_line .debug_line.* .debug_line_end)
 .debug_line    0x0000000000000000      0x47e server.co
 .debug_line    0x000000000000047e      0x3da obj_native/ping6.o
 .debug_line    0x0000000000000858      0x72f contiki-native.a(rpl-dag.o)
 .debug_line    0x0000000000000f87      0x4fd contiki-native.a(rpl-icmp6.o)
 .debug_line    0x0000000000001484      0x2b9 contiki-native.a(rpl-timers.o)
 .debug_line    0x000000000000173d      0x305 contiki-native.a(rpl-of-etx.o)
 .debug_line    0x0000000000001a42      0x197 contiki-native.a(memb.o)
 .debug_line    0x0000000000001bd9       0xf3 contiki-native.a(list.o)
 .debug_line    0x0000000000001ccc      0x178 contiki-native.a(etimer.o)
 .debug_line    0x0000000000001e44      0x17f contiki-native.a(ctimer.o)
 .debug_line    0x0000000000001fc3       0x98 contiki-native.a(stimer.o)
 .debug_line    0x000000000000205b       0x6c contiki-native.a(random.o)
 .debug_line    0x00000000000020c7      0x1e9 contiki-native.a(uip-debug.o)
 .debug_line    0x00000000000022b0      0x3a2 contiki-native.a(packetbuf.o)
 .debug_line    0x0000000000002652      0x7eb contiki-native.a(uip6.o)
 .debug_line    0x0000000000002e3d      0x517 contiki-native.a(tcpip.o)
 .debug_line    0x0000000000003354      0x189 contiki-native.a(uip-udp-packet.)
 .debug_line    0x00000000000034dd      0x2c0 contiki-native.a(uip-icmp6.o)
 .debug_line    0x000000000000379d      0x46f contiki-native.a(uip-nd6.o)
 .debug_line    0x0000000000003c0c      0x21a contiki-native.a(uip-packetqueue)
 .debug_line    0x0000000000003e26      0x4b4 contiki-native.a(uip-ds6.o)
 .debug_line    0x00000000000042da      0x31e contiki-native.a(uip-ds6-route.o)
 .debug_line    0x00000000000045f8      0x4ef contiki-native.a(contiki-main.o)
 .debug_line    0x0000000000004ae7      0x124 contiki-native.a(clock.o)
 .debug_line    0x0000000000004c0b       0xb6 contiki-native.a(leds.o)
 .debug_line    0x0000000000004cc1       0x63 contiki-native.a(leds-arch.o)
 .debug_line    0x0000000000004d24      0x110 contiki-native.a(button-sensor.o)
 .debug_line    0x0000000000004e34      0x10b contiki-native.a(pir-sensor.o)
 .debug_line    0x0000000000004f3f      0x10b contiki-native.a(vib-sensor.o)
 .debug_line    0x000000000000504a      0x154 contiki-native.a(sensors.o)
 .debug_line    0x000000000000519e       0xd6 contiki-native.a(rimeaddr.o)
 .debug_line    0x0000000000005274      0x10d contiki-native.a(nullmac.o)
 .debug_line    0x0000000000005381      0x19c contiki-native.a(nullrdc.o)
 .debug_line    0x000000000000551d       0x7a contiki-native.a(mac.o)
 .debug_line    0x0000000000005597      0x208 contiki-native.a(framer-802154.o)
 .debug_line    0x000000000000579f      0x347 contiki-native.a(rpl.o)
 .debug_line    0x0000000000005ae6      0x345 contiki-native.a(rpl-ext-header.)
 .debug_line    0x0000000000005e2b      0x1fc contiki-native.a(process.o)
 .debug_line    0x0000000000006027       0xb1 contiki-native.a(autostart.o)
 .debug_line    0x00000000000060d8      0x17d contiki-native.a(serial-line.o)
 .debug_line    0x0000000000006255       0xbe contiki-native.a(timer.o)
 .debug_line    0x0000000000006313       0xd0 contiki-native.a(ringbuf.o)
 .debug_line    0x00000000000063e3       0xcc contiki-native.a(netstack.o)
 .debug_line    0x00000000000064af      0x322 contiki-native.a(queuebuf.o)
 .debug_line    0x00000000000067d1      0x77d contiki-native.a(sicslowpan.o)
 .debug_line    0x0000000000006f4e      0x2cf contiki-native.a(neighbor-info.o)
 .debug_line    0x000000000000721d       0x94 contiki-native.a(nullradio.o)
 .debug_line    0x00000000000072b1       0x76 contiki-native.a(watchdog.o)
 .debug_line    0x0000000000007327      0x22a contiki-native.a(frame802154.o)
 .debug_line    0x0000000000007551      0x2e0 contiki-native.a(neighbor-attr.o)

.debug_frame
 *(.debug_frame)

.debug_str      0x0000000000000000     0x4053
 *(.debug_str)
 .debug_str     0x0000000000000000      0xcff server.co
                                        0xf5a (size before relaxing)
 .debug_str     0x0000000000000cff       0xeb obj_native/ping6.o
                                        0xbe6 (size before relaxing)
 .debug_str     0x0000000000000dea      0x522 contiki-native.a(rpl-dag.o)
                                       0x10fd (size before relaxing)
 .debug_str     0x000000000000130c      0x55b contiki-native.a(rpl-icmp6.o)
                                       0x11c0 (size before relaxing)
 .debug_str     0x0000000000001867      0x103 contiki-native.a(rpl-timers.o)
                                        0xc2b (size before relaxing)
 .debug_str     0x000000000000196a       0x8f contiki-native.a(rpl-of-etx.o)
                                        0xc42 (size before relaxing)
 .debug_str     0x00000000000019f9       0x45 contiki-native.a(memb.o)
                                        0x1fd (size before relaxing)
 .debug_str     0x0000000000001a3e       0x67 contiki-native.a(list.o)
                                        0x148 (size before relaxing)
 .debug_str     0x0000000000001aa5      0x12a contiki-native.a(etimer.o)
                                        0x333 (size before relaxing)
 .debug_str     0x0000000000001bcf       0xa6 contiki-native.a(ctimer.o)
                                        0x30c (size before relaxing)
 .debug_str     0x0000000000001c75       0x74 contiki-native.a(stimer.o)
                                        0x17b (size before relaxing)
 .debug_str     0x0000000000001ce9       0x57 contiki-native.a(random.o)
                                        0x14e (size before relaxing)
 .debug_str     0x0000000000001d40       0x35 contiki-native.a(uip-debug.o)
                                        0x62c (size before relaxing)
 .debug_str     0x0000000000001d75      0x24f contiki-native.a(packetbuf.o)
                                        0xd7e (size before relaxing)
 .debug_str     0x0000000000001fc4      0x413 contiki-native.a(uip6.o)
                                        0xce9 (size before relaxing)
 .debug_str     0x00000000000023d7      0x257 contiki-native.a(tcpip.o)
                                        0xf93 (size before relaxing)
 .debug_str     0x000000000000262e       0x57 contiki-native.a(uip-udp-packet.)
                                        0x4bb (size before relaxing)
 .debug_str     0x0000000000002685       0x70 contiki-native.a(uip-icmp6.o)
                                        0x712 (size before relaxing)
 .debug_str     0x00000000000026f5       0xd8 contiki-native.a(uip-nd6.o)
                                        0xae3 (size before relaxing)
 .debug_str     0x00000000000027cd       0x83 contiki-native.a(uip-packetqueue)
                                        0x783 (size before relaxing)
 .debug_str     0x0000000000002850      0x279 contiki-native.a(uip-ds6.o)
                                        0xd01 (size before relaxing)
 .debug_str     0x0000000000002ac9      0x210 contiki-native.a(uip-ds6-route.o)
                                        0xc54 (size before relaxing)
 .debug_str     0x0000000000002cd9      0x266 contiki-native.a(contiki-main.o)
                                        0xd0e (size before relaxing)
 .debug_str     0x0000000000002f3f       0x75 contiki-native.a(clock.o)
                                        0x1d9 (size before relaxing)
 .debug_str     0x0000000000002fb4       0x89 contiki-native.a(leds.o)
                                        0x1a0 (size before relaxing)
 .debug_str     0x000000000000303d       0x29 contiki-native.a(leds-arch.o)
                                         0xe9 (size before relaxing)
 .debug_str     0x0000000000003066       0x4a contiki-native.a(button-sensor.o)
                                        0x214 (size before relaxing)
 .debug_str     0x00000000000030b0       0x50 contiki-native.a(pir-sensor.o)
                                        0x227 (size before relaxing)
 .debug_str     0x0000000000003100       0x3d contiki-native.a(vib-sensor.o)
                                        0x214 (size before relaxing)
 .debug_str     0x000000000000313d       0x88 contiki-native.a(sensors.o)
                                        0x2c4 (size before relaxing)
 .debug_str     0x00000000000031c5       0x3b contiki-native.a(rimeaddr.o)
                                        0x189 (size before relaxing)
 .debug_str     0x0000000000003200       0x3a contiki-native.a(nullmac.o)
                                        0x297 (size before relaxing)
 .debug_str     0x000000000000323a       0xdc contiki-native.a(nullrdc.o)
                                        0x68b (size before relaxing)
 .debug_str     0x0000000000003316       0x23 contiki-native.a(mac.o)
                                        0x18f (size before relaxing)
 .debug_str     0x0000000000003339      0x196 contiki-native.a(framer-802154.o)
                                        0x6f4 (size before relaxing)
 .debug_str     0x00000000000034cf       0x6c contiki-native.a(rpl.o)
                                        0xea6 (size before relaxing)
 .debug_str     0x000000000000353b       0x7f contiki-native.a(rpl-ext-header.)
                                        0xc7d (size before relaxing)
 .debug_str     0x00000000000035ba       0xe4 contiki-native.a(process.o)
                                        0x48e (size before relaxing)
 .debug_str     0x000000000000369e       0x2d contiki-native.a(autostart.o)
                                        0x1c6 (size before relaxing)
 .debug_str     0x00000000000036cb       0x9a contiki-native.a(serial-line.o)
                                        0x2d4 (size before relaxing)
 .debug_str     0x0000000000003765       0x1a contiki-native.a(timer.o)
                                        0x174 (size before relaxing)
 .debug_str     0x000000000000377f       0x3a contiki-native.a(ringbuf.o)
                                        0x186 (size before relaxing)
 .debug_str     0x00000000000037b9       0x1d contiki-native.a(netstack.o)
                                        0x24a (size before relaxing)
 .debug_str     0x00000000000037d6      0x169 contiki-native.a(queuebuf.o)
                                        0xddb (size before relaxing)
 .debug_str     0x000000000000393f      0x32d contiki-native.a(sicslowpan.o)
                                       0x1103 (size before relaxing)
 .debug_str     0x0000000000003c6c      0x167 contiki-native.a(neighbor-info.o)
                                        0xdab (size before relaxing)
 .debug_str     0x0000000000003dd3       0x2b contiki-native.a(nullradio.o)
                                        0x190 (size before relaxing)
 .debug_str     0x0000000000003dfe       0x5c contiki-native.a(watchdog.o)
                                        0x17e (size before relaxing)
 .debug_str     0x0000000000003e5a       0x8d contiki-native.a(frame802154.o)
                                        0x3ab (size before relaxing)
 .debug_str     0x0000000000003ee7      0x16c contiki-native.a(neighbor-attr.o)
                                        0x5b7 (size before relaxing)

.debug_loc      0x0000000000000000    0x11497
 *(.debug_loc)
 .debug_loc     0x0000000000000000      0x919 server.co
 .debug_loc     0x0000000000000919      0x841 obj_native/ping6.o
 .debug_loc     0x000000000000115a     0x28e4 contiki-native.a(rpl-dag.o)
 .debug_loc     0x0000000000003a3e     0x1350 contiki-native.a(rpl-icmp6.o)
 .debug_loc     0x0000000000004d8e      0x35d contiki-native.a(rpl-timers.o)
 .debug_loc     0x00000000000050eb      0x31d contiki-native.a(rpl-of-etx.o)
 .debug_loc     0x0000000000005408      0x26d contiki-native.a(memb.o)
 .debug_loc     0x0000000000005675      0x325 contiki-native.a(list.o)
 .debug_loc     0x000000000000599a      0x649 contiki-native.a(etimer.o)
 .debug_loc     0x0000000000005fe3      0x576 contiki-native.a(ctimer.o)
 .debug_loc     0x0000000000006559      0x1a2 contiki-native.a(stimer.o)
 .debug_loc     0x00000000000066fb       0x39 contiki-native.a(random.o)
 .debug_loc     0x0000000000006734      0x307 contiki-native.a(uip-debug.o)
 .debug_loc     0x0000000000006a3b      0xa3d contiki-native.a(packetbuf.o)
 .debug_loc     0x0000000000007478      0xbff contiki-native.a(uip6.o)
 .debug_loc     0x0000000000008077      0xd75 contiki-native.a(tcpip.o)
 .debug_loc     0x0000000000008dec      0x332 contiki-native.a(uip-udp-packet.)
 .debug_loc     0x000000000000911e      0x3cf contiki-native.a(uip-icmp6.o)
 .debug_loc     0x00000000000094ed      0x4ad contiki-native.a(uip-nd6.o)
 .debug_loc     0x000000000000999a      0x1b5 contiki-native.a(uip-packetqueue)
 .debug_loc     0x0000000000009b4f     0x117c contiki-native.a(uip-ds6.o)
 .debug_loc     0x000000000000accb      0xb09 contiki-native.a(uip-ds6-route.o)
 .debug_loc     0x000000000000b7d4      0x774 contiki-native.a(contiki-main.o)
 .debug_loc     0x000000000000bf48      0x1a9 contiki-native.a(leds.o)
 .debug_loc     0x000000000000c0f1       0x39 contiki-native.a(pir-sensor.o)
 .debug_loc     0x000000000000c12a      0x39d contiki-native.a(sensors.o)
 .debug_loc     0x000000000000c4c7      0x10b contiki-native.a(rimeaddr.o)
 .debug_loc     0x000000000000c5d2       0xab contiki-native.a(nullmac.o)
 .debug_loc     0x000000000000c67d      0x227 contiki-native.a(nullrdc.o)
 .debug_loc     0x000000000000c8a4      0x169 contiki-native.a(mac.o)
 .debug_loc     0x000000000000ca0d      0x115 contiki-native.a(framer-802154.o)
 .debug_loc     0x000000000000cb22      0x54e contiki-native.a(rpl.o)
 .debug_loc     0x000000000000d070      0x455 contiki-native.a(rpl-ext-header.)
 .debug_loc     0x000000000000d4c5      0x5a3 contiki-native.a(process.o)
 .debug_loc     0x000000000000da68      0x106 contiki-native.a(autostart.o)
 .debug_loc     0x000000000000db6e      0x318 contiki-native.a(serial-line.o)