Archive member included to satisfy reference by file (symbol)

contiki-native.a(contiki-main.o)
                              /usr/lib/gcc/x86_64-linux-gnu/7/../../../x86_64-linux-gnu/Scrt1.o (main)
contiki-native.a(button-sensor.o)
                              contiki-native.a(contiki-main.o) (button_sensor)
contiki-native.a(pir-sensor.o)
                              contiki-native.a(contiki-main.o) (pir_sensor)
contiki-native.a(vib-sensor.o)
                              contiki-native.a(contiki-main.o) (vib_sensor)
contiki-native.a(sensors.o)   contiki-native.a(button-sensor.o) (sensors_changed)
contiki-native.a(rimeaddr.o)  contiki-native.a(contiki-main.o) (rimeaddr_set_node_addr)
contiki-native.a(rime.o)      contiki-native.a(contiki-main.o) (rime_driver)
contiki-native.a(rimestats.o)
                              contiki-native.a(rime.o) (rimestats)
contiki-native.a(announcement.o)
                              contiki-native.a(rime.o) (announcement_init)
contiki-native.a(broadcast-annou)
                              contiki-native.a(rime.o) (broadcast_announcement_init)
contiki-native.a(broadcast.o)
                              contiki-native.a(broadcast-annou) (broadcast_open)
contiki-native.a(abc.o)       contiki-native.a(broadcast.o) (abc_open)
contiki-native.a(chameleon.o)
                              contiki-native.a(rime.o) (chameleon_init)
contiki-native.a(channel.o)   contiki-native.a(chameleon.o) (channel_init)
contiki-native.a(chameleon-bitop)
                              contiki-native.a(chameleon.o) (chameleon_bitopt)
contiki-native.a(nullmac.o)   contiki-native.a(contiki-main.o) (nullmac_driver)
contiki-native.a(nullrdc.o)   contiki-native.a(contiki-main.o) (nullrdc_driver)
contiki-native.a(mac.o)       contiki-native.a(nullrdc.o) (mac_call_sent_callback)
contiki-native.a(framer-nullmac.)
                              contiki-native.a(nullrdc.o) (framer_nullmac)
contiki-native.a(process.o)   contiki-native.a(sensors.o) (process_alloc_event)
contiki-native.a(autostart.o)
                              contiki-native.a(contiki-main.o) (autostart_start)
contiki-native.a(serial-line.o)
                              contiki-native.a(contiki-main.o) (serial_line_input_byte)
contiki-native.a(list.o)      contiki-native.a(announcement.o) (list_init)
contiki-native.a(etimer.o)    contiki-native.a(contiki-main.o) (etimer_request_poll)
contiki-native.a(ctimer.o)    contiki-native.a(contiki-main.o) (ctimer_init)
contiki-native.a(random.o)    contiki-native.a(broadcast-annou) (random_rand)
contiki-native.a(ringbuf.o)   contiki-native.a(serial-line.o) (ringbuf_init)
contiki-native.a(netstack.o)  contiki-native.a(contiki-main.o) (netstack_init)
contiki-native.a(packetbuf.o)
                              contiki-native.a(chameleon-bitop) (packetbuf_hdrreduce)
contiki-native.a(queuebuf.o)  contiki-native.a(contiki-main.o) (queuebuf_init)
contiki-native.a(tcpip.o)     contiki-native.a(contiki-main.o) (tcpip_process)
contiki-native.a(nullradio.o)
                              contiki-native.a(nullrdc.o) (nullradio_driver)
contiki-native.a(clock.o)     contiki-native.a(etimer.o) (clock_time)
contiki-native.a(memb.o)      contiki-native.a(queuebuf.o) (memb_init)
contiki-native.a(timer.o)     contiki-native.a(etimer.o) (timer_set)
contiki-native.a(uip.o)       contiki-native.a(tcpip.o) (uip_aligned_buf)
/usr/lib/x86_64-linux-gnu/libc_nonshared.a(elf-init.oS)
                              /usr/lib/gcc/x86_64-linux-gnu/7/../../../x86_64-linux-gnu/Scrt1.o (__libc_csu_init)

As-needed library included to satisfy reference by file (symbol)

libc.so.6                     contiki-native.a(contiki-main.o) (__printf_chk@@GLIBC_2.3.4)

Allocating common symbols
Common symbol       size              file

uip_draddr          0x4               contiki-native.a(uip.o)
uip_slen            0x2               contiki-native.a(uip.o)
uip_acc32           0x4               contiki-native.a(uip.o)
uip_conns           0x780             contiki-native.a(uip.o)
uip_netmask         0x4               contiki-native.a(uip.o)
rimestats           0x90              contiki-native.a(rimestats.o)
uip_hostaddr        0x4               contiki-native.a(uip.o)
serial_line_event_message
                    0x1               contiki-native.a(serial-line.o)
uip_appdata         0x8               contiki-native.a(uip.o)
uip_flags           0x1               contiki-native.a(uip.o)
packetbuf_attrs     0x30              contiki-native.a(packetbuf.o)
uip_aligned_buf     0x1a4             contiki-native.a(uip.o)
contiki_argv        0x8               contiki-native.a(contiki-main.o)
uip_listenports     0x50              contiki-native.a(uip.o)
uip_len             0x2               contiki-native.a(uip.o)
tcpip_event         0x1               contiki-native.a(tcpip.o)
uip_sappdata        0x8               contiki-native.a(uip.o)
sensors_event       0x1               contiki-native.a(sensors.o)
uip_udp_conns       0x140             contiki-native.a(uip.o)
rimeaddr_node_addr  0x2               contiki-native.a(rimeaddr.o)
packetbuf_addrs     0x8               contiki-native.a(packetbuf.o)
uip_udp_conn        0x8               contiki-native.a(uip.o)
sensors_flags       0x4               contiki-native.a(contiki-main.o)
uip_conn            0x8               contiki-native.a(uip.o)

Discarded input sections

 .note.GNU-stack
                0x0000000000000000        0x0 /usr/lib/gcc/x86_64-linux-gnu/7/../../../x86_64-linux-gnu/Scrt1.o
 .note.GNU-stack
                0x0000000000000000        0x0 /usr/lib/gcc/x86_64-linux-gnu/7/../../../x86_64-linux-gnu/crti.o
 .note.GNU-stack
                0x0000000000000000        0x0 /usr/lib/gcc/x86_64-linux-gnu/7/crtbeginS.o
 .note.GNU-stack
                0x0000000000000000        0x0 hello-world.co
 .note.GNU-stack
                0x0000000000000000        0x0 contiki-native.a(contiki-main.o)
 .note.GNU-stack
                0x0000000000000000        0x0 contiki-native.a(button-sensor.o)
 .note.GNU-stack
                0x0000000000000000        0x0 contiki-native.a(pir-sensor.o)
 .note.GNU-stack
                0x0000000000000000        0x0 contiki-native.a(vib-sensor.o)
 .note.GNU-stack
                0x0000000000000000        0x0 contiki-native.a(sensors.o)
 .note.GNU-stack
                0x0000000000000000        0x0 contiki-native.a(rimeaddr.o)
 .note.GNU-stack
                0x0000000000000000        0x0 contiki-native.a(rime.o)
 .note.GNU-stack
                0x0000000000000000        0x0 contiki-native.a(rimestats.o)
 .note.GNU-stack
                0x0000000000000000        0x0 contiki-native.a(announcement.o)
 .note.GNU-stack
                0x0000000000000000        0x0 contiki-native.a(broadcast-annou)
 .note.GNU-stack
                0x0000000000000000        0x0 contiki-native.a(broadcast.o)
 .note.GNU-stack
                0x0000000000000000        0x0 contiki-native.a(abc.o)
 .note.GNU-stack
                0x0000000000000000        0x0 contiki-native.a(chameleon.o)
 .note.GNU-stack
                0x0000000000000000        0x0 contiki-native.a(channel.o)
 .note.GNU-stack
                0x0000000000000000        0x0 contiki-native.a(chameleon-bitop)
 .note.GNU-stack
                0x0000000000000000        0x0 contiki-native.a(nullmac.o)
 .note.GNU-stack
                0x0000000000000000        0x0 contiki-native.a(nullrdc.o)
 .note.GNU-stack
                0x0000000000000000        0x0 contiki-native.a(mac.o)
 .note.GNU-stack
                0x0000000000000000        0x0 contiki-native.a(framer-nullmac.)
 .note.GNU-stack
                0x0000000000000000        0x0 contiki-native.a(process.o)
 .note.GNU-stack
                0x0000000000000000        0x0 contiki-native.a(autostart.o)
 .note.GNU-stack
                0x0000000000000000        0x0 contiki-native.a(serial-line.o)
 .note.GNU-stack
                0x0000000000000000        0x0 contiki-native.a(list.o)
 .note.GNU-stack
                0x0000000000000000        0x0 contiki-native.a(etimer.o)
 .note.GNU-stack
                0x0000000000000000        0x0 contiki-native.a(ctimer.o)
 .note.GNU-stack
                0x0000000000000000        0x0 contiki-native.a(random.o)
 .note.GNU-stack
                0x0000000000000000        0x0 contiki-native.a(ringbuf.o)
 .note.GNU-stack
                0x0000000000000000        0x0 contiki-native.a(netstack.o)
 .note.GNU-stack
                0x0000000000000000        0x0 contiki-native.a(packetbuf.o)
 .note.GNU-stack
                0x0000000000000000        0x0 contiki-native.a(queuebuf.o)
 .note.GNU-stack
                0x0000000000000000        0x0 contiki-native.a(tcpip.o)
 .note.GNU-stack
                0x0000000000000000        0x0 contiki-native.a(nullradio.o)
 .note.GNU-stack
                0x0000000000000000        0x0 contiki-native.a(clock.o)
 .note.GNU-stack
                0x0000000000000000        0x0 contiki-native.a(memb.o)
 .note.GNU-stack
                0x0000000000000000        0x0 contiki-native.a(timer.o)
 .note.GNU-stack
                0x0000000000000000        0x0 contiki-native.a(uip.o)
 .note.GNU-stack
                0x0000000000000000        0x0 /usr/lib/x86_64-linux-gnu/libc_nonshared.a(elf-init.oS)
 .note.GNU-stack
                0x0000000000000000        0x0 /usr/lib/gcc/x86_64-linux-gnu/7/crtendS.o
 .note.GNU-stack
                0x0000000000000000        0x0 /usr/lib/gcc/x86_64-linux-gnu/7/../../../x86_64-linux-gnu/crtn.o

Memory Configuration

Name             Origin             Length             Attributes
*default*        0x0000000000000000 0xffffffffffffffff

Linker script and memory map

LOAD /usr/lib/gcc/x86_64-linux-gnu/7/../../../x86_64-linux-gnu/Scrt1.o
LOAD /usr/lib/gcc/x86_64-linux-gnu/7/../../../x86_64-linux-gnu/crti.o
LOAD /usr/lib/gcc/x86_64-linux-gnu/7/crtbeginS.o
LOAD hello-world.co
LOAD contiki-native.a
LOAD /usr/lib/gcc/x86_64-linux-gnu/7/libgcc.a
LOAD /usr/lib/gcc/x86_64-linux-gnu/7/libgcc_s.so
START GROUP
LOAD /usr/lib/gcc/x86_64-linux-gnu/7/libgcc_s.so.1
LOAD /usr/lib/gcc/x86_64-linux-gnu/7/libgcc.a
END GROUP
LOAD /usr/lib/gcc/x86_64-linux-gnu/7/../../../x86_64-linux-gnu/libc.so
START GROUP
LOAD /lib/x86_64-linux-gnu/libc.so.6
LOAD /usr/lib/x86_64-linux-gnu/libc_nonshared.a
LOAD /lib/x86_64-linux-gnu/ld-linux-x86-64.so.2
END GROUP
LOAD /usr/lib/gcc/x86_64-linux-gnu/7/libgcc.a
LOAD /usr/lib/gcc/x86_64-linux-gnu/7/libgcc_s.so
START GROUP
LOAD /usr/lib/gcc/x86_64-linux-gnu/7/libgcc_s.so.1
LOAD /usr/lib/gcc/x86_64-linux-gnu/7/libgcc.a
END GROUP
LOAD /usr/lib/gcc/x86_64-linux-gnu/7/crtendS.o
LOAD /usr/lib/gcc/x86_64-linux-gnu/7/../../../x86_64-linux-gnu/crtn.o
                [!provide]                        PROVIDE (__executable_start = SEGMENT_START ("text-segment", 0x0))
                0x0000000000000238                . = (SEGMENT_START ("text-segment", 0x0) + SIZEOF_HEADERS)

.interp         0x0000000000000238       0x1c
 *(.interp)
 .interp        0x0000000000000238       0x1c /usr/lib/gcc/x86_64-linux-gnu/7/../../../x86_64-linux-gnu/Scrt1.o

.note.ABI-tag   0x0000000000000254       0x20
 .note.ABI-tag  0x0000000000000254       0x20 /usr/lib/gcc/x86_64-linux-gnu/7/../../../x86_64-linux-gnu/Scrt1.o

.note.gnu.build-id
                0x0000000000000274       0x24
 *(.note.gnu.build-id)
 .note.gnu.build-id
                0x0000000000000274       0x24 /usr/lib/gcc/x86_64-linux-gnu/7/../../../x86_64-linux-gnu/Scrt1.o

.hash
 *(.hash)

.gnu.hash       0x0000000000000298      0x7e0
 *(.gnu.hash)
 .gnu.hash      0x0000000000000298      0x7e0 /usr/lib/gcc/x86_64-linux-gnu/7/../../../x86_64-linux-gnu/Scrt1.o

.dynsym         0x0000000000000a78     0x1848
 *(.dynsym)
 .dynsym        0x0000000000000a78     0x1848 /usr/lib/gcc/x86_64-linux-gnu/7/../../../x86_64-linux-gnu/Scrt1.o

.dynstr         0x00000000000022c0      0xebc
 *(.dynstr)
 .dynstr        0x00000000000022c0      0xebc /usr/lib/gcc/x86_64-linux-gnu/7/../../../x86_64-linux-gnu/Scrt1.o

.gnu.version    0x000000000000317c      0x206
 *(.gnu.version)
 .gnu.version   0x000000000000317c      0x206 /usr/lib/gcc/x86_64-linux-gnu/7/../../../x86_64-linux-gnu/Scrt1.o

.gnu.version_d  0x0000000000003388        0x0
 *(.gnu.version_d)
 .gnu.version_d
                0x0000000000003388        0x0 /usr/lib/gcc/x86_64-linux-gnu/7/../../../x86_64-linux-gnu/Scrt1.o

.gnu.version_r  0x0000000000003388       0x50
 *(.gnu.version_r)
 .gnu.version_r
                0x0000000000003388       0x50 /usr/lib/gcc/x86_64-linux-gnu/7/../../../x86_64-linux-gnu/Scrt1.o

.rela.dyn       0x00000000000033d8      0x7b0
 *(.rela.init)
 *(.rela.text .rela.text.* .rela.gnu.linkonce.t.*)
 .rela.text     0x00000000000033d8        0x0 /usr/lib/gcc/x86_64-linux-gnu/7/../../../x86_64-linux-gnu/Scrt1.o
 *(.rela.fini)
 *(.rela.rodata .rela.rodata.* .rela.gnu.linkonce.r.*)
 *(.rela.data .rela.data.* .rela.gnu.linkonce.d.*)
 .rela.data.rel.ro
                0x00000000000033d8        0x0 /usr/lib/gcc/x86_64-linux-gnu/7/../../../x86_64-linux-gnu/Scrt1.o
 .rela.data.rel.local
                0x00000000000033d8      0x1c8 /usr/lib/gcc/x86_64-linux-gnu/7/../../../x86_64-linux-gnu/Scrt1.o
 .rela.data.rel.ro.local
                0x00000000000035a0      0x4e0 /usr/lib/gcc/x86_64-linux-gnu/7/../../../x86_64-linux-gnu/Scrt1.o
 .rela.data.rel
                0x0000000000003a80       0x48 /usr/lib/gcc/x86_64-linux-gnu/7/../../../x86_64-linux-gnu/Scrt1.o
 *(.rela.tdata .rela.tdata.* .rela.gnu.linkonce.td.*)
 *(.rela.tbss .rela.tbss.* .rela.gnu.linkonce.tb.*)
 *(.rela.ctors)
 *(.rela.dtors)
 *(.rela.got)
 .rela.got      0x0000000000003ac8       0x78 /usr/lib/gcc/x86_64-linux-gnu/7/../../../x86_64-linux-gnu/Scrt1.o
 *(.rela.bss .rela.bss.* .rela.gnu.linkonce.b.*)
 .rela.bss      0x0000000000003b40       0x18 /usr/lib/gcc/x86_64-linux-gnu/7/../../../x86_64-linux-gnu/Scrt1.o
 *(.rela.ldata .rela.ldata.* .rela.gnu.linkonce.l.*)
 *(.rela.lbss .rela.lbss.* .rela.gnu.linkonce.lb.*)
 *(.rela.lrodata .rela.lrodata.* .rela.gnu.linkonce.lr.*)
 *(.rela.ifunc)
 .rela.ifunc    0x0000000000003b58        0x0 /usr/lib/gcc/x86_64-linux-gnu/7/../../../x86_64-linux-gnu/Scrt1.o
 .rela.fini_array
                0x0000000000003b58       0x18 /usr/lib/gcc/x86_64-linux-gnu/7/../../../x86_64-linux-gnu/Scrt1.o
 .rela.init_array
                0x0000000000003b70       0x18 /usr/lib/gcc/x86_64-linux-gnu/7/../../../x86_64-linux-gnu/Scrt1.o

.rela.plt       0x0000000000003b88      0x150
 *(.rela.plt)
 .rela.plt      0x0000000000003b88      0x150 /usr/lib/gcc/x86_64-linux-gnu/7/../../../x86_64-linux-gnu/Scrt1.o
                [!provide]                        PROVIDE (__rela_iplt_start = .)
 *(.rela.iplt)
                [!provide]                        PROVIDE (__rela_iplt_end = .)

.init           0x0000000000003cd8       0x17
 *(SORT_NONE(.init))
 .init          0x0000000000003cd8       0x12 /usr/lib/gcc/x86_64-linux-gnu/7/../../../x86_64-linux-gnu/crti.o
                0x0000000000003cd8                _init
 .init          0x0000000000003cea        0x5 /usr/lib/gcc/x86_64-linux-gnu/7/../../../x86_64-linux-gnu/crtn.o

.plt            0x0000000000003cf0       0xf0
 *(.plt)
 .plt           0x0000000000003cf0       0xf0 /usr/lib/gcc/x86_64-linux-gnu/7/../../../x86_64-linux-gnu/Scrt1.o
 *(.iplt)

.plt.got        0x0000000000003de0        0x8
 *(.plt.got)
 .plt.got       0x0000000000003de0        0x8 /usr/lib/gcc/x86_64-linux-gnu/7/../../../x86_64-linux-gnu/Scrt1.o

.plt.sec
 *(.plt.sec)

.text           0x0000000000003df0     0x4bc2
 *(.text.unlikely .text.*_unlikely .text.unlikely.*)
 *(.text.exit .text.exit.*)
 *(.text.startup .text.startup.*)
 *(.text.hot .text.hot.*)
 *(.text .stub .text.* .gnu.linkonce.t.*)
 .text          0x0000000000003df0       0x2b /usr/lib/gcc/x86_64-linux-gnu/7/../../../x86_64-linux-gnu/Scrt1.o
                0x0000000000003df0                _start
 .text          0x0000000000003e1b        0x0 /usr/lib/gcc/x86_64-linux-gnu/7/../../../x86_64-linux-gnu/crti.o
 *fill*         0x0000000000003e1b        0x5 
 .text          0x0000000000003e20       0xda /usr/lib/gcc/x86_64-linux-gnu/7/crtbeginS.o
 .text          0x0000000000003efa       0x24 hello-world.co
 .text          0x0000000000003f1e      0x3bb contiki-native.a(contiki-main.o)
                0x0000000000003f80                select_set_callback
                0x000000000000403a                main
                0x00000000000042a6                log_message
                0x00000000000042cb                uip_log
 .text          0x00000000000042d9       0x27 contiki-native.a(button-sensor.o)
                0x00000000000042eb                button_press
 .text          0x0000000000004300       0x2e contiki-native.a(pir-sensor.o)
                0x0000000000004313                pir_sensor_changed
 .text          0x000000000000432e       0x2f contiki-native.a(vib-sensor.o)
                0x0000000000004341                vib_sensor_changed
 .text          0x000000000000435d      0x29c contiki-native.a(sensors.o)
                0x00000000000044be                sensors_first
                0x00000000000044c6                sensors_next
                0x0000000000004516                sensors_changed
                0x0000000000004577                sensors_find
 .text          0x00000000000045f9       0x39 contiki-native.a(rimeaddr.o)
                0x00000000000045f9                rimeaddr_copy
                0x0000000000004606                rimeaddr_cmp
                0x0000000000004621                rimeaddr_set_node_addr
 .text          0x0000000000004632      0x14d contiki-native.a(rime.o)
                0x000000000000471c                rime_sniffer_add
                0x0000000000004734                rime_sniffer_remove
                0x000000000000474c                rime_output
 .text          0x000000000000477f        0x0 contiki-native.a(rimestats.o)
 .text          0x000000000000477f      0x1b0 contiki-native.a(announcement.o)
                0x000000000000477f                announcement_init
                0x0000000000004794                announcement_register
                0x00000000000047da                announcement_remove
                0x00000000000047f2                announcement_remove_value
                0x0000000000004828                announcement_set_value
                0x0000000000004862                announcement_bump
                0x000000000000488f                announcement_listen
                0x00000000000048a8                announcement_register_listen_callback
                0x00000000000048b0                announcement_register_observer_callback
                0x00000000000048b8                announcement_list
                0x00000000000048cd                announcement_heard
 .text          0x000000000000492f      0x217 contiki-native.a(broadcast-annou)
                0x0000000000004ac8                broadcast_announcement_init
                0x0000000000004b11                broadcast_announcement_stop
                0x0000000000004b3e                broadcast_announcement_beacon_interval
 .text          0x0000000000004b46       0xd9 contiki-native.a(broadcast.o)
                0x0000000000004bc0                broadcast_open
                0x0000000000004bf2                broadcast_close
                0x0000000000004c00                broadcast_send
 .text          0x0000000000004c1f       0x7a contiki-native.a(abc.o)
                0x0000000000004c1f                abc_open
                0x0000000000004c4a                abc_close
                0x0000000000004c58                abc_send
                0x0000000000004c66                abc_input
                0x0000000000004c7f                abc_sent
 .text          0x0000000000004c99       0x6d contiki-native.a(chameleon.o)
                0x0000000000004c99                chameleon_init
                0x0000000000004ca7                chameleon_parse
                0x0000000000004cc9                chameleon_create
                0x0000000000004cf7                chameleon_hdrsize
 .text          0x0000000000004d06       0xb3 contiki-native.a(channel.o)
                0x0000000000004d06                channel_init
                0x0000000000004d1b                channel_open
                0x0000000000004d37                channel_close
                0x0000000000004d4f                channel_lookup
                0x0000000000004d8a                channel_set_attributes
 .text          0x0000000000004db9      0x525 contiki-native.a(chameleon-bitop)
                0x0000000000004dda                get_bits_in_byte
                0x0000000000004e11                get_bits
                0x0000000000005065                set_bits_in_byte
                0x0000000000005081                set_bits
 .text          0x00000000000052de       0x44 contiki-native.a(nullmac.o)
 .text          0x0000000000005322      0x137 contiki-native.a(nullrdc.o)
 .text          0x0000000000005459       0x1c contiki-native.a(mac.o)
                0x0000000000005459                mac_call_sent_callback
 .text          0x0000000000005475       0x8a contiki-native.a(framer-nullmac.)
 .text          0x00000000000054ff      0x3df contiki-native.a(process.o)
                0x000000000000568d                process_alloc_event
                0x000000000000569e                process_exit
                0x00000000000056b3                process_init
                0x00000000000056df                process_run
                0x00000000000057e6                process_nevents
                0x00000000000057fa                process_post
                0x0000000000005843                process_post_synch
                0x000000000000585d                process_start
                0x00000000000058b4                process_poll
                0x00000000000058d3                process_is_running
 .text          0x00000000000058de       0x69 contiki-native.a(autostart.o)
                0x00000000000058de                autostart_start
                0x0000000000005915                autostart_exit
 .text          0x0000000000005947      0x1ac contiki-native.a(serial-line.o)
                0x0000000000005a50                serial_line_input_byte
                0x0000000000005ac1                serial_line_init
 .text          0x0000000000005af3      0x134 contiki-native.a(list.o)
                0x0000000000005af3                list_init
                0x0000000000005afb                list_head
                0x0000000000005aff                list_copy
                0x0000000000005b06                list_tail
                0x0000000000005b1d                list_chop
                0x0000000000005b4e                list_pop
                0x0000000000005b5e                list_remove
                0x0000000000005b9a                list_add
                0x0000000000005bc7                list_push
                0x0000000000005be1                list_length
                0x0000000000005c01                list_insert
                0x0000000000005c1a                list_item_next
 .text          0x0000000000005c27      0x2fd contiki-native.a(etimer.o)
                0x0000000000005c89                etimer_request_poll
                0x0000000000005e33                etimer_set
                0x0000000000005e46                etimer_reset
                0x0000000000005e59                etimer_restart
                0x0000000000005e6c                etimer_adjust
                0x0000000000005e80                etimer_expired
                0x0000000000005e8c                etimer_expiration_time
                0x0000000000005e94                etimer_start_time
                0x0000000000005e98                etimer_pending
                0x0000000000005ea7                etimer_next_expiration_time
                0x0000000000005ebf                etimer_stop
 .text          0x0000000000005f24      0x2c0 contiki-native.a(ctimer.o)
                0x0000000000005ffd                ctimer_init
                0x000000000000602a                ctimer_set
                0x0000000000006098                ctimer_reset
                0x00000000000060f6                ctimer_restart
                0x0000000000006154                ctimer_stop
                0x000000000000618d                ctimer_expired
 .text          0x00000000000061e4       0x1f contiki-native.a(random.o)
                0x00000000000061e4                random_init
                0x00000000000061f5                random_rand
 .text          0x0000000000006203       0x9c contiki-native.a(ringbuf.o)
                0x0000000000006203                ringbuf_init
                0x0000000000006215                ringbuf_put
                0x0000000000006252                ringbuf_get
                0x0000000000006286                ringbuf_size
                0x000000000000628e                ringbuf_elements
 .text          0x000000000000629f       0x21 contiki-native.a(netstack.o)
                0x000000000000629f                netstack_init
 .text          0x00000000000062c0      0x421 contiki-native.a(packetbuf.o)
                0x00000000000062c0                packetbuf_clear_hdr
                0x00000000000062c8                packetbuf_copyto_hdr
                0x00000000000062f5                packetbuf_copyto
                0x0000000000006371                packetbuf_hdr_remove
                0x0000000000006379                packetbuf_hdrreduce
                0x00000000000063a3                packetbuf_set_datalen
                0x00000000000063ab                packetbuf_dataptr
                0x00000000000063bf                packetbuf_hdrptr
                0x00000000000063d1                packetbuf_is_reference
                0x00000000000063e6                packetbuf_compact
                0x000000000000646c                packetbuf_reference_ptr
                0x0000000000006474                packetbuf_datalen
                0x000000000000647c                packetbuf_hdrlen
                0x0000000000006488                packetbuf_totlen
                0x000000000000649e                packetbuf_hdralloc
                0x00000000000064de                packetbuf_attr_clear
                0x000000000000654c                packetbuf_clear
                0x0000000000006581                packetbuf_copyfrom
                0x00000000000065c1                packetbuf_reference
                0x00000000000065e6                packetbuf_attr_copyto
                0x0000000000006632                packetbuf_attr_copyfrom
                0x000000000000667e                packetbuf_set_attr
                0x0000000000006693                packetbuf_attr
                0x00000000000066a3                packetbuf_set_addr
                0x00000000000066cb                packetbuf_addr
 .text          0x00000000000066e1      0x240 contiki-native.a(queuebuf.o)
                0x00000000000066e1                queuebuf_init
                0x000000000000670e                queuebuf_new_from_packetbuf
                0x00000000000067ac                queuebuf_update_attr_from_packetbuf
                0x00000000000067cb                queuebuf_free
                0x0000000000006826                queuebuf_to_packetbuf
                0x00000000000068b2                queuebuf_dataptr
                0x00000000000068f2                queuebuf_datalen
                0x00000000000068f9                queuebuf_addr
                0x000000000000690f                queuebuf_attr
                0x000000000000691f                queuebuf_debug_print
 .text          0x0000000000006921      0x63f contiki-native.a(tcpip.o)
                0x0000000000006948                tcpip_output
                0x0000000000006c25                tcpip_set_outputfunc
                0x0000000000006c2d                tcp_unlisten
                0x0000000000006cae                tcp_listen
                0x0000000000006d43                tcp_attach
                0x0000000000006d53                udp_attach
                0x0000000000006d63                udp_new
                0x0000000000006d85                udp_broadcast_new
                0x0000000000006de4                tcpip_input
                0x0000000000006e0c                tcpip_poll_udp
                0x0000000000006e29                tcpip_poll_tcp
                0x0000000000006e46                tcp_connect
                0x0000000000006e80                tcpip_uipcall
 .text          0x0000000000006f60       0x3c contiki-native.a(nullradio.o)
 .text          0x0000000000006f9c       0xa8 contiki-native.a(clock.o)
                0x0000000000006f9c                clock_time
                0x0000000000007003                clock_seconds
                0x0000000000007042                clock_delay
 .text          0x0000000000007044      0x107 contiki-native.a(memb.o)
                0x0000000000007044                memb_init
                0x0000000000007077                memb_alloc
                0x00000000000070c9                memb_free
                0x0000000000007123                memb_inmemb
 .text          0x000000000000714b       0x59 contiki-native.a(timer.o)
                0x000000000000714b                timer_set
                0x000000000000715d                timer_reset
                0x0000000000007165                timer_restart
                0x0000000000007173                timer_expired
                0x000000000000718f                timer_remaining
 .text          0x00000000000071a4     0x1797 contiki-native.a(uip.o)
                0x0000000000007252                uip_setipid
                0x000000000000725a                uip_add32
                0x0000000000007322                uip_chksum
                0x0000000000007337                uip_ipchksum
                0x0000000000007361                uip_tcpchksum
                0x000000000000736d                uip_udpchksum
                0x0000000000007379                uip_init
                0x00000000000073d9                uip_connect
                0x0000000000007515                uip_udp_new
                0x000000000000762e                uip_unlisten
                0x00000000000076aa                uip_listen
                0x0000000000007722                uip_process
                0x00000000000088d1                uip_htons
                0x00000000000088d8                uip_htonl
                0x00000000000088f7                uip_send
 *fill*         0x000000000000893b        0x5 
 .text          0x0000000000008940       0x72 /usr/lib/x86_64-linux-gnu/libc_nonshared.a(elf-init.oS)
                0x0000000000008940                __libc_csu_init
                0x00000000000089b0                __libc_csu_fini
 .text          0x00000000000089b2        0x0 /usr/lib/gcc/x86_64-linux-gnu/7/crtendS.o
 .text          0x00000000000089b2        0x0 /usr/lib/gcc/x86_64-linux-gnu/7/../../../x86_64-linux-gnu/crtn.o
 *(.gnu.warning)

.fini           0x00000000000089b4        0x9
 *(SORT_NONE(.fini))
 .fini          0x00000000000089b4        0x4 /usr/lib/gcc/x86_64-linux-gnu/7/../../../x86_64-linux-gnu/crti.o
                0x00000000000089b4                _fini
 .fini          0x00000000000089b8        0x5 /usr/lib/gcc/x86_64-linux-gnu/7/../../../x86_64-linux-gnu/crtn.o
                [!provide]                        PROVIDE (__etext = .)
                [!provide]                        PROVIDE (_etext = .)
                [!provide]                        PROVIDE (etext = .)

.rodata         0x00000000000089c0      0x1a4
 *(.rodata .rodata.* .gnu.linkonce.r.*)
 .rodata.cst4   0x00000000000089c0        0x4 /usr/lib/gcc/x86_64-linux-gnu/7/../../../x86_64-linux-gnu/Scrt1.o
                0x00000000000089c0                _IO_stdin_used
 .rodata.str1.1
                0x00000000000089c4       0x21 hello-world.co
 *fill*         0x00000000000089e5        0x3 
 .rodata.str1.8
                0x00000000000089e8       0x28 contiki-native.a(contiki-main.o)
                                         0x23 (size before relaxing)
 .rodata.str1.1
                0x0000000000008a10       0x4a contiki-native.a(contiki-main.o)
 .rodata.str1.1
                0x0000000000008a5a        0x7 contiki-native.a(button-sensor.o)
 .rodata.str1.1
                0x0000000000008a61        0x4 contiki-native.a(pir-sensor.o)
 .rodata.str1.1
                0x0000000000008a65        0xa contiki-native.a(vib-sensor.o)
 .rodata.str1.1
                0x0000000000008a6f        0x8 contiki-native.a(sensors.o)
 .rodata        0x0000000000008a77        0x2 contiki-native.a(rimeaddr.o)
                0x0000000000008a77                rimeaddr_null
 .rodata.str1.1
                0x0000000000008a79        0x5 contiki-native.a(rime.o)
 .rodata        0x0000000000008a7e        0x4 contiki-native.a(broadcast.o)
 .rodata        0x0000000000008a82        0x2 contiki-native.a(abc.o)
 *fill*         0x0000000000008a84        0x4 
 .rodata        0x0000000000008a88        0x9 contiki-native.a(chameleon-bitop)
 .rodata.str1.1
                0x0000000000008a91        0x8 contiki-native.a(nullmac.o)
 .rodata.str1.1
                0x0000000000008a99        0x8 contiki-native.a(nullrdc.o)
 .rodata.str1.1
                0x0000000000008aa1        0xe contiki-native.a(serial-line.o)
 .rodata.str1.1
                0x0000000000008aaf        0xc contiki-native.a(etimer.o)
 .rodata.str1.1
                0x0000000000008abb        0xf contiki-native.a(ctimer.o)
 .rodata.str1.1
                0x0000000000008aca        0xd contiki-native.a(tcpip.o)
 *fill*         0x0000000000008ad7        0x1 
 .rodata        0x0000000000008ad8       0x8c contiki-native.a(uip.o)
                0x0000000000008b5c                uip_all_zeroes_addr
                0x0000000000008b60                uip_broadcast_addr

.rodata1
 *(.rodata1)

.eh_frame_hdr   0x0000000000008b64      0x7d4
 *(.eh_frame_hdr)
 .eh_frame_hdr  0x0000000000008b64      0x7d4 /usr/lib/gcc/x86_64-linux-gnu/7/../../../x86_64-linux-gnu/Scrt1.o
                0x0000000000008b64                __GNU_EH_FRAME_HDR
 *(.eh_frame_entry .eh_frame_entry.*)

.eh_frame       0x0000000000009338     0x1b18
 *(.eh_frame)
 .eh_frame      0x0000000000009338       0x30 /usr/lib/gcc/x86_64-linux-gnu/7/../../../x86_64-linux-gnu/Scrt1.o
                                         0x2c (size before relaxing)
 *fill*         0x0000000000009368        0x0 
 .eh_frame      0x0000000000009368       0x40 /usr/lib/gcc/x86_64-linux-gnu/7/../../../x86_64-linux-gnu/Scrt1.o
 .eh_frame      0x00000000000093a8       0x18 /usr/lib/gcc/x86_64-linux-gnu/7/../../../x86_64-linux-gnu/Scrt1.o
                                         0x30 (size before relaxing)
 .eh_frame      0x00000000000093c0       0x20 hello-world.co
                                         0x38 (size before relaxing)
 .eh_frame      0x00000000000093e0       0xa8 contiki-native.a(contiki-main.o)
                                         0xc0 (size before relaxing)
 .eh_frame      0x0000000000009488       0x58 contiki-native.a(button-sensor.o)
                                         0x70 (size before relaxing)
 .eh_frame      0x00000000000094e0       0x58 contiki-native.a(pir-sensor.o)
                                         0x70 (size before relaxing)
 .eh_frame      0x0000000000009538       0x58 contiki-native.a(vib-sensor.o)
                                         0x70 (size before relaxing)
 .eh_frame      0x0000000000009590       0xb8 contiki-native.a(sensors.o)
                                         0xd0 (size before relaxing)
 .eh_frame      0x0000000000009648       0x40 contiki-native.a(rimeaddr.o)
                                         0x58 (size before relaxing)
 .eh_frame      0x0000000000009688       0xc8 contiki-native.a(rime.o)
                                         0xe0 (size before relaxing)
 .eh_frame      0x0000000000009750      0x128 contiki-native.a(announcement.o)
                                        0x140 (size before relaxing)
 .eh_frame      0x0000000000009878      0x110 contiki-native.a(broadcast-annou)
                                        0x128 (size before relaxing)
 .eh_frame      0x0000000000009988       0xa0 contiki-native.a(broadcast.o)
                                         0xb8 (size before relaxing)
 .eh_frame      0x0000000000009a28       0x90 contiki-native.a(abc.o)
                                         0xa8 (size before relaxing)
 .eh_frame      0x0000000000009ab8       0x78 contiki-native.a(chameleon.o)
                                         0x90 (size before relaxing)
 .eh_frame      0x0000000000009b30       0x98 contiki-native.a(channel.o)
                                         0xb0 (size before relaxing)
 .eh_frame      0x0000000000009bc8      0x170 contiki-native.a(chameleon-bitop)
                                        0x188 (size before relaxing)
 .eh_frame      0x0000000000009d38       0x88 contiki-native.a(nullmac.o)
                                         0xa0 (size before relaxing)
 .eh_frame      0x0000000000009dc0       0xd8 contiki-native.a(nullrdc.o)
                                         0xf0 (size before relaxing)
 .eh_frame      0x0000000000009e98       0x18 contiki-native.a(mac.o)
                                         0x30 (size before relaxing)
 .eh_frame      0x0000000000009eb0       0x38 contiki-native.a(framer-nullmac.)
                                         0x50 (size before relaxing)
 .eh_frame      0x0000000000009ee8      0x168 contiki-native.a(process.o)
                                        0x180 (size before relaxing)
 .eh_frame      0x000000000000a050       0x50 contiki-native.a(autostart.o)
                                         0x68 (size before relaxing)
 .eh_frame      0x000000000000a0a0       0x68 contiki-native.a(serial-line.o)
                                         0x80 (size before relaxing)
 .eh_frame      0x000000000000a108      0x110 contiki-native.a(list.o)
                                        0x128 (size before relaxing)
 .eh_frame      0x000000000000a218      0x178 contiki-native.a(etimer.o)
                                        0x190 (size before relaxing)
 .eh_frame      0x000000000000a390      0x108 contiki-native.a(ctimer.o)
                                        0x120 (size before relaxing)
 .eh_frame      0x000000000000a498       0x30 contiki-native.a(random.o)
                                         0x48 (size before relaxing)
 .eh_frame      0x000000000000a4c8       0x68 contiki-native.a(ringbuf.o)
                                         0x80 (size before relaxing)
 .eh_frame      0x000000000000a530       0x18 contiki-native.a(netstack.o)
                                         0x30 (size before relaxing)
 .eh_frame      0x000000000000a548      0x270 contiki-native.a(packetbuf.o)
                                        0x288 (size before relaxing)
 .eh_frame      0x000000000000a7b8      0x110 contiki-native.a(queuebuf.o)
                                        0x128 (size before relaxing)
 .eh_frame      0x000000000000a8c8      0x1a0 contiki-native.a(tcpip.o)
                                        0x1b8 (size before relaxing)
 .eh_frame      0x000000000000aa68       0xc8 contiki-native.a(nullradio.o)
                                         0xe0 (size before relaxing)
 .eh_frame      0x000000000000ab30       0x50 contiki-native.a(clock.o)
                                         0x68 (size before relaxing)
 .eh_frame      0x000000000000ab80       0x58 contiki-native.a(memb.o)
                                         0x70 (size before relaxing)
 .eh_frame      0x000000000000abd8       0x88 contiki-native.a(timer.o)
                                         0xa0 (size before relaxing)
 .eh_frame      0x000000000000ac60      0x190 contiki-native.a(uip.o)
                                        0x1a8 (size before relaxing)
 .eh_frame      0x000000000000adf0       0x5c /usr/lib/x86_64-linux-gnu/libc_nonshared.a(elf-init.oS)
                                         0x78 (size before relaxing)
 .eh_frame      0x000000000000ae4c        0x4 /usr/lib/gcc/x86_64-linux-gnu/7/crtendS.o
 *(.eh_frame.*)

.gcc_except_table
 *(.gcc_except_table .gcc_except_table.*)

.gnu_extab
 *(.gnu_extab*)

.exception_ranges
 *(.exception_ranges .exception_ranges*)
                0x000000000020bb70                . = DATA_SEGMENT_ALIGN (CONSTANT (MAXPAGESIZE), CONSTANT (COMMONPAGESIZE))

.eh_frame
 *(.eh_frame)
 *(.eh_frame.*)

.gnu_extab
 *(.gnu_extab)

.gcc_except_table
 *(.gcc_except_table .gcc_except_table.*)

.exception_ranges
 *(.exception_ranges .exception_ranges*)

.tdata
 *(.tdata .tdata.* .gnu.linkonce.td.*)

.tbss
 *(.tbss .tbss.* .gnu.linkonce.tb.*)
 *(.tcommon)

.preinit_array  0x000000000020bb70        0x0
                [!provide]                        PROVIDE (__preinit_array_start = .)
 *(.preinit_array)
                [!provide]                        PROVIDE (__preinit_array_end = .)

.init_array     0x000000000020bb70        0x8
                0x000000000020bb70                PROVIDE (__init_array_start = .)
 *(SORT_BY_INIT_PRIORITY(.init_array.*) SORT_BY_INIT_PRIORITY(.ctors.*))
 *(.init_array EXCLUDE_FILE(*crtend?.o *crtend.o *crtbegin?.o *crtbegin.o) .ctors)
 .init_array    0x000000000020bb70        0x8 /usr/lib/gcc/x86_64-linux-gnu/7/crtbeginS.o
                0x000000000020bb78                PROVIDE (__init_array_end = .)

.fini_array     0x000000000020bb78        0x8
                [!provide]                        PROVIDE (__fini_array_start = .)
 *(SORT_BY_INIT_PRIORITY(.fini_array.*) SORT_BY_INIT_PRIORITY(.dtors.*))
 *(.fini_array EXCLUDE_FILE(*crtend?.o *crtend.o *crtbegin?.o *crtbegin.o) .dtors)
 .fini_array    0x000000000020bb78        0x8 /usr/lib/gcc/x86_64-linux-gnu/7/crtbeginS.o
                [!provide]                        PROVIDE (__fini_array_end = .)

.ctors
 *crtbegin.o(.ctors)
 *crtbegin?.o(.ctors)
 *(EXCLUDE_FILE(*crtend?.o *crtend.o) .ctors)
 *(SORT_BY_NAME(.ctors.*))
 *(.ctors)

.dtors
 *crtbegin.o(.dtors)
 *crtbegin?.o(.dtors)
 *(EXCLUDE_FILE(*crtend?.o *crtend.o) .dtors)
 *(SORT_BY_NAME(.dtors.*))
 *(.dtors)

.jcr
 *(.jcr)

.data.rel.ro    0x000000000020bb80      0x1d0
 *(.data.rel.ro.local* .gnu.linkonce.d.rel.ro.local.*)
 .data.rel.ro.local
                0x000000000020bb80       0x10 hello-world.co
                0x000000000020bb80                autostart_processes
 .data.rel.ro.local
                0x000000000020bb90       0x10 contiki-native.a(contiki-main.o)
 .data.rel.ro.local
                0x000000000020bba0       0x20 contiki-native.a(button-sensor.o)
                0x000000000020bba0                button_sensor
 .data.rel.ro.local
                0x000000000020bbc0       0x20 contiki-native.a(pir-sensor.o)
                0x000000000020bbc0                pir_sensor
 .data.rel.ro.local
                0x000000000020bbe0       0x20 contiki-native.a(vib-sensor.o)
                0x000000000020bbe0                vib_sensor
 .data.rel.ro.local
                0x000000000020bc00       0x18 contiki-native.a(rime.o)
                0x000000000020bc00                rime_driver
 *fill*         0x000000000020bc18        0x8 
 .data.rel.ro.local
                0x000000000020bc20       0x10 contiki-native.a(broadcast-annou)
 .data.rel.ro.local
                0x000000000020bc30       0x10 contiki-native.a(broadcast.o)
 .data.rel.ro.local
                0x000000000020bc40       0x18 contiki-native.a(chameleon-bitop)
                0x000000000020bc40                chameleon_bitopt
 *fill*         0x000000000020bc58        0x8 
 .data.rel.ro.local
                0x000000000020bc60       0x38 contiki-native.a(nullmac.o)
                0x000000000020bc60                nullmac_driver
 *fill*         0x000000000020bc98        0x8 
 .data.rel.ro.local
                0x000000000020bca0       0x40 contiki-native.a(nullrdc.o)
                0x000000000020bca0                nullrdc_driver
 .data.rel.ro.local
                0x000000000020bce0       0x10 contiki-native.a(framer-nullmac.)
                0x000000000020bce0                framer_nullmac
 *fill*         0x000000000020bcf0       0x10 
 .data.rel.ro.local
                0x000000000020bd00       0x50 contiki-native.a(nullradio.o)
                0x000000000020bd00                nullradio_driver
 *(.data.rel.ro .data.rel.ro.* .gnu.linkonce.d.rel.ro.*)
 .data.rel.ro   0x000000000020bd50        0x0 /usr/lib/gcc/x86_64-linux-gnu/7/../../../x86_64-linux-gnu/Scrt1.o

.dynamic        0x000000000020bd50      0x1f0
 *(.dynamic)
 .dynamic       0x000000000020bd50      0x1f0 /usr/lib/gcc/x86_64-linux-gnu/7/../../../x86_64-linux-gnu/Scrt1.o
                0x000000000020bd50                _DYNAMIC

.got            0x000000000020bf40       0xb0
 *(.got.plt)
 .got.plt       0x000000000020bf40       0x88 /usr/lib/gcc/x86_64-linux-gnu/7/../../../x86_64-linux-gnu/Scrt1.o
                0x000000000020bf40                _GLOBAL_OFFSET_TABLE_
 *(.igot.plt)
 *(.got)
 .got           0x000000000020bfc8       0x28 /usr/lib/gcc/x86_64-linux-gnu/7/../../../x86_64-linux-gnu/Scrt1.o
 *(.igot)
                0x000000000020c000                . = DATA_SEGMENT_RELRO_END (., 0x0)

.data           0x000000000020c000      0x160
 *(.data .data.* .gnu.linkonce.d.*)
 .data          0x000000000020c000        0x4 /usr/lib/gcc/x86_64-linux-gnu/7/../../../x86_64-linux-gnu/Scrt1.o
                0x000000000020c000                data_start
                0x000000000020c000                __data_start
 .data          0x000000000020c004        0x0 /usr/lib/gcc/x86_64-linux-gnu/7/../../../x86_64-linux-gnu/crti.o
 .data          0x000000000020c004        0x0 /usr/lib/gcc/x86_64-linux-gnu/7/crtbeginS.o
 *fill*         0x000000000020c004        0x4 
 .data.rel.local
                0x000000000020c008        0x8 /usr/lib/gcc/x86_64-linux-gnu/7/crtbeginS.o
                0x000000000020c008                __dso_handle
 .data          0x000000000020c010        0x0 hello-world.co
 *fill*         0x000000000020c010       0x10 
 .data.rel.local
                0x000000000020c020       0x20 hello-world.co
                0x000000000020c020                hello_world_process
 .data          0x000000000020c040        0x0 contiki-native.a(contiki-main.o)
 .data.rel      0x000000000020c040       0x20 contiki-native.a(contiki-main.o)
                0x000000000020c040                sensors
 .data          0x000000000020c060        0x0 contiki-native.a(button-sensor.o)
 .data          0x000000000020c060        0x0 contiki-native.a(pir-sensor.o)
 .data          0x000000000020c060        0x0 contiki-native.a(vib-sensor.o)
 .data          0x000000000020c060        0x0 contiki-native.a(sensors.o)
 .data.rel.local
                0x000000000020c060       0x20 contiki-native.a(sensors.o)
                0x000000000020c060                sensors_process
 .data          0x000000000020c080        0x0 contiki-native.a(rimeaddr.o)
 .data          0x000000000020c080        0x0 contiki-native.a(rime.o)
 .data          0x000000000020c080        0x0 contiki-native.a(rimestats.o)
 .data          0x000000000020c080        0x0 contiki-native.a(announcement.o)
 .data          0x000000000020c080        0x0 contiki-native.a(broadcast-annou)
 .data          0x000000000020c080        0x0 contiki-native.a(broadcast.o)
 .data          0x000000000020c080        0x0 contiki-native.a(abc.o)
 .data          0x000000000020c080        0x0 contiki-native.a(chameleon.o)
 .data          0x000000000020c080        0x0 contiki-native.a(channel.o)
 .data          0x000000000020c080        0x0 contiki-native.a(chameleon-bitop)
 .data          0x000000000020c080        0x0 contiki-native.a(nullmac.o)
 .data          0x000000000020c080        0x0 contiki-native.a(nullrdc.o)
 .data          0x000000000020c080        0x0 contiki-native.a(mac.o)
 .data          0x000000000020c080        0x0 contiki-native.a(framer-nullmac.)
 .data          0x000000000020c080        0x0 contiki-native.a(process.o)
 .data          0x000000000020c080        0x0 contiki-native.a(autostart.o)
 .data          0x000000000020c080        0x0 contiki-native.a(serial-line.o)
 .data.rel.local
                0x000000000020c080       0x20 contiki-native.a(serial-line.o)
                0x000000000020c080                serial_line_process
 .data          0x000000000020c0a0        0x0 contiki-native.a(list.o)
 .data          0x000000000020c0a0        0x0 contiki-native.a(etimer.o)
 .data.rel.local
                0x000000000020c0a0       0x20 contiki-native.a(etimer.o)
                0x000000000020c0a0                etimer_process
 .data          0x000000000020c0c0        0x0 contiki-native.a(ctimer.o)
 .data.rel.local
                0x000000000020c0c0       0x20 contiki-native.a(ctimer.o)
                0x000000000020c0c0                ctimer_process
 .data          0x000000000020c0e0        0x0 contiki-native.a(random.o)
 .data          0x000000000020c0e0        0x0 contiki-native.a(ringbuf.o)
 .data          0x000000000020c0e0        0x0 contiki-native.a(netstack.o)
 .data          0x000000000020c0e0        0x0 contiki-native.a(packetbuf.o)
 .data          0x000000000020c0e0        0x0 contiki-native.a(queuebuf.o)
 .data.rel.local
                0x000000000020c0e0       0x58 contiki-native.a(queuebuf.o)
 .data          0x000000000020c138        0x0 contiki-native.a(tcpip.o)
 *fill*         0x000000000020c138        0x8 
 .data.rel.local
                0x000000000020c140       0x20 contiki-native.a(tcpip.o)
                0x000000000020c140                tcpip_process
 .data          0x000000000020c160        0x0 contiki-native.a(nullradio.o)
 .data          0x000000000020c160        0x0 contiki-native.a(clock.o)
 .data          0x000000000020c160        0x0 contiki-native.a(memb.o)
 .data          0x000000000020c160        0x0 contiki-native.a(timer.o)
 .data          0x000000000020c160        0x0 contiki-native.a(uip.o)
 .data          0x000000000020c160        0x0 /usr/lib/x86_64-linux-gnu/libc_nonshared.a(elf-init.oS)
 .data          0x000000000020c160        0x0 /usr/lib/gcc/x86_64-linux-gnu/7/crtendS.o
 .data          0x000000000020c160        0x0 /usr/lib/gcc/x86_64-linux-gnu/7/../../../x86_64-linux-gnu/crtn.o

.tm_clone_table
                0x000000000020c160        0x0
 .tm_clone_table
                0x000000000020c160        0x0 /usr/lib/gcc/x86_64-linux-gnu/7/crtbeginS.o
 .tm_clone_table
                0x000000000020c160        0x0 /usr/lib/gcc/x86_64-linux-gnu/7/crtendS.o

.data1
 *(.data1)
                0x000000000020c160                _edata = .
                [!provide]                        PROVIDE (edata = .)
                0x000000000020c160                . = .
                0x000000000020c160                __bss_start = .

.bss            0x000000000020c160     0x1d90
 *(.dynbss)
 .dynbss        0x000000000020c160        0x8 /usr/lib/gcc/x86_64-linux-gnu/7/../../../x86_64-linux-gnu/Scrt1.o
                0x000000000020c160                stdout@@GLIBC_2.2.5
 *(.bss .bss.* .gnu.linkonce.b.*)
 .bss           0x000000000020c168        0x0 /usr/lib/gcc/x86_64-linux-gnu/7/../../../x86_64-linux-gnu/Scrt1.o
 .bss           0x000000000020c168        0x0 /usr/lib/gcc/x86_64-linux-gnu/7/../../../x86_64-linux-gnu/crti.o
 .bss           0x000000000020c168        0x1 /usr/lib/gcc/x86_64-linux-gnu/7/crtbeginS.o
 .bss           0x000000000020c169        0x0 hello-world.co
 *fill*         0x000000000020c169       0x17 
 .bss           0x000000000020c180       0x60 contiki-native.a(contiki-main.o)
                0x000000000020c180                contiki_argc
 .bss           0x000000000020c1e0        0x0 contiki-native.a(button-sensor.o)
 .bss           0x000000000020c1e0        0x4 contiki-native.a(pir-sensor.o)
 .bss           0x000000000020c1e4        0x4 contiki-native.a(vib-sensor.o)
 .bss           0x000000000020c1e8        0x9 contiki-native.a(sensors.o)
 .bss           0x000000000020c1f1        0x0 contiki-native.a(rimeaddr.o)
 *fill*         0x000000000020c1f1        0x7 
 .bss           0x000000000020c1f8        0x8 contiki-native.a(rime.o)
 .bss           0x000000000020c200        0x0 contiki-native.a(rimestats.o)
 .bss           0x000000000020c200       0x18 contiki-native.a(announcement.o)
 *fill*         0x000000000020c218        0x8 
 .bss           0x000000000020c220       0xd8 contiki-native.a(broadcast-annou)
 .bss           0x000000000020c2f8        0x0 contiki-native.a(broadcast.o)
 .bss           0x000000000020c2f8        0x0 contiki-native.a(abc.o)
 .bss           0x000000000020c2f8        0x0 contiki-native.a(chameleon.o)
 .bss           0x000000000020c2f8        0x8 contiki-native.a(channel.o)
 .bss           0x000000000020c300        0x0 contiki-native.a(chameleon-bitop)
 .bss           0x000000000020c300        0x0 contiki-native.a(nullmac.o)
 .bss           0x000000000020c300        0x0 contiki-native.a(nullrdc.o)
 .bss           0x000000000020c300        0x0 contiki-native.a(mac.o)
 .bss           0x000000000020c300        0x0 contiki-native.a(framer-nullmac.)
 .bss           0x000000000020c300      0x343 contiki-native.a(process.o)
                0x000000000020c300                process_current
                0x000000000020c308                process_list
 .bss           0x000000000020c643        0x0 contiki-native.a(autostart.o)
 *fill*         0x000000000020c643       0x1d 
 .bss           0x000000000020c660      0x150 contiki-native.a(serial-line.o)
 .bss           0x000000000020c7b0        0x0 contiki-native.a(list.o)
 .bss           0x000000000020c7b0       0x10 contiki-native.a(etimer.o)
 .bss           0x000000000020c7c0       0x10 contiki-native.a(ctimer.o)
 .bss           0x000000000020c7d0        0x0 contiki-native.a(random.o)
 .bss           0x000000000020c7d0        0x0 contiki-native.a(ringbuf.o)
 .bss           0x000000000020c7d0        0x0 contiki-native.a(netstack.o)
 *fill*         0x000000000020c7d0       0x10 
 .bss           0x000000000020c7e0       0xd8 contiki-native.a(packetbuf.o)
 *fill*         0x000000000020c8b8        0x8 
 .bss           0x000000000020c8c0      0x6c8 contiki-native.a(queuebuf.o)
 *fill*         0x000000000020cf88       0x18 
 .bss           0x000000000020cfa0      0x300 contiki-native.a(tcpip.o)
 .bss           0x000000000020d2a0        0x0 contiki-native.a(nullradio.o)
 .bss           0x000000000020d2a0        0x0 contiki-native.a(clock.o)
 .bss           0x000000000020d2a0        0x0 contiki-native.a(memb.o)
 .bss           0x000000000020d2a0        0x0 contiki-native.a(timer.o)
 .bss           0x000000000020d2a0       0x12 contiki-native.a(uip.o)
                0x000000000020d2a0                uip_ethaddr
 .bss           0x000000000020d2b2        0x0 /usr/lib/x86_64-linux-gnu/libc_nonshared.a(elf-init.oS)
 .bss           0x000000000020d2b2        0x0 /usr/lib/gcc/x86_64-linux-gnu/7/crtendS.o
 .bss           0x000000000020d2b2        0x0 /usr/lib/gcc/x86_64-linux-gnu/7/../../../x86_64-linux-gnu/crtn.o
 *(COMMON)
 *fill*         0x000000000020d2b2        0x6 
 COMMON         0x000000000020d2b8        0xc contiki-native.a(contiki-main.o)
                0x000000000020d2b8                contiki_argv
                0x000000000020d2c0                sensors_flags
 COMMON         0x000000000020d2c4        0x1 contiki-native.a(sensors.o)
                0x000000000020d2c4                sensors_event
 COMMON         0x000000000020d2c5        0x2 contiki-native.a(rimeaddr.o)
                0x000000000020d2c5                rimeaddr_node_addr
 *fill*         0x000000000020d2c7       0x19 
 COMMON         0x000000000020d2e0       0x90 contiki-native.a(rimestats.o)
                0x000000000020d2e0                rimestats
 COMMON         0x000000000020d370        0x1 contiki-native.a(serial-line.o)
                0x000000000020d370                serial_line_event_message
 *fill*         0x000000000020d371        0xf 
 COMMON         0x000000000020d380       0x38 contiki-native.a(packetbuf.o)
                0x000000000020d380                packetbuf_attrs
                0x000000000020d3b0                packetbuf_addrs
 COMMON         0x000000000020d3b8        0x1 contiki-native.a(tcpip.o)
                0x000000000020d3b8                tcpip_event
 *fill*         0x000000000020d3b9        0x7 
 COMMON         0x000000000020d3c0      0xb30 contiki-native.a(uip.o)
                0x000000000020d3c0                uip_draddr
                0x000000000020d3c4                uip_slen
                0x000000000020d3c6                uip_acc32
                0x000000000020d3e0                uip_conns
                0x000000000020db60                uip_netmask
                0x000000000020db64                uip_hostaddr
                0x000000000020db68                uip_appdata
                0x000000000020db70                uip_flags
                0x000000000020db80                uip_aligned_buf
                0x000000000020dd40                uip_listenports
                0x000000000020dd90                uip_len
                0x000000000020dd98                uip_sappdata
                0x000000000020dda0                uip_udp_conns
                0x000000000020dee0                uip_udp_conn
                0x000000000020dee8                uip_conn
                0x000000000020def0                . = ALIGN ((. != 0x0)?0x8:0x1)

.lbss
 *(.dynlbss)
 *(.lbss .lbss.* .gnu.linkonce.lb.*)
 *(LARGE_COMMON)
                0x000000000020def0                . = ALIGN (0x8)
                0x000000000020def0                . = SEGMENT_START ("ldata-segment", .)

.lrodata
 *(.lrodata .lrodata.* .gnu.linkonce.lr.*)

.ldata          0x000000000060def0        0x0
 *(.ldata .ldata.* .gnu.linkonce.l.*)
                0x000000000060def0                . = ALIGN ((. != 0x0)?0x8:0x1)
                0x000000000060def0                . = ALIGN (0x8)
                0x000000000060def0                _end = .
                [!provide]                        PROVIDE (end = .)
                0x000000000060def0                . = DATA_SEGMENT_END (.)

.stab
 *(.stab)

.stabstr
 *(.stabstr)

.stab.excl
 *(.stab.excl)

.stab.exclstr
 *(.stab.exclstr)

.stab.index
 *(.stab.index)

.stab.indexstr
 *(.stab.indexstr)

.comment        0x0000000000000000       0x29
 *(.comment)
 .comment       0x0000000000000000       0x29 /usr/lib/gcc/x86_64-linux-gnu/7/crtbeginS.o
                                         0x2a (size before relaxing)
 .comment       0x0000000000000029       0x2a hello-world.co
 .comment       0x0000000000000029       0x2a contiki-native.a(contiki-main.o)
 .comment       0x0000000000000029       0x2a contiki-native.a(button-sensor.o)
 .comment       0x0000000000000029       0x2a contiki-native.a(pir-sensor.o)
 .comment       0x0000000000000029       0x2a contiki-native.a(vib-sensor.o)
 .comment       0x0000000000000029       0x2a contiki-native.a(sensors.o)
 .comment       0x0000000000000029       0x2a contiki-native.a(rimeaddr.o)
 .comment       0x0000000000000029       0x2a contiki-native.a(rime.o)
 .comment       0x0000000000000029       0x2a contiki-native.a(rimestats.o)
 .comment       0x0000000000000029       0x2a contiki-native.a(announcement.o)
 .comment       0x0000000000000029       0x2a contiki-native.a(broadcast-annou)
 .comment       0x0000000000000029       0x2a contiki-native.a(broadcast.o)
 .comment       0x0000000000000029       0x2a contiki-native.a(abc.o)
 .comment       0x0000000000000029       0x2a contiki-native.a(chameleon.o)
 .comment       0x0000000000000029       0x2a contiki-native.a(channel.o)
 .comment       0x0000000000000029       0x2a contiki-native.a(chameleon-bitop)
 .comment       0x0000000000000029       0x2a contiki-native.a(nullmac.o)
 .comment       0x0000000000000029       0x2a contiki-native.a(nullrdc.o)
 .comment       0x0000000000000029       0x2a contiki-native.a(mac.o)
 .comment       0x0000000000000029       0x2a contiki-native.a(framer-nullmac.)
 .comment       0x0000000000000029       0x2a contiki-native.a(process.o)
 .comment       0x0000000000000029       0x2a contiki-native.a(autostart.o)
 .comment       0x0000000000000029       0x2a contiki-native.a(serial-line.o)
 .comment       0x0000000000000029       0x2a contiki-native.a(list.o)
 .comment       0x0000000000000029       0x2a contiki-native.a(etimer.o)
 .comment       0x0000000000000029       0x2a contiki-native.a(ctimer.o)
 .comment       0x0000000000000029       0x2a contiki-native.a(random.o)
 .comment       0x0000000000000029       0x2a contiki-native.a(ringbuf.o)
 .comment       0x0000000000000029       0x2a contiki-native.a(netstack.o)
 .comment       0x0000000000000029       0x2a contiki-native.a(packetbuf.o)
 .comment       0x0000000000000029       0x2a contiki-native.a(queuebuf.o)
 .comment       0x0000000000000029       0x2a contiki-native.a(tcpip.o)
 .comment       0x0000000000000029       0x2a contiki-native.a(nullradio.o)
 .comment       0x0000000000000029       0x2a contiki-native.a(clock.o)
 .comment       0x0000000000000029       0x2a contiki-native.a(memb.o)
 .comment       0x0000000000000029       0x2a contiki-native.a(timer.o)
 .comment       0x0000000000000029       0x2a contiki-native.a(uip.o)
 .comment       0x0000000000000029       0x2a /usr/lib/gcc/x86_64-linux-gnu/7/crtendS.o

.debug
 *(.debug)

.line
 *(.line)

.debug_srcinfo
 *(.debug_srcinfo)

.debug_sfnames
 *(.debug_sfnames)

.debug_aranges  0x0000000000000000      0x6e0
 *(.debug_aranges)
 .debug_aranges
                0x0000000000000000       0x30 hello-world.co
 .debug_aranges
                0x0000000000000030       0x30 contiki-native.a(contiki-main.o)
 .debug_aranges
                0x0000000000000060       0x30 contiki-native.a(button-sensor.o)
 .debug_aranges
                0x0000000000000090       0x30 contiki-native.a(pir-sensor.o)
 .debug_aranges
                0x00000000000000c0       0x30 contiki-native.a(vib-sensor.o)
 .debug_aranges
                0x00000000000000f0       0x30 contiki-native.a(sensors.o)
 .debug_aranges
                0x0000000000000120       0x30 contiki-native.a(rimeaddr.o)
 .debug_aranges
                0x0000000000000150       0x30 contiki-native.a(rime.o)
 .debug_aranges
                0x0000000000000180       0x20 contiki-native.a(rimestats.o)
 .debug_aranges
                0x00000000000001a0       0x30 contiki-native.a(announcement.o)
 .debug_aranges
                0x00000000000001d0       0x30 contiki-native.a(broadcast-annou)
 .debug_aranges
                0x0000000000000200       0x30 contiki-native.a(broadcast.o)
 .debug_aranges
                0x0000000000000230       0x30 contiki-native.a(abc.o)
 .debug_aranges
                0x0000000000000260       0x30 contiki-native.a(chameleon.o)
 .debug_aranges
                0x0000000000000290       0x30 contiki-native.a(channel.o)
 .debug_aranges
                0x00000000000002c0       0x30 contiki-native.a(chameleon-bitop)
 .debug_aranges
                0x00000000000002f0       0x30 contiki-native.a(nullmac.o)
 .debug_aranges
                0x0000000000000320       0x30 contiki-native.a(nullrdc.o)
 .debug_aranges
                0x0000000000000350       0x30 contiki-native.a(mac.o)
 .debug_aranges
                0x0000000000000380       0x30 contiki-native.a(framer-nullmac.)
 .debug_aranges
                0x00000000000003b0       0x30 contiki-native.a(process.o)
 .debug_aranges
                0x00000000000003e0       0x30 contiki-native.a(autostart.o)
 .debug_aranges
                0x0000000000000410       0x30 contiki-native.a(serial-line.o)
 .debug_aranges
                0x0000000000000440       0x30 contiki-native.a(list.o)
 .debug_aranges
                0x0000000000000470       0x30 contiki-native.a(etimer.o)
 .debug_aranges
                0x00000000000004a0       0x30 contiki-native.a(ctimer.o)
 .debug_aranges
                0x00000000000004d0       0x30 contiki-native.a(random.o)
 .debug_aranges
                0x0000000000000500       0x30 contiki-native.a(ringbuf.o)
 .debug_aranges
                0x0000000000000530       0x30 contiki-native.a(netstack.o)
 .debug_aranges
                0x0000000000000560       0x30 contiki-native.a(packetbuf.o)
 .debug_aranges
                0x0000000000000590       0x30 contiki-native.a(queuebuf.o)
 .debug_aranges
                0x00000000000005c0       0x30 contiki-native.a(tcpip.o)
 .debug_aranges
                0x00000000000005f0       0x30 contiki-native.a(nullradio.o)
 .debug_aranges
                0x0000000000000620       0x30 contiki-native.a(clock.o)
 .debug_aranges
                0x0000000000000650       0x30 contiki-native.a(memb.o)
 .debug_aranges
                0x0000000000000680       0x30 contiki-native.a(timer.o)
 .debug_aranges
                0x00000000000006b0       0x30 contiki-native.a(uip.o)

.debug_pubnames
 *(.debug_pubnames)

.debug_info     0x0000000000000000    0x116bd
 *(.debug_info .gnu.linkonce.wi.*)
 .debug_info    0x0000000000000000      0x50c hello-world.co
 .debug_info    0x000000000000050c     0x1693 contiki-native.a(contiki-main.o)
 .debug_info    0x0000000000001b9f      0x302 contiki-native.a(button-sensor.o)
 .debug_info    0x0000000000001ea1      0x324 contiki-native.a(pir-sensor.o)
 .debug_info    0x00000000000021c5      0x315 contiki-native.a(vib-sensor.o)
 .debug_info    0x00000000000024da      0x4da contiki-native.a(sensors.o)
 .debug_info    0x00000000000029b4      0x1d1 contiki-native.a(rimeaddr.o)
 .debug_info    0x0000000000002b85      0xa88 contiki-native.a(rime.o)
 .debug_info    0x000000000000360d      0x124 contiki-native.a(rimestats.o)
 .debug_info    0x0000000000003731      0x5ba contiki-native.a(announcement.o)
 .debug_info    0x0000000000003ceb      0xbca contiki-native.a(broadcast-annou)
 .debug_info    0x00000000000048b5      0xeb2 contiki-native.a(broadcast.o)
 .debug_info    0x0000000000005767      0xd71 contiki-native.a(abc.o)
 .debug_info    0x00000000000064d8      0x82d contiki-native.a(chameleon.o)
 .debug_info    0x0000000000006d05      0x582 contiki-native.a(channel.o)
 .debug_info    0x0000000000007287      0xc99 contiki-native.a(chameleon-bitop)
 .debug_info    0x0000000000007f20      0x4dd contiki-native.a(nullmac.o)
 .debug_info    0x00000000000083fd      0x780 contiki-native.a(nullrdc.o)
 .debug_info    0x0000000000008b7d      0x140 contiki-native.a(mac.o)
 .debug_info    0x0000000000008cbd      0x363 contiki-native.a(framer-nullmac.)
 .debug_info    0x0000000000009020      0x929 contiki-native.a(process.o)
 .debug_info    0x0000000000009949      0x222 contiki-native.a(autostart.o)
 .debug_info    0x0000000000009b6b      0x4c2 contiki-native.a(serial-line.o)
 .debug_info    0x000000000000a02d      0x3b3 contiki-native.a(list.o)
 .debug_info    0x000000000000a3e0      0x6ac contiki-native.a(etimer.o)
 .debug_info    0x000000000000aa8c      0x761 contiki-native.a(ctimer.o)
 .debug_info    0x000000000000b1ed      0x108 contiki-native.a(random.o)
 .debug_info    0x000000000000b2f5      0x1d9 contiki-native.a(ringbuf.o)
 .debug_info    0x000000000000b4ce      0x39f contiki-native.a(netstack.o)
 .debug_info    0x000000000000b86d     0x13e5 contiki-native.a(packetbuf.o)
 .debug_info    0x000000000000cc52     0x13f0 contiki-native.a(queuebuf.o)
 .debug_info    0x000000000000e042     0x17ec contiki-native.a(tcpip.o)
 .debug_info    0x000000000000f82e      0x307 contiki-native.a(nullradio.o)
 .debug_info    0x000000000000fb35      0x22a contiki-native.a(clock.o)
 .debug_info    0x000000000000fd5f      0x395 contiki-native.a(memb.o)
 .debug_info    0x00000000000100f4      0x1dd contiki-native.a(timer.o)
 .debug_info    0x00000000000102d1     0x13ec contiki-native.a(uip.o)

.debug_abbrev   0x0000000000000000     0x4b02
 *(.debug_abbrev)
 .debug_abbrev  0x0000000000000000      0x1fb hello-world.co
 .debug_abbrev  0x00000000000001fb      0x3d6 contiki-native.a(contiki-main.o)
 .debug_abbrev  0x00000000000005d1      0x171 contiki-native.a(button-sensor.o)
 .debug_abbrev  0x0000000000000742      0x19e contiki-native.a(pir-sensor.o)
 .debug_abbrev  0x00000000000008e0      0x18f contiki-native.a(vib-sensor.o)
 .debug_abbrev  0x0000000000000a6f      0x28e contiki-native.a(sensors.o)
 .debug_abbrev  0x0000000000000cfd      0x132 contiki-native.a(rimeaddr.o)
 .debug_abbrev  0x0000000000000e2f      0x268 contiki-native.a(rime.o)
 .debug_abbrev  0x0000000000001097       0x66 contiki-native.a(rimestats.o)
 .debug_abbrev  0x00000000000010fd      0x1c8 contiki-native.a(announcement.o)
 .debug_abbrev  0x00000000000012c5      0x2a1 contiki-native.a(broadcast-annou)
 .debug_abbrev  0x0000000000001566      0x298 contiki-native.a(broadcast.o)
 .debug_abbrev  0x00000000000017fe      0x24c contiki-native.a(abc.o)
 .debug_abbrev  0x0000000000001a4a      0x22a contiki-native.a(chameleon.o)
 .debug_abbrev  0x0000000000001c74      0x1df contiki-native.a(channel.o)
 .debug_abbrev  0x0000000000001e53      0x324 contiki-native.a(chameleon-bitop)
 .debug_abbrev  0x0000000000002177      0x1bd contiki-native.a(nullmac.o)
 .debug_abbrev  0x0000000000002334      0x253 contiki-native.a(nullrdc.o)
 .debug_abbrev  0x0000000000002587       0xbf contiki-native.a(mac.o)
 .debug_abbrev  0x0000000000002646      0x14c contiki-native.a(framer-nullmac.)
 .debug_abbrev  0x0000000000002792      0x32e contiki-native.a(process.o)
 .debug_abbrev  0x0000000000002ac0      0x146 contiki-native.a(autostart.o)
 .debug_abbrev  0x0000000000002c06      0x21a contiki-native.a(serial-line.o)
 .debug_abbrev  0x0000000000002e20      0x189 contiki-native.a(list.o)
 .debug_abbrev  0x0000000000002fa9      0x272 contiki-native.a(etimer.o)
 .debug_abbrev  0x000000000000321b      0x213 contiki-native.a(ctimer.o)
 .debug_abbrev  0x000000000000342e       0xa2 contiki-native.a(random.o)
 .debug_abbrev  0x00000000000034d0       0xce contiki-native.a(ringbuf.o)
 .debug_abbrev  0x000000000000359e       0xdd contiki-native.a(netstack.o)
 .debug_abbrev  0x000000000000367b      0x3ee contiki-native.a(packetbuf.o)
 .debug_abbrev  0x0000000000003a69      0x32b contiki-native.a(queuebuf.o)
 .debug_abbrev  0x0000000000003d94      0x461 contiki-native.a(tcpip.o)
 .debug_abbrev  0x00000000000041f5      0x167 contiki-native.a(nullradio.o)
 .debug_abbrev  0x000000000000435c      0x11e contiki-native.a(clock.o)
 .debug_abbrev  0x000000000000447a      0x1e2 contiki-native.a(memb.o)
 .debug_abbrev  0x000000000000465c       0xec contiki-native.a(timer.o)
 .debug_abbrev  0x0000000000004748      0x3ba contiki-native.a(uip.o)

.debug_line     0x0000000000000000     0x3c96
 *(.debug_line .debug_line.* .debug_line_end)
 .debug_line    0x0000000000000000      0x14a hello-world.co
 .debug_line    0x000000000000014a      0x467 contiki-native.a(contiki-main.o)
 .debug_line    0x00000000000005b1      0x104 contiki-native.a(button-sensor.o)
 .debug_line    0x00000000000006b5       0xff contiki-native.a(pir-sensor.o)
 .debug_line    0x00000000000007b4       0xff contiki-native.a(vib-sensor.o)
 .debug_line    0x00000000000008b3      0x14b contiki-native.a(sensors.o)
 .debug_line    0x00000000000009fe       0xc0 contiki-native.a(rimeaddr.o)
 .debug_line    0x0000000000000abe      0x244 contiki-native.a(rime.o)
 .debug_line    0x0000000000000d02       0x65 contiki-native.a(rimestats.o)
 .debug_line    0x0000000000000d67      0x127 contiki-native.a(announcement.o)
 .debug_line    0x0000000000000e8e      0x295 contiki-native.a(broadcast-annou)
 .debug_line    0x0000000000001123      0x222 contiki-native.a(broadcast.o)
 .debug_line    0x0000000000001345      0x203 contiki-native.a(abc.o)
 .debug_line    0x0000000000001548      0x1c7 contiki-native.a(chameleon.o)
 .debug_line    0x000000000000170f      0x184 contiki-native.a(channel.o)
 .debug_line    0x0000000000001893      0x2c1 contiki-native.a(chameleon-bitop)
 .debug_line    0x0000000000001b54       0xfe contiki-native.a(nullmac.o)
 .debug_line    0x0000000000001c52      0x18d contiki-native.a(nullrdc.o)
 .debug_line    0x0000000000001ddf       0x74 contiki-native.a(mac.o)
 .debug_line    0x0000000000001e53       0xeb contiki-native.a(framer-nullmac.)
 .debug_line    0x0000000000001f3e      0x1f6 contiki-native.a(process.o)
 .debug_line    0x0000000000002134       0xab contiki-native.a(autostart.o)
 .debug_line    0x00000000000021df      0x171 contiki-native.a(serial-line.o)
 .debug_line    0x0000000000002350       0xed contiki-native.a(list.o)
 .debug_line    0x000000000000243d      0x16f contiki-native.a(etimer.o)
 .debug_line    0x00000000000025ac      0x173 contiki-native.a(ctimer.o)
 .debug_line    0x000000000000271f       0x69 contiki-native.a(random.o)
 .debug_line    0x0000000000002788       0xca contiki-native.a(ringbuf.o)
 .debug_line    0x0000000000002852       0xc0 contiki-native.a(netstack.o)
 .debug_line    0x0000000000002912      0x33f contiki-native.a(packetbuf.o)
 .debug_line    0x0000000000002c51      0x2bc contiki-native.a(queuebuf.o)
 .debug_line    0x0000000000002f0d      0x396 contiki-native.a(tcpip.o)
 .debug_line    0x00000000000032a3       0x8e contiki-native.a(nullradio.o)
 .debug_line    0x0000000000003331      0x121 contiki-native.a(clock.o)
 .debug_line    0x0000000000003452      0x18e contiki-native.a(memb.o)
 .debug_line    0x00000000000035e0       0xb5 contiki-native.a(timer.o)
 .debug_line    0x0000000000003695      0x601 contiki-native.a(uip.o)

.debug_frame
 *(.debug_frame)

.debug_str      0x0000000000000000     0x2507
 *(.debug_str)
 .debug_str     0x0000000000000000      0x332 hello-world.co
                                        0x3cc (size before relaxing)
 .debug_str     0x0000000000000332      0x666 contiki-native.a(contiki-main.o)
                                        0xac7 (size before relaxing)
 .debug_str     0x0000000000000998       0x47 contiki-native.a(button-sensor.o)
                                        0x208 (size before relaxing)
 .debug_str     0x00000000000009df       0x4d contiki-native.a(pir-sensor.o)
                                        0x21b (size before relaxing)
 .debug_str     0x0000000000000a2c       0x3a contiki-native.a(vib-sensor.o)
                                        0x208 (size before relaxing)
 .debug_str     0x0000000000000a66       0xba contiki-native.a(sensors.o)
                                        0x2b8 (size before relaxing)
 .debug_str     0x0000000000000b20       0x46 contiki-native.a(rimeaddr.o)
                                        0x17d (size before relaxing)
 .debug_str     0x0000000000000b66      0x1c5 contiki-native.a(rime.o)
                                        0x573 (size before relaxing)
 .debug_str     0x0000000000000d2b       0x20 contiki-native.a(rimestats.o)
                                        0x13e (size before relaxing)
 .debug_str     0x0000000000000d4b      0x1a9 contiki-native.a(announcement.o)
                                        0x36c (size before relaxing)
 .debug_str     0x0000000000000ef4      0x270 contiki-native.a(broadcast-annou)
                                        0x653 (size before relaxing)
 .debug_str     0x0000000000001164      0x3a9 contiki-native.a(broadcast.o)
                                        0x9ef (size before relaxing)
 .debug_str     0x000000000000150d       0x35 contiki-native.a(abc.o)
                                        0x970 (size before relaxing)
 .debug_str     0x0000000000001542       0x74 contiki-native.a(chameleon.o)
                                        0x7ec (size before relaxing)
 .debug_str     0x00000000000015b6       0x4c contiki-native.a(channel.o)
                                        0x36d (size before relaxing)
 .debug_str     0x0000000000001602      0x12d contiki-native.a(chameleon-bitop)
                                        0x767 (size before relaxing)
 .debug_str     0x000000000000172f       0x44 contiki-native.a(nullmac.o)
                                        0x286 (size before relaxing)
 .debug_str     0x0000000000001773       0x96 contiki-native.a(nullrdc.o)
                                        0x67a (size before relaxing)
 .debug_str     0x0000000000001809       0x19 contiki-native.a(mac.o)
                                        0x183 (size before relaxing)
 .debug_str     0x0000000000001822       0x39 contiki-native.a(framer-nullmac.)
                                        0x4b2 (size before relaxing)
 .debug_str     0x000000000000185b       0xeb contiki-native.a(process.o)
                                        0x482 (size before relaxing)
 .debug_str     0x0000000000001946       0x2a contiki-native.a(autostart.o)
                                        0x1ba (size before relaxing)
 .debug_str     0x0000000000001970       0x97 contiki-native.a(serial-line.o)
                                        0x2c8 (size before relaxing)
 .debug_str     0x0000000000001a07       0x70 contiki-native.a(list.o)
                                        0x13c (size before relaxing)
 .debug_str     0x0000000000001a77      0x12a contiki-native.a(etimer.o)
                                        0x327 (size before relaxing)
 .debug_str     0x0000000000001ba1       0x96 contiki-native.a(ctimer.o)
                                        0x300 (size before relaxing)
 .debug_str     0x0000000000001c37       0x46 contiki-native.a(random.o)
                                        0x142 (size before relaxing)
 .debug_str     0x0000000000001c7d       0x37 contiki-native.a(ringbuf.o)
                                        0x17a (size before relaxing)
 .debug_str     0x0000000000001cb4       0x1a contiki-native.a(netstack.o)
                                        0x239 (size before relaxing)
 .debug_str     0x0000000000001cce      0x182 contiki-native.a(packetbuf.o)
                                        0xb55 (size before relaxing)
 .debug_str     0x0000000000001e50      0x191 contiki-native.a(queuebuf.o)
                                        0xbb2 (size before relaxing)
 .debug_str     0x0000000000001fe1      0x20f contiki-native.a(tcpip.o)
                                        0xa8e (size before relaxing)
 .debug_str     0x00000000000021f0       0x44 contiki-native.a(nullradio.o)
                                        0x184 (size before relaxing)
 .debug_str     0x0000000000002234       0x80 contiki-native.a(clock.o)
                                        0x1cd (size before relaxing)
 .debug_str     0x00000000000022b4       0x1b contiki-native.a(memb.o)
                                        0x1f1 (size before relaxing)
 .debug_str     0x00000000000022cf       0x27 contiki-native.a(timer.o)
                                        0x168 (size before relaxing)
 .debug_str     0x00000000000022f6      0x211 contiki-native.a(uip.o)
                                        0x6f6 (size before relaxing)

.debug_loc      0x0000000000000000     0x73fe
 *(.debug_loc)
 .debug_loc     0x0000000000000000      0x16f hello-world.co
 .debug_loc     0x000000000000016f      0x674 contiki-native.a(contiki-main.o)
 .debug_loc     0x00000000000007e3       0x39 contiki-native.a(pir-sensor.o)
 .debug_loc     0x000000000000081c      0x39d contiki-native.a(sensors.o)
 .debug_loc     0x0000000000000bb9       0xe4 contiki-native.a(rimeaddr.o)
 .debug_loc     0x0000000000000c9d      0x315 contiki-native.a(rime.o)
 .debug_loc     0x0000000000000fb2      0x3fe contiki-native.a(announcement.o)
 .debug_loc     0x00000000000013b0      0x4c6 contiki-native.a(broadcast-annou)
 .debug_loc     0x0000000000001876      0x357 contiki-native.a(broadcast.o)
 .debug_loc     0x0000000000001bcd      0x31e contiki-native.a(abc.o)
 .debug_loc     0x0000000000001eeb      0x118 contiki-native.a(chameleon.o)
 .debug_loc     0x0000000000002003      0x236 contiki-native.a(channel.o)
 .debug_loc     0x0000000000002239      0xd66 contiki-native.a(chameleon-bitop)
 .debug_loc     0x0000000000002f9f       0xab contiki-native.a(nullmac.o)
 .debug_loc     0x000000000000304a      0x227 contiki-native.a(nullrdc.o)
 .debug_loc     0x0000000000003271      0x169 contiki-native.a(mac.o)
 .debug_loc     0x00000000000033da       0x6c contiki-native.a(framer-nullmac.)
 .debug_loc     0x0000000000003446      0x5a3 contiki-native.a(process.o)
 .debug_loc     0x00000000000039e9      0x106 contiki-native.a(autostart.o)
 .debug_loc     0x0000000000003aef      0x318 contiki-native.a(serial-line.o)
 .debug_loc     0x0000000000003e07      0x325 contiki-native.a(list.o)
 .debug_loc     0x000000000000412c      0x649 contiki-native.a(etimer.o)
 .debug_loc     0x0000000000004775      0x576 contiki-native.a(ctimer.o)
 .debug_loc     0x0000000000004ceb       0x39 contiki-native.a(random.o)
 .debug_loc     0x0000000000004d24       0x5c contiki-native.a(ringbuf.o)
 .debug_loc     0x0000000000004d80      0xa3c contiki-native.a(packetbuf.o)
 .debug_loc     0x00000000000057bc      0x329 contiki-native.a(queuebuf.o)
 .debug_loc     0x0000000000005ae5      0xac3 contiki-native.a(tcpip.o)
 .debug_loc     0x00000000000065a8      0x26d contiki-native.a(memb.o)
 .debug_loc     0x0000000000006815      0x194 contiki-native.a(timer.o)
 .debug_loc     0x00000000000069a9      0xa55 contiki-native.a(uip.o)

.debug_macinfo
 *(.debug_macinfo)

.debug_weaknames
 *(.debug_weaknames)

.debug_funcnames
 *(.debug_funcnames)

.debug_typenames
 *(.debug_typenames)

.debug_varnames
 *(.debug_varnames)

.debug_pubtypes
 *(.debug_pubtypes)

.debug_ranges   0x0000000000000000      0x330
 *(.debug_ranges)
 .debug_ranges  0x0000000000000000       0x30 hello-world.co
 .debug_ranges  0x0000000000000030       0x60 contiki-native.a(contiki-main.o)
 .debug_ranges  0x0000000000000090       0x90 contiki-native.a(sensors.o)
 .debug_ranges  0x0000000000000120       0x60 contiki-native.a(chameleon-bitop)
 .debug_ranges  0x0000000000000180       0x30 contiki-native.a(process.o)
 .debug_ranges  0x00000000000001b0       0x60 contiki-native.a(serial-line.o)
 .debug_ranges  0x0000000000000210       0x60 contiki-native.a(etimer.o)
 .debug_ranges  0x0000000000000270       0x30 contiki-native.a(ctimer.o)
 .debug_ranges  0x00000000000002a0       0x90 contiki-native.a(tcpip.o)

.debug_macro
 *(.debug_macro)

.debug_addr
 *(.debug_addr)

.gnu.attributes
 *(.gnu.attributes)

/DISCARD/
 *(.note.GNU-stack)
 *(.gnu_debuglink)
 *(.gnu.lto_*)
OUTPUT(hello-world.native elf64-x86-64)
