                                      1 ;--------------------------------------------------------
                                      2 ; File Created by SDCC : free open source ANSI-C Compiler
                                      3 ; Version 4.0.0 #11528 (Linux)
                                      4 ;--------------------------------------------------------
                                      5 	.module nullrdc_noframer
                                      6 	.optsdcc -mmcs51 --model-large
                                      7 	
                                      8 ;--------------------------------------------------------
                                      9 ; Public variables in this module
                                     10 ;--------------------------------------------------------
                                     11 	.globl _nullrdc_noframer_driver
                                     12 	.globl _queuebuf_to_packetbuf
                                     13 	.globl _packetbuf_totlen
                                     14 	.globl _packetbuf_hdrptr
                                     15 ;--------------------------------------------------------
                                     16 ; special function registers
                                     17 ;--------------------------------------------------------
                                     18 	.area RSEG    (ABS,DATA)
      000000                         19 	.org 0x0000
                                     20 ;--------------------------------------------------------
                                     21 ; special function bits
                                     22 ;--------------------------------------------------------
                                     23 	.area RSEG    (ABS,DATA)
      000000                         24 	.org 0x0000
                                     25 ;--------------------------------------------------------
                                     26 ; overlayable register banks
                                     27 ;--------------------------------------------------------
                                     28 	.area REG_BANK_0	(REL,OVR,DATA)
      000000                         29 	.ds 8
                                     30 ;--------------------------------------------------------
                                     31 ; internal ram data
                                     32 ;--------------------------------------------------------
                                     33 	.area DSEG    (DATA)
                                     34 ;--------------------------------------------------------
                                     35 ; overlayable items in internal ram 
                                     36 ;--------------------------------------------------------
                                     37 ;--------------------------------------------------------
                                     38 ; indirectly addressable internal ram data
                                     39 ;--------------------------------------------------------
                                     40 	.area ISEG    (DATA)
                                     41 ;--------------------------------------------------------
                                     42 ; absolute internal ram data
                                     43 ;--------------------------------------------------------
                                     44 	.area IABS    (ABS,DATA)
                                     45 	.area IABS    (ABS,DATA)
                                     46 ;--------------------------------------------------------
                                     47 ; bit data
                                     48 ;--------------------------------------------------------
                                     49 	.area BSEG    (BIT)
                                     50 ;--------------------------------------------------------
                                     51 ; paged external ram data
                                     52 ;--------------------------------------------------------
                                     53 	.area PSEG    (PAG,XDATA)
                                     54 ;--------------------------------------------------------
                                     55 ; external ram data
                                     56 ;--------------------------------------------------------
                                     57 	.area XSEG    (XDATA)
                                     58 ;--------------------------------------------------------
                                     59 ; absolute external ram data
                                     60 ;--------------------------------------------------------
                                     61 	.area XABS    (ABS,XDATA)
                                     62 ;--------------------------------------------------------
                                     63 ; external initialized ram data
                                     64 ;--------------------------------------------------------
                                     65 	.area XISEG   (XDATA)
                                     66 	.area HOME    (CODE)
                                     67 	.area GSINIT0 (CODE)
                                     68 	.area GSINIT1 (CODE)
                                     69 	.area GSINIT2 (CODE)
                                     70 	.area GSINIT3 (CODE)
                                     71 	.area GSINIT4 (CODE)
                                     72 	.area GSINIT5 (CODE)
                                     73 	.area GSINIT  (CODE)
                                     74 	.area GSFINAL (CODE)
                                     75 	.area CSEG    (CODE)
                                     76 ;--------------------------------------------------------
                                     77 ; global & static initialisations
                                     78 ;--------------------------------------------------------
                                     79 	.area HOME    (CODE)
                                     80 	.area GSINIT  (CODE)
                                     81 	.area GSFINAL (CODE)
                                     82 	.area GSINIT  (CODE)
                                     83 ;--------------------------------------------------------
                                     84 ; Home
                                     85 ;--------------------------------------------------------
                                     86 	.area HOME    (CODE)
                                     87 	.area HOME    (CODE)
                                     88 ;--------------------------------------------------------
                                     89 ; code
                                     90 ;--------------------------------------------------------
                                     91 	.area CSEG    (CODE)
                                     92 ;------------------------------------------------------------
                                     93 ;Allocation info for local variables in function 'send_packet'
                                     94 ;------------------------------------------------------------
                                     95 ;ptr                       Allocated to stack - sp -8
                                     96 ;sent                      Allocated to stack - sp -3
                                     97 ;ret                       Allocated to registers r6 r7 
                                     98 ;sloc0                     Allocated to stack - sp -1
                                     99 ;------------------------------------------------------------
                                    100 ;	../../core/net/mac/nullrdc-noframer.c:48: send_packet(mac_callback_t sent, void *ptr)
                                    101 ;	-----------------------------------------
                                    102 ;	 function send_packet
                                    103 ;	-----------------------------------------
      000000                        104 _send_packet:
                           000007   105 	ar7 = 0x07
                           000006   106 	ar6 = 0x06
                           000005   107 	ar5 = 0x05
                           000004   108 	ar4 = 0x04
                           000003   109 	ar3 = 0x03
                           000002   110 	ar2 = 0x02
                           000001   111 	ar1 = 0x01
                           000000   112 	ar0 = 0x00
      000000 C0 82            [24]  113 	push	dpl
      000002 C0 83            [24]  114 	push	dph
      000004 05 81            [12]  115 	inc	sp
      000006 05 81            [12]  116 	inc	sp
                                    117 ;	../../core/net/mac/nullrdc-noframer.c:51: if(NETSTACK_RADIO.send(packetbuf_hdrptr(), packetbuf_totlen()) == RADIO_TX_OK) {
      000008 90r00r06         [24]  118 	mov	dptr,#(_cc2530_rf_driver + 0x0006)
      00000B E4               [12]  119 	clr	a
      00000C 93               [24]  120 	movc	a,@a+dptr
      00000D FC               [12]  121 	mov	r4,a
      00000E A3               [24]  122 	inc	dptr
      00000F E4               [12]  123 	clr	a
      000010 93               [24]  124 	movc	a,@a+dptr
      000011 FD               [12]  125 	mov	r5,a
      000012 C0 05            [24]  126 	push	ar5
      000014 C0 04            [24]  127 	push	ar4
      000016 12r00r00         [24]  128 	lcall	_packetbuf_totlen
      000019 A8 81            [24]  129 	mov	r0,sp
      00001B 18               [12]  130 	dec	r0
      00001C 18               [12]  131 	dec	r0
      00001D 18               [12]  132 	dec	r0
      00001E A6 82            [24]  133 	mov	@r0,dpl
      000020 08               [12]  134 	inc	r0
      000021 A6 83            [24]  135 	mov	@r0,dph
      000023 12r00r00         [24]  136 	lcall	_packetbuf_hdrptr
      000026 AB 82            [24]  137 	mov	r3,dpl
      000028 AE 83            [24]  138 	mov	r6,dph
      00002A AF F0            [24]  139 	mov	r7,b
      00002C D0 04            [24]  140 	pop	ar4
      00002E D0 05            [24]  141 	pop	ar5
      000030 A8 81            [24]  142 	mov	r0,sp
      000032 18               [12]  143 	dec	r0
      000033 E6               [12]  144 	mov	a,@r0
      000034 C0 E0            [24]  145 	push	acc
      000036 08               [12]  146 	inc	r0
      000037 E6               [12]  147 	mov	a,@r0
      000038 C0 E0            [24]  148 	push	acc
      00003A 12r00r3F         [24]  149 	lcall	00119$
      00003D 80 0B            [24]  150 	sjmp	00120$
      00003F                        151 00119$:
      00003F C0 04            [24]  152 	push	ar4
      000041 C0 05            [24]  153 	push	ar5
      000043 8B 82            [24]  154 	mov	dpl,r3
      000045 8E 83            [24]  155 	mov	dph,r6
      000047 8F F0            [24]  156 	mov	b,r7
      000049 22               [24]  157 	ret
      00004A                        158 00120$:
      00004A AC 82            [24]  159 	mov	r4,dpl
      00004C AD 83            [24]  160 	mov	r5,dph
      00004E 15 81            [12]  161 	dec	sp
      000050 15 81            [12]  162 	dec	sp
      000052 EC               [12]  163 	mov	a,r4
      000053 4D               [12]  164 	orl	a,r5
                                    165 ;	../../core/net/mac/nullrdc-noframer.c:52: ret = MAC_TX_OK;
      000054 70 04            [24]  166 	jnz	00102$
      000056 FE               [12]  167 	mov	r6,a
      000057 FF               [12]  168 	mov	r7,a
      000058 80 04            [24]  169 	sjmp	00106$
      00005A                        170 00102$:
                                    171 ;	../../core/net/mac/nullrdc-noframer.c:54: ret =  MAC_TX_ERR;
      00005A 7E 04            [12]  172 	mov	r6,#0x04
      00005C 7F 00            [12]  173 	mov	r7,#0x00
                                    174 ;	../../core/net/mac/nullrdc-noframer.c:56: mac_call_sent_callback(sent, ptr, ret, 1);
      00005E                        175 00106$:
      00005E E5 81            [12]  176 	mov	a,sp
      000060 24 FD            [12]  177 	add	a,#0xfd
      000062 F8               [12]  178 	mov	r0,a
      000063 E6               [12]  179 	mov	a,@r0
      000064 08               [12]  180 	inc	r0
      000065 46               [12]  181 	orl	a,@r0
      000066 60 30            [24]  182 	jz	00109$
      000068 74 01            [12]  183 	mov	a,#0x01
      00006A C0 E0            [24]  184 	push	acc
      00006C E4               [12]  185 	clr	a
      00006D C0 E0            [24]  186 	push	acc
      00006F C0 06            [24]  187 	push	ar6
      000071 C0 07            [24]  188 	push	ar7
      000073 12r00r78         [24]  189 	lcall	00123$
      000076 80 1A            [24]  190 	sjmp	00124$
      000078                        191 00123$:
      000078 E5 81            [12]  192 	mov	a,sp
      00007A 24 F7            [12]  193 	add	a,#0xf7
      00007C F8               [12]  194 	mov	r0,a
      00007D E6               [12]  195 	mov	a,@r0
      00007E C0 E0            [24]  196 	push	acc
      000080 08               [12]  197 	inc	r0
      000081 E6               [12]  198 	mov	a,@r0
      000082 C0 E0            [24]  199 	push	acc
      000084 E5 81            [12]  200 	mov	a,sp
      000086 24 F0            [12]  201 	add	a,#0xf0
      000088 F8               [12]  202 	mov	r0,a
      000089 86 82            [24]  203 	mov	dpl,@r0
      00008B 08               [12]  204 	inc	r0
      00008C 86 83            [24]  205 	mov	dph,@r0
      00008E 08               [12]  206 	inc	r0
      00008F 86 F0            [24]  207 	mov	b,@r0
      000091 22               [24]  208 	ret
      000092                        209 00124$:
      000092 E5 81            [12]  210 	mov	a,sp
      000094 24 FC            [12]  211 	add	a,#0xfc
      000096 F5 81            [12]  212 	mov	sp,a
      000098                        213 00109$:
                                    214 ;	../../core/net/mac/nullrdc-noframer.c:57: }
      000098 E5 81            [12]  215 	mov	a,sp
      00009A 24 FC            [12]  216 	add	a,#0xfc
      00009C F5 81            [12]  217 	mov	sp,a
      00009E 22               [24]  218 	ret
                                    219 ;------------------------------------------------------------
                                    220 ;Allocation info for local variables in function 'send_list'
                                    221 ;------------------------------------------------------------
                                    222 ;ptr                       Allocated to stack - sp -4
                                    223 ;buf_list                  Allocated to stack - sp -7
                                    224 ;sent                      Allocated to registers r6 r7 
                                    225 ;------------------------------------------------------------
                                    226 ;	../../core/net/mac/nullrdc-noframer.c:60: send_list(mac_callback_t sent, void *ptr, struct rdc_buf_list *buf_list)
                                    227 ;	-----------------------------------------
                                    228 ;	 function send_list
                                    229 ;	-----------------------------------------
      00009F                        230 _send_list:
      00009F AE 82            [24]  231 	mov	r6,dpl
      0000A1 AF 83            [24]  232 	mov	r7,dph
                                    233 ;	../../core/net/mac/nullrdc-noframer.c:62: if(buf_list != NULL) {
      0000A3 E5 81            [12]  234 	mov	a,sp
      0000A5 24 F9            [12]  235 	add	a,#0xf9
      0000A7 F8               [12]  236 	mov	r0,a
      0000A8 E6               [12]  237 	mov	a,@r0
      0000A9 08               [12]  238 	inc	r0
      0000AA 46               [12]  239 	orl	a,@r0
      0000AB 60 56            [24]  240 	jz	00103$
                                    241 ;	../../core/net/mac/nullrdc-noframer.c:63: queuebuf_to_packetbuf(buf_list->buf);
      0000AD E5 81            [12]  242 	mov	a,sp
      0000AF 24 F9            [12]  243 	add	a,#0xf9
      0000B1 F8               [12]  244 	mov	r0,a
      0000B2 86 03            [24]  245 	mov	ar3,@r0
      0000B4 08               [12]  246 	inc	r0
      0000B5 86 04            [24]  247 	mov	ar4,@r0
      0000B7 08               [12]  248 	inc	r0
      0000B8 86 05            [24]  249 	mov	ar5,@r0
      0000BA 74 03            [12]  250 	mov	a,#0x03
      0000BC 2B               [12]  251 	add	a,r3
      0000BD FB               [12]  252 	mov	r3,a
      0000BE E4               [12]  253 	clr	a
      0000BF 3C               [12]  254 	addc	a,r4
      0000C0 FC               [12]  255 	mov	r4,a
      0000C1 8B 82            [24]  256 	mov	dpl,r3
      0000C3 8C 83            [24]  257 	mov	dph,r4
      0000C5 8D F0            [24]  258 	mov	b,r5
      0000C7 12r00r00         [24]  259 	lcall	__gptrget
      0000CA FB               [12]  260 	mov	r3,a
      0000CB A3               [24]  261 	inc	dptr
      0000CC 12r00r00         [24]  262 	lcall	__gptrget
      0000CF FC               [12]  263 	mov	r4,a
      0000D0 A3               [24]  264 	inc	dptr
      0000D1 12r00r00         [24]  265 	lcall	__gptrget
      0000D4 FD               [12]  266 	mov	r5,a
      0000D5 8B 82            [24]  267 	mov	dpl,r3
      0000D7 8C 83            [24]  268 	mov	dph,r4
      0000D9 8D F0            [24]  269 	mov	b,r5
      0000DB C0 07            [24]  270 	push	ar7
      0000DD C0 06            [24]  271 	push	ar6
      0000DF 12r00r00         [24]  272 	lcall	_queuebuf_to_packetbuf
      0000E2 D0 06            [24]  273 	pop	ar6
      0000E4 D0 07            [24]  274 	pop	ar7
                                    275 ;	../../core/net/mac/nullrdc-noframer.c:64: send_packet(sent, ptr);
      0000E6 E5 81            [12]  276 	mov	a,sp
      0000E8 24 FC            [12]  277 	add	a,#0xfc
      0000EA F8               [12]  278 	mov	r0,a
      0000EB E6               [12]  279 	mov	a,@r0
      0000EC C0 E0            [24]  280 	push	acc
      0000EE 08               [12]  281 	inc	r0
      0000EF E6               [12]  282 	mov	a,@r0
      0000F0 C0 E0            [24]  283 	push	acc
      0000F2 08               [12]  284 	inc	r0
      0000F3 E6               [12]  285 	mov	a,@r0
      0000F4 C0 E0            [24]  286 	push	acc
      0000F6 8E 82            [24]  287 	mov	dpl,r6
      0000F8 8F 83            [24]  288 	mov	dph,r7
      0000FA 12r00r00         [24]  289 	lcall	_send_packet
      0000FD 15 81            [12]  290 	dec	sp
      0000FF 15 81            [12]  291 	dec	sp
      000101 15 81            [12]  292 	dec	sp
      000103                        293 00103$:
                                    294 ;	../../core/net/mac/nullrdc-noframer.c:66: }
      000103 22               [24]  295 	ret
                                    296 ;------------------------------------------------------------
                                    297 ;Allocation info for local variables in function 'packet_input'
                                    298 ;------------------------------------------------------------
                                    299 ;	../../core/net/mac/nullrdc-noframer.c:69: packet_input(void)
                                    300 ;	-----------------------------------------
                                    301 ;	 function packet_input
                                    302 ;	-----------------------------------------
      000104                        303 _packet_input:
                                    304 ;	../../core/net/mac/nullrdc-noframer.c:71: NETSTACK_MAC.input();
      000104 90r00r07         [24]  305 	mov	dptr,#(_csma_driver + 0x0007)
      000107 E4               [12]  306 	clr	a
      000108 93               [24]  307 	movc	a,@a+dptr
      000109 FE               [12]  308 	mov	r6,a
      00010A A3               [24]  309 	inc	dptr
      00010B E4               [12]  310 	clr	a
      00010C 93               [24]  311 	movc	a,@a+dptr
      00010D FF               [12]  312 	mov	r7,a
      00010E C0 07            [24]  313 	push	ar7
      000110 C0 06            [24]  314 	push	ar6
      000112 8E 82            [24]  315 	mov	dpl,r6
      000114 8F 83            [24]  316 	mov	dph,r7
      000116 12r00r00         [24]  317 	lcall	__sdcc_call_dptr
      000119 D0 06            [24]  318 	pop	ar6
      00011B D0 07            [24]  319 	pop	ar7
                                    320 ;	../../core/net/mac/nullrdc-noframer.c:72: }
      00011D 22               [24]  321 	ret
                                    322 ;------------------------------------------------------------
                                    323 ;Allocation info for local variables in function 'on'
                                    324 ;------------------------------------------------------------
                                    325 ;	../../core/net/mac/nullrdc-noframer.c:75: on(void)
                                    326 ;	-----------------------------------------
                                    327 ;	 function on
                                    328 ;	-----------------------------------------
      00011E                        329 _on:
                                    330 ;	../../core/net/mac/nullrdc-noframer.c:77: return NETSTACK_RADIO.on();
      00011E 90r00r10         [24]  331 	mov	dptr,#(_cc2530_rf_driver + 0x0010)
      000121 E4               [12]  332 	clr	a
      000122 93               [24]  333 	movc	a,@a+dptr
      000123 FE               [12]  334 	mov	r6,a
      000124 A3               [24]  335 	inc	dptr
      000125 E4               [12]  336 	clr	a
      000126 93               [24]  337 	movc	a,@a+dptr
      000127 FF               [12]  338 	mov	r7,a
      000128 8E 82            [24]  339 	mov	dpl,r6
      00012A 8F 83            [24]  340 	mov	dph,r7
                                    341 ;	../../core/net/mac/nullrdc-noframer.c:78: }
      00012C 02r00r00         [24]  342 	ljmp	__sdcc_call_dptr
                                    343 ;------------------------------------------------------------
                                    344 ;Allocation info for local variables in function 'off'
                                    345 ;------------------------------------------------------------
                                    346 ;keep_radio_on             Allocated to registers r6 r7 
                                    347 ;------------------------------------------------------------
                                    348 ;	../../core/net/mac/nullrdc-noframer.c:81: off(int keep_radio_on)
                                    349 ;	-----------------------------------------
                                    350 ;	 function off
                                    351 ;	-----------------------------------------
      00012F                        352 _off:
      00012F AE 82            [24]  353 	mov	r6,dpl
      000131 AF 83            [24]  354 	mov	r7,dph
                                    355 ;	../../core/net/mac/nullrdc-noframer.c:83: if(keep_radio_on) {
      000133 EE               [12]  356 	mov	a,r6
      000134 4F               [12]  357 	orl	a,r7
      000135 60 11            [24]  358 	jz	00102$
                                    359 ;	../../core/net/mac/nullrdc-noframer.c:84: return NETSTACK_RADIO.on();
      000137 90r00r10         [24]  360 	mov	dptr,#(_cc2530_rf_driver + 0x0010)
      00013A E4               [12]  361 	clr	a
      00013B 93               [24]  362 	movc	a,@a+dptr
      00013C FE               [12]  363 	mov	r6,a
      00013D A3               [24]  364 	inc	dptr
      00013E E4               [12]  365 	clr	a
      00013F 93               [24]  366 	movc	a,@a+dptr
      000140 FF               [12]  367 	mov	r7,a
      000141 8E 82            [24]  368 	mov	dpl,r6
      000143 8F 83            [24]  369 	mov	dph,r7
      000145 02r00r00         [24]  370 	ljmp	__sdcc_call_dptr
      000148                        371 00102$:
                                    372 ;	../../core/net/mac/nullrdc-noframer.c:86: return NETSTACK_RADIO.off();
      000148 90r00r12         [24]  373 	mov	dptr,#(_cc2530_rf_driver + 0x0012)
      00014B E4               [12]  374 	clr	a
      00014C 93               [24]  375 	movc	a,@a+dptr
      00014D FE               [12]  376 	mov	r6,a
      00014E A3               [24]  377 	inc	dptr
      00014F E4               [12]  378 	clr	a
      000150 93               [24]  379 	movc	a,@a+dptr
      000151 FF               [12]  380 	mov	r7,a
      000152 8E 82            [24]  381 	mov	dpl,r6
      000154 8F 83            [24]  382 	mov	dph,r7
                                    383 ;	../../core/net/mac/nullrdc-noframer.c:88: }
      000156 02r00r00         [24]  384 	ljmp	__sdcc_call_dptr
                                    385 ;------------------------------------------------------------
                                    386 ;Allocation info for local variables in function 'channel_check_interval'
                                    387 ;------------------------------------------------------------
                                    388 ;	../../core/net/mac/nullrdc-noframer.c:91: channel_check_interval(void)
                                    389 ;	-----------------------------------------
                                    390 ;	 function channel_check_interval
                                    391 ;	-----------------------------------------
      000159                        392 _channel_check_interval:
                                    393 ;	../../core/net/mac/nullrdc-noframer.c:93: return 0;
      000159 90 00 00         [24]  394 	mov	dptr,#0x0000
                                    395 ;	../../core/net/mac/nullrdc-noframer.c:94: }
      00015C 22               [24]  396 	ret
                                    397 ;------------------------------------------------------------
                                    398 ;Allocation info for local variables in function 'init'
                                    399 ;------------------------------------------------------------
                                    400 ;	../../core/net/mac/nullrdc-noframer.c:97: init(void)
                                    401 ;	-----------------------------------------
                                    402 ;	 function init
                                    403 ;	-----------------------------------------
      00015D                        404 _init:
                                    405 ;	../../core/net/mac/nullrdc-noframer.c:99: on();
                                    406 ;	../../core/net/mac/nullrdc-noframer.c:100: }
      00015D 02r01r1E         [24]  407 	ljmp	_on
                                    408 	.area CSEG    (CODE)
                                    409 	.area CONST   (CODE)
      000000                        410 _nullrdc_noframer_driver:
      000000r11s00 80               411 	.byte __str_0, (__str_0 >> 8),#0x80
      000003r5Ds01                  412 	.byte _init, (_init >> 8)
      000005r00s00                  413 	.byte _send_packet, (_send_packet >> 8)
      000007r9Fs00                  414 	.byte _send_list, (_send_list >> 8)
      000009r04s01                  415 	.byte _packet_input, (_packet_input >> 8)
      00000Br1Es01                  416 	.byte _on, (_on >> 8)
      00000Dr2Fs01                  417 	.byte _off, (_off >> 8)
      00000Fr59s01                  418 	.byte _channel_check_interval, (_channel_check_interval >> 8)
                                    419 	.area CONST   (CODE)
      000011                        420 __str_0:
      000011 6E 75 6C 6C 72 64 63   421 	.ascii "nullrdc-noframer"
             2D 6E 6F 66 72 61 6D
             65 72
      000021 00                     422 	.db 0x00
                                    423 	.area CSEG    (CODE)
                                    424 	.area XINIT   (CODE)
                                    425 	.area CABS    (ABS,CODE)
