                                      1 ;--------------------------------------------------------
                                      2 ; File Created by SDCC : free open source ANSI-C Compiler
                                      3 ; Version 4.0.0 #11528 (Linux)
                                      4 ;--------------------------------------------------------
                                      5 	.module rimeaddr
                                      6 	.optsdcc -mmcs51 --model-large
                                      7 	
                                      8 ;--------------------------------------------------------
                                      9 ; Public variables in this module
                                     10 ;--------------------------------------------------------
                                     11 	.globl _rimeaddr_null
                                     12 	.globl _rimeaddr_node_addr
                                     13 	.globl _rimeaddr_copy
                                     14 	.globl _rimeaddr_cmp
                                     15 	.globl _rimeaddr_set_node_addr
                                     16 ;--------------------------------------------------------
                                     17 ; special function registers
                                     18 ;--------------------------------------------------------
                                     19 	.area RSEG    (ABS,DATA)
      000000                         20 	.org 0x0000
                                     21 ;--------------------------------------------------------
                                     22 ; special function bits
                                     23 ;--------------------------------------------------------
                                     24 	.area RSEG    (ABS,DATA)
      000000                         25 	.org 0x0000
                                     26 ;--------------------------------------------------------
                                     27 ; overlayable register banks
                                     28 ;--------------------------------------------------------
                                     29 	.area REG_BANK_0	(REL,OVR,DATA)
      000000                         30 	.ds 8
                                     31 ;--------------------------------------------------------
                                     32 ; internal ram data
                                     33 ;--------------------------------------------------------
                                     34 	.area DSEG    (DATA)
                                     35 ;--------------------------------------------------------
                                     36 ; overlayable items in internal ram 
                                     37 ;--------------------------------------------------------
                                     38 ;--------------------------------------------------------
                                     39 ; indirectly addressable internal ram data
                                     40 ;--------------------------------------------------------
                                     41 	.area ISEG    (DATA)
                                     42 ;--------------------------------------------------------
                                     43 ; absolute internal ram data
                                     44 ;--------------------------------------------------------
                                     45 	.area IABS    (ABS,DATA)
                                     46 	.area IABS    (ABS,DATA)
                                     47 ;--------------------------------------------------------
                                     48 ; bit data
                                     49 ;--------------------------------------------------------
                                     50 	.area BSEG    (BIT)
                                     51 ;--------------------------------------------------------
                                     52 ; paged external ram data
                                     53 ;--------------------------------------------------------
                                     54 	.area PSEG    (PAG,XDATA)
                                     55 ;--------------------------------------------------------
                                     56 ; external ram data
                                     57 ;--------------------------------------------------------
                                     58 	.area XSEG    (XDATA)
      000000                         59 _rimeaddr_node_addr::
      000000                         60 	.ds 2
                                     61 ;--------------------------------------------------------
                                     62 ; absolute external ram data
                                     63 ;--------------------------------------------------------
                                     64 	.area XABS    (ABS,XDATA)
                                     65 ;--------------------------------------------------------
                                     66 ; external initialized ram data
                                     67 ;--------------------------------------------------------
                                     68 	.area XISEG   (XDATA)
                                     69 	.area HOME    (CODE)
                                     70 	.area GSINIT0 (CODE)
                                     71 	.area GSINIT1 (CODE)
                                     72 	.area GSINIT2 (CODE)
                                     73 	.area GSINIT3 (CODE)
                                     74 	.area GSINIT4 (CODE)
                                     75 	.area GSINIT5 (CODE)
                                     76 	.area GSINIT  (CODE)
                                     77 	.area GSFINAL (CODE)
                                     78 	.area CSEG    (CODE)
                                     79 ;--------------------------------------------------------
                                     80 ; global & static initialisations
                                     81 ;--------------------------------------------------------
                                     82 	.area HOME    (CODE)
                                     83 	.area GSINIT  (CODE)
                                     84 	.area GSFINAL (CODE)
                                     85 	.area GSINIT  (CODE)
                                     86 ;--------------------------------------------------------
                                     87 ; Home
                                     88 ;--------------------------------------------------------
                                     89 	.area HOME    (CODE)
                                     90 	.area HOME    (CODE)
                                     91 ;--------------------------------------------------------
                                     92 ; code
                                     93 ;--------------------------------------------------------
                                     94 	.area CSEG    (CODE)
                                     95 ;------------------------------------------------------------
                                     96 ;Allocation info for local variables in function 'rimeaddr_copy'
                                     97 ;------------------------------------------------------------
                                     98 ;src                       Allocated to stack - sp -8
                                     99 ;dest                      Allocated to stack - sp -3
                                    100 ;i                         Allocated to stack - sp +0
                                    101 ;------------------------------------------------------------
                                    102 ;	../../core/net/rime/rimeaddr.c:59: rimeaddr_copy(rimeaddr_t *dest, const rimeaddr_t *src)
                                    103 ;	-----------------------------------------
                                    104 ;	 function rimeaddr_copy
                                    105 ;	-----------------------------------------
      000000                        106 _rimeaddr_copy:
                           000007   107 	ar7 = 0x07
                           000006   108 	ar6 = 0x06
                           000005   109 	ar5 = 0x05
                           000004   110 	ar4 = 0x04
                           000003   111 	ar3 = 0x03
                           000002   112 	ar2 = 0x02
                           000001   113 	ar1 = 0x01
                           000000   114 	ar0 = 0x00
      000000 C0 82            [24]  115 	push	dpl
      000002 C0 83            [24]  116 	push	dph
      000004 C0 F0            [24]  117 	push	b
      000006 05 81            [12]  118 	inc	sp
                                    119 ;	../../core/net/rime/rimeaddr.c:62: for(i = 0; i < RIMEADDR_SIZE; i++) {
      000008 A8 81            [24]  120 	mov	r0,sp
      00000A 76 00            [12]  121 	mov	@r0,#0x00
      00000C                        122 00102$:
                                    123 ;	../../core/net/rime/rimeaddr.c:63: dest->u8[i] = src->u8[i];
      00000C E5 81            [12]  124 	mov	a,sp
      00000E 24 FD            [12]  125 	add	a,#0xfd
      000010 F8               [12]  126 	mov	r0,a
      000011 A9 81            [24]  127 	mov	r1,sp
      000013 E7               [12]  128 	mov	a,@r1
      000014 26               [12]  129 	add	a,@r0
      000015 FA               [12]  130 	mov	r2,a
      000016 E4               [12]  131 	clr	a
      000017 08               [12]  132 	inc	r0
      000018 36               [12]  133 	addc	a,@r0
      000019 FB               [12]  134 	mov	r3,a
      00001A 08               [12]  135 	inc	r0
      00001B 86 07            [24]  136 	mov	ar7,@r0
      00001D E5 81            [12]  137 	mov	a,sp
      00001F 24 F8            [12]  138 	add	a,#0xf8
      000021 F8               [12]  139 	mov	r0,a
      000022 86 04            [24]  140 	mov	ar4,@r0
      000024 08               [12]  141 	inc	r0
      000025 86 05            [24]  142 	mov	ar5,@r0
      000027 08               [12]  143 	inc	r0
      000028 86 06            [24]  144 	mov	ar6,@r0
      00002A A8 81            [24]  145 	mov	r0,sp
      00002C E6               [12]  146 	mov	a,@r0
      00002D 2C               [12]  147 	add	a,r4
      00002E FC               [12]  148 	mov	r4,a
      00002F E4               [12]  149 	clr	a
      000030 3D               [12]  150 	addc	a,r5
      000031 FD               [12]  151 	mov	r5,a
      000032 8C 82            [24]  152 	mov	dpl,r4
      000034 8D 83            [24]  153 	mov	dph,r5
      000036 8E F0            [24]  154 	mov	b,r6
      000038 12r00r00         [24]  155 	lcall	__gptrget
      00003B 8A 82            [24]  156 	mov	dpl,r2
      00003D 8B 83            [24]  157 	mov	dph,r3
      00003F 8F F0            [24]  158 	mov	b,r7
      000041 12r00r00         [24]  159 	lcall	__gptrput
                                    160 ;	../../core/net/rime/rimeaddr.c:62: for(i = 0; i < RIMEADDR_SIZE; i++) {
      000044 A8 81            [24]  161 	mov	r0,sp
      000046 06               [12]  162 	inc	@r0
      000047 A8 81            [24]  163 	mov	r0,sp
      000049 B6 02 00         [24]  164 	cjne	@r0,#0x02,00111$
      00004C                        165 00111$:
      00004C 40 BE            [24]  166 	jc	00102$
                                    167 ;	../../core/net/rime/rimeaddr.c:65: }
      00004E E5 81            [12]  168 	mov	a,sp
      000050 24 FC            [12]  169 	add	a,#0xfc
      000052 F5 81            [12]  170 	mov	sp,a
      000054 22               [24]  171 	ret
                                    172 ;------------------------------------------------------------
                                    173 ;Allocation info for local variables in function 'rimeaddr_cmp'
                                    174 ;------------------------------------------------------------
                                    175 ;addr2                     Allocated to stack - sp -8
                                    176 ;addr1                     Allocated to stack - sp -3
                                    177 ;i                         Allocated to stack - sp +0
                                    178 ;------------------------------------------------------------
                                    179 ;	../../core/net/rime/rimeaddr.c:68: rimeaddr_cmp(const rimeaddr_t *addr1, const rimeaddr_t *addr2)
                                    180 ;	-----------------------------------------
                                    181 ;	 function rimeaddr_cmp
                                    182 ;	-----------------------------------------
      000055                        183 _rimeaddr_cmp:
      000055 C0 82            [24]  184 	push	dpl
      000057 C0 83            [24]  185 	push	dph
      000059 C0 F0            [24]  186 	push	b
      00005B 05 81            [12]  187 	inc	sp
                                    188 ;	../../core/net/rime/rimeaddr.c:71: for(i = 0; i < RIMEADDR_SIZE; i++) {
      00005D A8 81            [24]  189 	mov	r0,sp
      00005F 76 00            [12]  190 	mov	@r0,#0x00
      000061                        191 00104$:
                                    192 ;	../../core/net/rime/rimeaddr.c:72: if(addr1->u8[i] != addr2->u8[i]) {
      000061 E5 81            [12]  193 	mov	a,sp
      000063 24 FD            [12]  194 	add	a,#0xfd
      000065 F8               [12]  195 	mov	r0,a
      000066 A9 81            [24]  196 	mov	r1,sp
      000068 E7               [12]  197 	mov	a,@r1
      000069 26               [12]  198 	add	a,@r0
      00006A FA               [12]  199 	mov	r2,a
      00006B E4               [12]  200 	clr	a
      00006C 08               [12]  201 	inc	r0
      00006D 36               [12]  202 	addc	a,@r0
      00006E FB               [12]  203 	mov	r3,a
      00006F 08               [12]  204 	inc	r0
      000070 86 07            [24]  205 	mov	ar7,@r0
      000072 E5 81            [12]  206 	mov	a,sp
      000074 24 F8            [12]  207 	add	a,#0xf8
      000076 F8               [12]  208 	mov	r0,a
      000077 86 04            [24]  209 	mov	ar4,@r0
      000079 08               [12]  210 	inc	r0
      00007A 86 05            [24]  211 	mov	ar5,@r0
      00007C 08               [12]  212 	inc	r0
      00007D 86 06            [24]  213 	mov	ar6,@r0
      00007F A8 81            [24]  214 	mov	r0,sp
      000081 E6               [12]  215 	mov	a,@r0
      000082 2C               [12]  216 	add	a,r4
      000083 FC               [12]  217 	mov	r4,a
      000084 E4               [12]  218 	clr	a
      000085 3D               [12]  219 	addc	a,r5
      000086 FD               [12]  220 	mov	r5,a
      000087 8A 82            [24]  221 	mov	dpl,r2
      000089 8B 83            [24]  222 	mov	dph,r3
      00008B 8F F0            [24]  223 	mov	b,r7
      00008D 12r00r00         [24]  224 	lcall	__gptrget
      000090 FA               [12]  225 	mov	r2,a
      000091 8C 82            [24]  226 	mov	dpl,r4
      000093 8D 83            [24]  227 	mov	dph,r5
      000095 8E F0            [24]  228 	mov	b,r6
      000097 12r00r00         [24]  229 	lcall	__gptrget
      00009A FC               [12]  230 	mov	r4,a
      00009B EA               [12]  231 	mov	a,r2
      00009C B5 04 02         [24]  232 	cjne	a,ar4,00120$
      00009F 80 05            [24]  233 	sjmp	00105$
      0000A1                        234 00120$:
                                    235 ;	../../core/net/rime/rimeaddr.c:73: return 0;
      0000A1 90 00 00         [24]  236 	mov	dptr,#0x0000
      0000A4 80 0D            [24]  237 	sjmp	00106$
      0000A6                        238 00105$:
                                    239 ;	../../core/net/rime/rimeaddr.c:71: for(i = 0; i < RIMEADDR_SIZE; i++) {
      0000A6 A8 81            [24]  240 	mov	r0,sp
      0000A8 06               [12]  241 	inc	@r0
      0000A9 A8 81            [24]  242 	mov	r0,sp
      0000AB B6 02 00         [24]  243 	cjne	@r0,#0x02,00121$
      0000AE                        244 00121$:
      0000AE 40 B1            [24]  245 	jc	00104$
                                    246 ;	../../core/net/rime/rimeaddr.c:76: return 1;
      0000B0 90 00 01         [24]  247 	mov	dptr,#0x0001
      0000B3                        248 00106$:
                                    249 ;	../../core/net/rime/rimeaddr.c:77: }
      0000B3 E5 81            [12]  250 	mov	a,sp
      0000B5 24 FC            [12]  251 	add	a,#0xfc
      0000B7 F5 81            [12]  252 	mov	sp,a
      0000B9 22               [24]  253 	ret
                                    254 ;------------------------------------------------------------
                                    255 ;Allocation info for local variables in function 'rimeaddr_set_node_addr'
                                    256 ;------------------------------------------------------------
                                    257 ;t                         Allocated to registers r5 r6 r7 
                                    258 ;------------------------------------------------------------
                                    259 ;	../../core/net/rime/rimeaddr.c:80: rimeaddr_set_node_addr(rimeaddr_t *t)
                                    260 ;	-----------------------------------------
                                    261 ;	 function rimeaddr_set_node_addr
                                    262 ;	-----------------------------------------
      0000BA                        263 _rimeaddr_set_node_addr:
      0000BA AD 82            [24]  264 	mov	r5,dpl
      0000BC AE 83            [24]  265 	mov	r6,dph
      0000BE AF F0            [24]  266 	mov	r7,b
                                    267 ;	../../core/net/rime/rimeaddr.c:82: rimeaddr_copy(&rimeaddr_node_addr, t);
      0000C0 C0 05            [24]  268 	push	ar5
      0000C2 C0 06            [24]  269 	push	ar6
      0000C4 C0 07            [24]  270 	push	ar7
      0000C6 90r00r00         [24]  271 	mov	dptr,#_rimeaddr_node_addr
      0000C9 75 F0 00         [24]  272 	mov	b,#0x00
      0000CC 12r00r00         [24]  273 	lcall	_rimeaddr_copy
      0000CF 15 81            [12]  274 	dec	sp
      0000D1 15 81            [12]  275 	dec	sp
      0000D3 15 81            [12]  276 	dec	sp
                                    277 ;	../../core/net/rime/rimeaddr.c:83: }
      0000D5 22               [24]  278 	ret
                                    279 	.area CSEG    (CODE)
                                    280 	.area CONST   (CODE)
      000000                        281 _rimeaddr_null:
      000000 00                     282 	.db #0x00	; 0
      000001 00                     283 	.db #0x00	; 0
                                    284 	.area XINIT   (CODE)
                                    285 	.area CABS    (ABS,CODE)
